Archive member included to satisfy reference by file (symbol)

C:\Users\pea\Desktop\À¶ÑÀÄ£¿éEVT202303132212\EVT\EXAM\SRC\StdPeriphDriver\libISP573.a(ISP573.o)
                              ./StdPeriphDriver/CH57x_adc.o (FLASH_EEPROM_CMD)
C:\Users\pea\Desktop\À¶ÑÀÄ£¿éEVT202303132212\EVT\EXAM\BLE\LIB\libCH57xBLE.a(message.o)
                              ./Profile/hiddev.o (tmos_msg_deallocate)
C:\Users\pea\Desktop\À¶ÑÀÄ£¿éEVT202303132212\EVT\EXAM\BLE\LIB\libCH57xBLE.a(tmos.o)
                              ./Profile/battservice.o (tmos_memcpy)
C:\Users\pea\Desktop\À¶ÑÀÄ£¿éEVT202303132212\EVT\EXAM\BLE\LIB\libCH57xBLE.a(tmos_hw.o)
                              C:\Users\pea\Desktop\À¶ÑÀÄ£¿éEVT202303132212\EVT\EXAM\BLE\LIB\libCH57xBLE.a(tmos.o) (RTC_Get32KClock)
C:\Users\pea\Desktop\À¶ÑÀÄ£¿éEVT202303132212\EVT\EXAM\BLE\LIB\libCH57xBLE.a(tmos_snv.o)
                              C:\Users\pea\Desktop\À¶ÑÀÄ£¿éEVT202303132212\EVT\EXAM\BLE\LIB\libCH57xBLE.a(tmos.o) (tmos_snv_init)
C:\Users\pea\Desktop\À¶ÑÀÄ£¿éEVT202303132212\EVT\EXAM\BLE\LIB\libCH57xBLE.a(gap.o)
                              ./Profile/hiddev.o (GAP_SetParamValue)
C:\Users\pea\Desktop\À¶ÑÀÄ£¿éEVT202303132212\EVT\EXAM\BLE\LIB\libCH57xBLE.a(gap_central.o)
                              C:\Users\pea\Desktop\À¶ÑÀÄ£¿éEVT202303132212\EVT\EXAM\BLE\LIB\libCH57xBLE.a(gap.o) (GAP_CentralParamInit)
C:\Users\pea\Desktop\À¶ÑÀÄ£¿éEVT202303132212\EVT\EXAM\BLE\LIB\libCH57xBLE.a(gap_peripheral.o)
                              C:\Users\pea\Desktop\À¶ÑÀÄ£¿éEVT202303132212\EVT\EXAM\BLE\LIB\libCH57xBLE.a(gap.o) (GAP_PeripheralParamInit)
C:\Users\pea\Desktop\À¶ÑÀÄ£¿éEVT202303132212\EVT\EXAM\BLE\LIB\libCH57xBLE.a(gapgattserver.o)
                              ./APP/hidconsumer.o (GGS_SetParameter)
C:\Users\pea\Desktop\À¶ÑÀÄ£¿éEVT202303132212\EVT\EXAM\BLE\LIB\libCH57xBLE.a(gatt.o)
                              ./Profile/battservice.o (GATT_bm_alloc)
C:\Users\pea\Desktop\À¶ÑÀÄ£¿éEVT202303132212\EVT\EXAM\BLE\LIB\libCH57xBLE.a(gatt_uuid.o)
                              ./Profile/battservice.o (reportRefUUID)
C:\Users\pea\Desktop\À¶ÑÀÄ£¿éEVT202303132212\EVT\EXAM\BLE\LIB\libCH57xBLE.a(gattclientapp.o)
                              C:\Users\pea\Desktop\À¶ÑÀÄ£¿éEVT202303132212\EVT\EXAM\BLE\LIB\libCH57xBLE.a(gatt.o) (gattGetClientStatus)
C:\Users\pea\Desktop\À¶ÑÀÄ£¿éEVT202303132212\EVT\EXAM\BLE\LIB\libCH57xBLE.a(gattservapp.o)
                              ./Profile/battservice.o (GATTServApp_ReadCharCfg)
C:\Users\pea\Desktop\À¶ÑÀÄ£¿éEVT202303132212\EVT\EXAM\BLE\LIB\libCH57xBLE.a(l2cap.o)
                              C:\Users\pea\Desktop\À¶ÑÀÄ£¿éEVT202303132212\EVT\EXAM\BLE\LIB\libCH57xBLE.a(gatt.o) (L2CAP_GetMTU)
C:\Users\pea\Desktop\À¶ÑÀÄ£¿éEVT202303132212\EVT\EXAM\BLE\LIB\libCH57xBLE.a(l2cap_input.o)
                              C:\Users\pea\Desktop\À¶ÑÀÄ£¿éEVT202303132212\EVT\EXAM\BLE\LIB\libCH57xBLE.a(l2cap.o) (l2capProcessRxData)
C:\Users\pea\Desktop\À¶ÑÀÄ£¿éEVT202303132212\EVT\EXAM\BLE\LIB\libCH57xBLE.a(l2cap_output.o)
                              C:\Users\pea\Desktop\À¶ÑÀÄ£¿éEVT202303132212\EVT\EXAM\BLE\LIB\libCH57xBLE.a(l2cap_input.o) (l2capNotifyData)
C:\Users\pea\Desktop\À¶ÑÀÄ£¿éEVT202303132212\EVT\EXAM\BLE\LIB\libCH57xBLE.a(l2cap_sdu.o)
                              C:\Users\pea\Desktop\À¶ÑÀÄ£¿éEVT202303132212\EVT\EXAM\BLE\LIB\libCH57xBLE.a(l2cap_input.o) (l2capBuildDisconnectRsp)
C:\Users\pea\Desktop\À¶ÑÀÄ£¿éEVT202303132212\EVT\EXAM\BLE\LIB\libCH57xBLE.a(linkdb.o)
                              C:\Users\pea\Desktop\À¶ÑÀÄ£¿éEVT202303132212\EVT\EXAM\BLE\LIB\libCH57xBLE.a(l2cap.o) (linkDB_Init)
C:\Users\pea\Desktop\À¶ÑÀÄ£¿éEVT202303132212\EVT\EXAM\BLE\LIB\libCH57xBLE.a(sm.o)
                              C:\Users\pea\Desktop\À¶ÑÀÄ£¿éEVT202303132212\EVT\EXAM\BLE\LIB\libCH57xBLE.a(gap.o) (smStartEncryption)
C:\Users\pea\Desktop\À¶ÑÀÄ£¿éEVT202303132212\EVT\EXAM\BLE\LIB\libCH57xBLE.a(host_input.o)
                              C:\Users\pea\Desktop\À¶ÑÀÄ£¿éEVT202303132212\EVT\EXAM\BLE\LIB\libCH57xBLE.a(gap.o) (gBleHostPara)
C:\Users\pea\Desktop\À¶ÑÀÄ£¿éEVT202303132212\EVT\EXAM\BLE\LIB\libCH57xBLE.a(host_output.o)
                              C:\Users\pea\Desktop\À¶ÑÀÄ£¿éEVT202303132212\EVT\EXAM\BLE\LIB\libCH57xBLE.a(gap.o) (HCI_DisconnectCmd)
C:\Users\pea\Desktop\À¶ÑÀÄ£¿éEVT202303132212\EVT\EXAM\BLE\LIB\libCH57xBLE.a(ll_connect.o)
                              C:\Users\pea\Desktop\À¶ÑÀÄ£¿éEVT202303132212\EVT\EXAM\BLE\LIB\libCH57xBLE.a(tmos.o) (LL_GetNextConnectEventTime)
C:\Users\pea\Desktop\À¶ÑÀÄ£¿éEVT202303132212\EVT\EXAM\BLE\LIB\libCH57xBLE.a(ll_core.o)
                              C:\Users\pea\Desktop\À¶ÑÀÄ£¿éEVT202303132212\EVT\EXAM\BLE\LIB\libCH57xBLE.a(ll_connect.o) (LL_CoreGetCore)
C:\Users\pea\Desktop\À¶ÑÀÄ£¿éEVT202303132212\EVT\EXAM\BLE\LIB\libCH57xBLE.a(ll_hop.o)
                              C:\Users\pea\Desktop\À¶ÑÀÄ£¿éEVT202303132212\EVT\EXAM\BLE\LIB\libCH57xBLE.a(ll_connect.o) (LL_HopGetChannel)
[...]
Memory Configuration

Name             Origin             Length             Attributes
FLASH            0x0000000000000000 0x0000000000070000 xr
RAM              0x0000000020003800 0x0000000000004800 xrw
*default*        0x0000000000000000 0xffffffffffffffff

Linker script and memory map

LOAD ./StdPeriphDriver/CH57x_adc.o
LOAD ./StdPeriphDriver/CH57x_clk.o
LOAD ./StdPeriphDriver/CH57x_flash.o
LOAD ./StdPeriphDriver/CH57x_gpio.o
LOAD ./StdPeriphDriver/CH57x_pwr.o
LOAD ./StdPeriphDriver/CH57x_sys.o
LOAD ./StdPeriphDriver/CH57x_uart0.o
LOAD ./StdPeriphDriver/CH57x_uart1.o
LOAD ./Startup/startup_CH573.o
LOAD ./RVMSIS/core_riscv.o
LOAD ./Profile/battservice.o
LOAD ./Profile/devinfoservice.o
LOAD ./Profile/gattprofile.o
LOAD ./Profile/hidconsumerservice.o
LOAD ./Profile/hiddev.o
LOAD ./Profile/scanparamservice.o
LOAD ./HAL/MCU.o
LOAD ./HAL/RTC.o
LOAD ./HAL/SLEEP.o
LOAD ./APP/app_drv_fifo/app_drv_fifo.o
LOAD ./APP/UserCode.o
LOAD ./APP/hidconsumer.o
LOAD ./APP/hidconsumer_main.o
LOAD ./APP/peripheral.o
LOAD C:\Users\pea\Desktop\À¶ÑÀÄ£¿éEVT202303132212\EVT\EXAM\SRC\StdPeriphDriver\libISP573.a
LOAD C:\Users\pea\Desktop\À¶ÑÀÄ£¿éEVT202303132212\EVT\EXAM\BLE\LIB\libCH57xBLE.a
LOAD d:/mounriver/mounriver_studio/toolchain/risc-v embedded gcc/bin/../lib/gcc/riscv-none-embed/8.2.0/rv32imac/ilp32\libgcc.a
LOAD d:/mounriver/mounriver_studio/toolchain/risc-v embedded gcc/bin/../lib/gcc/riscv-none-embed/8.2.0/../../../../riscv-none-embed/lib/rv32imac/ilp32\libg_nano.a
LOAD d:/mounriver/mounriver_studio/toolchain/risc-v embedded gcc/bin/../lib/gcc/riscv-none-embed/8.2.0/../../../../riscv-none-embed/lib/rv32imac/ilp32\libc_nano.a
LOAD d:/mounriver/mounriver_studio/toolchain/risc-v embedded gcc/bin/../lib/gcc/riscv-none-embed/8.2.0/rv32imac/ilp32\libgcc.a
START GROUP
LOAD d:/mounriver/mounriver_studio/toolchain/risc-v embedded gcc/bin/../lib/gcc/riscv-none-embed/8.2.0/rv32imac/ilp32\libgcc.a
LOAD d:/mounriver/mounriver_studio/toolchain/risc-v embedded gcc/bin/../lib/gcc/riscv-none-embed/8.2.0/../../../../riscv-none-embed/lib/rv32imac/ilp32\libc_nano.a
LOAD d:/mounriver/mounriver_studio/toolchain/risc-v embedded gcc/bin/../lib/gcc/riscv-none-embed/8.2.0/../../../../riscv-none-embed/lib/rv32imac/ilp32\libnosys.a
END GROUP
START GROUP
LOAD d:/mounriver/mounriver_studio/toolchain/risc-v embedded gcc/bin/../lib/gcc/riscv-none-embed/8.2.0/rv32imac/ilp32\libgcc.a
LOAD d:/mounriver/mounriver_studio/toolchain/risc-v embedded gcc/bin/../lib/gcc/riscv-none-embed/8.2.0/../../../../riscv-none-embed/lib/rv32imac/ilp32\libc_nano.a
LOAD d:/mounriver/mounriver_studio/toolchain/risc-v embedded gcc/bin/../lib/gcc/riscv-none-embed/8.2.0/../../../../riscv-none-embed/lib/rv32imac/ilp32\libnosys.a
END GROUP

.init           0x0000000000000000        0x4
                0x0000000000000000                _sinit = .
                0x0000000000000000                . = ALIGN (0x4)
 *(SORT_NONE(.init))
 .init          0x0000000000000000        0x4 ./Startup/startup_CH573.o
                0x0000000000000000                _start
                0x0000000000000004                . = ALIGN (0x4)
                0x0000000000000004                _einit = .

.highcodelalign
                0x0000000000000004        0x0
                0x0000000000000004                . = ALIGN (0x4)
                0x0000000000000004                PROVIDE (_highcode_lma = .)

.highcode       0x0000000020003800     0x124c load address 0x0000000000000004
                0x0000000020003800                . = ALIGN (0x4)
                0x0000000020003800                PROVIDE (_highcode_vma_start = .)
 *(.vector)
 .vector        0x0000000020003800       0x90 ./Startup/startup_CH573.o
 *(SORT_NONE(.vector_handler))
 .vector_handler
                0x0000000020003890       0x2c ./Startup/startup_CH573.o
                0x0000000020003890                NMI_Handler
                0x0000000020003894                SysTick_Handler
                0x0000000020003896                SW_Handler
                0x0000000020003898                TMR0_IRQHandler
                0x000000002000389a                GPIOA_IRQHandler
                0x000000002000389c                GPIOB_IRQHandler
                0x000000002000389e                SPI0_IRQHandler
                0x00000000200038a0                BB_IRQHandler
                0x00000000200038a2                LLE_IRQHandler
                0x00000000200038a4                USB_IRQHandler
                0x00000000200038a6                TMR1_IRQHandler
                0x00000000200038a8                TMR2_IRQHandler
                0x00000000200038ac                UART1_IRQHandler
                0x00000000200038b0                ADC_IRQHandler
                0x00000000200038b2                PWMX_IRQHandler
                0x00000000200038b4                TMR3_IRQHandler
                0x00000000200038b6                UART2_IRQHandler
                0x00000000200038b8                UART3_IRQHandler
                0x00000000200038ba                WDOG_BAT_IRQHandler
 *(.highcode)
 .highcode      0x00000000200038bc       0x4a ./StdPeriphDriver/CH57x_clk.o
                0x00000000200038bc                Get_Calibration_Cnt_RAM
 .highcode      0x0000000020003906      0x1a0 ./StdPeriphDriver/CH57x_sys.o
                0x0000000020003906                SetSysClock
                0x0000000020003a02                SYS_ResetExecute
                0x0000000020003a3a                HardFault_Handler
                0x0000000020003a70                mDelayuS
                0x0000000020003a7e                mDelaymS
 .highcode      0x0000000020003aa6       0x16 ./HAL/RTC.o
                0x0000000020003aa6                RTC_IRQHandler
 .highcode      0x0000000020003abc       0xa6 ./APP/UserCode.o
                0x0000000020003abc                UART0_IRQHandler
 .highcode      0x0000000020003b62       0x10 ./APP/hidconsumer_main.o
                0x0000000020003b62                Main_Circulation
 .highcode      0x0000000020003b72      0x3ee C:\Users\pea\Desktop\À¶ÑÀÄ£¿éEVT202303132212\EVT\EXAM\SRC\StdPeriphDriver\libISP573.a(ISP573.o)
                0x0000000020003b72                FLASH_ROM_BEG
                0x0000000020003b84                FLASH_ROM_END
                0x0000000020003b92                FLASH_ROM_IN
                0x0000000020003ba0                FLASH_ROM_OUT
                0x0000000020003bae                FLASH_ROM_ADDR
                0x0000000020003bf6                FLASH_ROM_WAIT
                0x0000000020003c2e                FLASH_EEPROM_CMD
 .highcode      0x0000000020003f60      0x23a C:\Users\pea\Desktop\À¶ÑÀÄ£¿éEVT202303132212\EVT\EXAM\BLE\LIB\libCH57xBLE.a(tmos.o)
                0x0000000020003f80                tmos_memcpy
                0x0000000020003fa0                tmos_memcpy_word
                0x0000000020003fbc                TMOS_SystemProcess
 .highcode      0x000000002000419a       0xc2 C:\Users\pea\Desktop\À¶ÑÀÄ£¿éEVT202303132212\EVT\EXAM\BLE\LIB\libCH57xBLE.a(tmos_hw.o)
                0x000000002000419a                BLE_GetHSEClock
                0x00000000200041d8                RTC_Get32KClock
                0x00000000200041f0                SYS_GetTickCount
 .highcode      0x000000002000425c      0x13a C:\Users\pea\Desktop\À¶ÑÀÄ£¿éEVT202303132212\EVT\EXAM\BLE\LIB\libCH57xBLE.a(ll_connect.o)
                0x000000002000425c                ll_connect_process_data
                0x00000000200042aa                ll_connect_event_continue
 .highcode      0x0000000020004396      0x1b8 C:\Users\pea\Desktop\À¶ÑÀÄ£¿éEVT202303132212\EVT\EXAM\BLE\LIB\libCH57xBLE.a(bb.o)
                0x0000000020004396                BB_RAM_IRQHandler
 .highcode      0x000000002000454e      0x198 C:\Users\pea\Desktop\À¶ÑÀÄ£¿éEVT202303132212\EVT\EXAM\BLE\LIB\libCH57xBLE.a(ip.o)
                0x000000002000454e                ll_tx_wait_finish
                0x000000002000457a                ll_tx_wait_tx_dma
                0x00000000200045d8                ll_rx_wait_finish
                0x000000002000460e                ll_rx_wait_tx_dma
                0x000000002000465c                ble_ll_chkcrc
 .highcode      0x00000000200046e6      0x17c C:\Users\pea\Desktop\À¶ÑÀÄ£¿éEVT202303132212\EVT\EXAM\BLE\LIB\libCH57xBLE.a(lle.o)
                0x00000000200046e6                LLE_RAM_IRQHandler
 .highcode      0x0000000020004862       0x82 C:\Users\pea\Desktop\À¶ÑÀÄ£¿éEVT202303132212\EVT\EXAM\BLE\LIB\libCH57xBLE.a(rf_fh.o)
                0x0000000020004862                RF_HopGetChannel
 .highcode      0x00000000200048e4       0x2c C:\Users\pea\Desktop\À¶ÑÀÄ£¿éEVT202303132212\EVT\EXAM\BLE\LIB\libCH57xBLE.a(rfend.o)
                0x00000000200048e4                RFEND_WaitTune
 .highcode      0x0000000020004910      0x13a C:\Users\pea\Desktop\À¶ÑÀÄ£¿éEVT202303132212\EVT\EXAM\BLE\LIB\libCH57xBLE.a(memory.o)
                0x0000000020004910                tmos_memory_allocate
                0x00000000200049aa                tmos_memory_free
 *(.highcode.*)
                0x0000000020004a4c                . = ALIGN (0x4)
 *fill*         0x0000000020004a4a        0x2 
                0x0000000020004a4c                PROVIDE (_highcode_vma_end = .)

.text           0x0000000000001250    0x1d670
                0x0000000000001250                . = ALIGN (0x4)
 *(SORT_NONE(.handle_reset))
 .handle_reset  0x0000000000001250       0xa2 ./Startup/startup_CH573.o
                0x0000000000001250                handle_reset
 *(.text)
 .text          0x00000000000012f2       0xa8 d:/mounriver/mounriver_studio/toolchain/risc-v embedded gcc/bin/../lib/gcc/riscv-none-embed/8.2.0/../../../../riscv-none-embed/lib/rv32imac/ilp32\libg_nano.a(lib_a-memset.o)
                0x00000000000012f2                memset
 *(.text.*)
 .text.ADC_InterTSSampInit
                0x000000000000139a       0x28 ./StdPeriphDriver/CH57x_adc.o
                0x000000000000139a                ADC_InterTSSampInit
 .text.Calibration_LSI_FLASH
                0x00000000000013c2      0x26e ./StdPeriphDriver/CH57x_clk.o
                0x00000000000013c2                Calibration_LSI_FLASH
 .text.Calibration_LSI_RAM
                0x0000000000001630      0x22c ./StdPeriphDriver/CH57x_clk.o
                0x0000000000001630                Calibration_LSI_RAM
 .text.RTC_InitTime
                0x000000000000185c      0x134 ./StdPeriphDriver/CH57x_clk.o
                0x000000000000185c                RTC_InitTime
 .text.GPIOA_ModeCfg
                0x0000000000001990       0xa6 ./StdPeriphDriver/CH57x_gpio.o
                0x0000000000001990                GPIOA_ModeCfg
 .text.GPIOB_ModeCfg
                0x0000000000001a36       0xa6 ./StdPeriphDriver/CH57x_gpio.o
                0x0000000000001a36                GPIOB_ModeCfg
 .text.GetSysClock
                0x0000000000001adc       0x42 ./StdPeriphDriver/CH57x_sys.o
                0x0000000000001adc                GetSysClock
 .text.SYS_DisableAllIrq
                0x0000000000001b1e       0x1c ./StdPeriphDriver/CH57x_sys.o
                0x0000000000001b1e                SYS_DisableAllIrq
 .text.SYS_RecoverIrq
                0x0000000000001b3a       0x14 ./StdPeriphDriver/CH57x_sys.o
                0x0000000000001b3a                SYS_RecoverIrq
 .text.SYS_GetSysTickCnt
                0x0000000000001b4e        0xa ./StdPeriphDriver/CH57x_sys.o
                0x0000000000001b4e                SYS_GetSysTickCnt
 .text._write   0x0000000000001b58       0x28 ./StdPeriphDriver/CH57x_sys.o
                0x0000000000001b58                _write
 .text.UART0_BaudRateCfg
                0x0000000000001b80       0x30 ./StdPeriphDriver/CH57x_uart0.o
                0x0000000000001b80                UART0_BaudRateCfg
 .text.UART0_DefInit
                0x0000000000001bb0       0x32 ./StdPeriphDriver/CH57x_uart0.o
                0x0000000000001bb0                UART0_DefInit
 .text.UART0_INTCfg
                0x0000000000001be2       0x2a ./StdPeriphDriver/CH57x_uart0.o
                0x0000000000001be2                UART0_INTCfg
 .text.UART0_SendString
                0x0000000000001c0c       0x28 ./StdPeriphDriver/CH57x_uart0.o
                0x0000000000001c0c                UART0_SendString
 .text.UART0_RecvString
                0x0000000000001c34       0x2a ./StdPeriphDriver/CH57x_uart0.o
                0x0000000000001c34                UART0_RecvString
 .text.UART1_BaudRateCfg
                0x0000000000001c5e       0x30 ./StdPeriphDriver/CH57x_uart1.o
                0x0000000000001c5e                UART1_BaudRateCfg
 .text.UART1_DefInit
                0x0000000000001c8e       0x32 ./StdPeriphDriver/CH57x_uart1.o
                0x0000000000001c8e                UART1_DefInit
 .text.battMeasure
                0x0000000000001cc0       0x7c ./Profile/battservice.o
 .text.battWriteAttrCB
                0x0000000000001d3c       0x5e ./Profile/battservice.o
 .text.battReadAttrCB
                0x0000000000001d9a       0x7e ./Profile/battservice.o
 .text.battNotifyCB
                0x0000000000001e18       0x76 ./Profile/battservice.o
 .text.Batt_AddService
                0x0000000000001e8e       0x2c ./Profile/battservice.o
                0x0000000000001e8e                Batt_AddService
 .text.Batt_Register
                0x0000000000001eba        0x6 ./Profile/battservice.o
                0x0000000000001eba                Batt_Register
 .text.Batt_SetParameter
                0x0000000000001ec0       0x3a ./Profile/battservice.o
                0x0000000000001ec0                Batt_SetParameter
 .text.Batt_GetParameter
                0x0000000000001efa       0x6a ./Profile/battservice.o
                0x0000000000001efa                Batt_GetParameter
 .text.Batt_MeasLevel
                0x0000000000001f64       0x2e ./Profile/battservice.o
                0x0000000000001f64                Batt_MeasLevel
 .text.Batt_HandleConnStatusCB
                0x0000000000001f92       0x3e ./Profile/battservice.o
                0x0000000000001f92                Batt_HandleConnStatusCB
 .text.devInfo_ReadAttrCB
                0x0000000000001fd0      0x196 ./Profile/devinfoservice.o
 .text.DevInfo_AddService
                0x0000000000002166       0x18 ./Profile/devinfoservice.o
                0x0000000000002166                DevInfo_AddService
 .text.simpleProfile_ReadAttrCB
                0x000000000000217e       0xac ./Profile/gattprofile.o
 .text.simpleProfile_WriteAttrCB
                0x000000000000222a       0xce ./Profile/gattprofile.o
 .text.simpleProfile_HandleConnStatusCB
                0x00000000000022f8       0x3e ./Profile/gattprofile.o
 .text.SimpleProfile_AddService
                0x0000000000002336       0x4c ./Profile/gattprofile.o
                0x0000000000002336                SimpleProfile_AddService
 .text.SimpleProfile_RegisterAppCBs
                0x0000000000002382        0xe ./Profile/gattprofile.o
                0x0000000000002382                SimpleProfile_RegisterAppCBs
 .text.SimpleProfile_SetParameter
                0x0000000000002390       0x86 ./Profile/gattprofile.o
                0x0000000000002390                SimpleProfile_SetParameter
 .text.simpleProfile_Notify
                0x0000000000002416       0x46 ./Profile/gattprofile.o
                0x0000000000002416                simpleProfile_Notify
 .text.Hid_AddService
                0x000000000000245c       0x96 ./Profile/hidconsumerservice.o
                0x000000000000245c                Hid_AddService
 .text.Hid_SetParameter
                0x00000000000024f2       0x28 ./Profile/hidconsumerservice.o
                0x00000000000024f2                Hid_SetParameter
 .text.Hid_GetParameter
                0x000000000000251a       0x28 ./Profile/hidconsumerservice.o
                0x000000000000251a                Hid_GetParameter
 .text.hidDevScanParamCB
                0x0000000000002542        0x2 ./Profile/hiddev.o
 .text.hidDevRptByHandle
                0x0000000000002544       0x30 ./Profile/hiddev.o
 .text.hidDevParamUpdateCB
                0x0000000000002574       0x12 ./Profile/hiddev.o
 .text.hidDevInitialAdvertising
                0x0000000000002586       0x3c ./Profile/hiddev.o
 .text.hidDevBattCB
                0x00000000000025c2       0x28 ./Profile/hiddev.o
 .text.hidDevPairStateCB
                0x00000000000025ea      0x176 ./Profile/hiddev.o
 .text.hidDevPasscodeCB
                0x0000000000002760       0x34 ./Profile/hiddev.o
 .text.HidDev_ProcessEvent
                0x0000000000002794       0x9e ./Profile/hiddev.o
                0x0000000000002794                HidDev_ProcessEvent
 .text.hidDevGapStateCB
                0x0000000000002832      0x124 ./Profile/hiddev.o
 .text.HidDev_Init
                0x0000000000002956       0x6c ./Profile/hiddev.o
                0x0000000000002956                HidDev_Init
 .text.HidDev_Register
                0x00000000000029c2        0xa ./Profile/hiddev.o
                0x00000000000029c2                HidDev_Register
 .text.HidDev_RegisterReports
                0x00000000000029cc        0xa ./Profile/hiddev.o
                0x00000000000029cc                HidDev_RegisterReports
 .text.HidDev_ReadAttrCB
                0x00000000000029d6      0x104 ./Profile/hiddev.o
                0x00000000000029d6                HidDev_ReadAttrCB
 .text.HidDev_WriteAttrCB
                0x0000000000002ada      0x148 ./Profile/hiddev.o
                0x0000000000002ada                HidDev_WriteAttrCB
 .text.scanParamReadAttrCB
                0x0000000000002c22        0x4 ./Profile/scanparamservice.o
 .text.scanParamWriteAttrCB
                0x0000000000002c26       0x66 ./Profile/scanparamservice.o
 .text.ScanParam_AddService
                0x0000000000002c8c       0x2c ./Profile/scanparamservice.o
                0x0000000000002c8c                ScanParam_AddService
 .text.ScanParam_Register
                0x0000000000002cb8        0x6 ./Profile/scanparamservice.o
                0x0000000000002cb8                ScanParam_Register
 .text.ScanParam_RefreshNotify
                0x0000000000002cbe       0x5c ./Profile/scanparamservice.o
                0x0000000000002cbe                ScanParam_RefreshNotify
 .text.ScanParam_HandleConnStatusCB
                0x0000000000002d1a       0x3e ./Profile/scanparamservice.o
                0x0000000000002d1a                ScanParam_HandleConnStatusCB
 .text.Lib_Calibration_LSI
                0x0000000000002d58       0x30 ./HAL/MCU.o
                0x0000000000002d58                Lib_Calibration_LSI
 .text.Lib_Read_Flash
                0x0000000000002d88       0x1c ./HAL/MCU.o
                0x0000000000002d88                Lib_Read_Flash
 .text.Lib_Write_Flash
                0x0000000000002da4       0x42 ./HAL/MCU.o
                0x0000000000002da4                Lib_Write_Flash
 .text.HAL_GetInterTempValue
                0x0000000000002de6       0x72 ./HAL/MCU.o
                0x0000000000002de6                HAL_GetInterTempValue
 .text.HAL_ProcessEvent
                0x0000000000002e58       0x7e ./HAL/MCU.o
                0x0000000000002e58                HAL_ProcessEvent
 .text.CH57X_BLEInit
                0x0000000000002ed6      0x1b0 ./HAL/MCU.o
                0x0000000000002ed6                CH57X_BLEInit
 .text.HAL_Init
                0x0000000000003086       0x34 ./HAL/MCU.o
                0x0000000000003086                HAL_Init
 .text.HAL_TimeInit
                0x00000000000030ba       0x4e ./HAL/RTC.o
                0x00000000000030ba                HAL_TimeInit
 .text.fifo_length
                0x0000000000003108       0x1c ./APP/app_drv_fifo/app_drv_fifo.o
                0x0000000000003108                fifo_length
 .text.Get_Crc16
                0x0000000000003124       0x3e ./APP/UserCode.o
 .text.Deal_UART_RcCmd
                0x0000000000003162      0x26e ./APP/UserCode.o
                0x0000000000003162                Deal_UART_RcCmd
 .text.app_uart_process
                0x00000000000033d0      0x126 ./APP/UserCode.o
                0x00000000000033d0                app_uart_process
 .text.app_uart_init
                0x00000000000034f6       0x8c ./APP/UserCode.o
                0x00000000000034f6                app_uart_init
 .text.app_uart_tx_data
                0x0000000000003582       0x48 ./APP/UserCode.o
                0x0000000000003582                app_uart_tx_data
 .text.User_ProcessEvent
                0x00000000000035ca      0x256 ./APP/UserCode.o
                0x00000000000035ca                User_ProcessEvent
 .text.UserDev_Init
                0x0000000000003820       0x1a ./APP/UserCode.o
                0x0000000000003820                UserDev_Init
 .text.Init_GPIO
                0x000000000000383a       0x48 ./APP/UserCode.o
                0x000000000000383a                Init_GPIO
 .text.ble_module_cfg
                0x0000000000003882       0xac ./APP/UserCode.o
                0x0000000000003882                ble_module_cfg
 .text.hidEmuEvtCB
                0x000000000000392e        0x2 ./APP/hidconsumer.o
 .text.hidEmuStateCB
                0x0000000000003930      0x198 ./APP/hidconsumer.o
 .text.hidEmuRptCB
                0x0000000000003ac8       0x3e ./APP/hidconsumer.o
 .text.HidEmu_ProcessEvent
                0x0000000000003b06       0x62 ./APP/hidconsumer.o
                0x0000000000003b06                HidEmu_ProcessEvent
 .text.HidEmu_Init
                0x0000000000003b68       0xf0 ./APP/hidconsumer.o
                0x0000000000003b68                HidEmu_Init
 .text.startup.main
                0x0000000000003c58       0x7a ./APP/hidconsumer_main.o
                0x0000000000003c58                main
 .text.simpleProfileChangeCB
                0x0000000000003cd2       0xe4 ./APP/peripheral.o
 .text.Peripheral_Init
                0x0000000000003db6       0x8a ./APP/peripheral.o
                0x0000000000003db6                Peripheral_Init
 .text.peripheralChar4Notify
                0x0000000000003e40       0x82 ./APP/peripheral.o
                0x0000000000003e40                peripheralChar4Notify
 .text.tmos_msg_enqueue
                0x0000000000003ec2       0x1e C:\Users\pea\Desktop\À¶ÑÀÄ£¿éEVT202303132212\EVT\EXAM\BLE\LIB\libCH57xBLE.a(message.o)
                0x0000000000003ec2                tmos_msg_enqueue
 .text.tmos_msg_deallocate
                0x0000000000003ee0       0x2c C:\Users\pea\Desktop\À¶ÑÀÄ£¿éEVT202303132212\EVT\EXAM\BLE\LIB\libCH57xBLE.a(message.o)
                0x0000000000003ee0                tmos_msg_deallocate
 .text.tmos_msg_allocate
                0x0000000000003f0c       0x3e C:\Users\pea\Desktop\À¶ÑÀÄ£¿éEVT202303132212\EVT\EXAM\BLE\LIB\libCH57xBLE.a(message.o)
                0x0000000000003f0c                tmos_msg_allocate
 .text.tmos_msg_receive
                0x0000000000003f4a       0x68 C:\Users\pea\Desktop\À¶ÑÀÄ£¿éEVT202303132212\EVT\EXAM\BLE\LIB\libCH57xBLE.a(message.o)
                0x0000000000003f4a                tmos_msg_receive
 .text.tmos_msg_send
                0x0000000000003fb2       0x56 C:\Users\pea\Desktop\À¶ÑÀÄ£¿éEVT202303132212\EVT\EXAM\BLE\LIB\libCH57xBLE.a(message.o)
                0x0000000000003fb2                tmos_msg_send
 .text.tmos_msg_init
                0x0000000000004008        0x6 C:\Users\pea\Desktop\À¶ÑÀÄ£¿éEVT202303132212\EVT\EXAM\BLE\LIB\libCH57xBLE.a(message.o)
                0x0000000000004008                tmos_msg_init
 .text.tmosFindTask
                0x000000000000400e       0x20 C:\Users\pea\Desktop\À¶ÑÀÄ£¿éEVT202303132212\EVT\EXAM\BLE\LIB\libCH57xBLE.a(tmos.o)
 .text.TMOS_CbTimerProcessEvent
                0x000000000000402e       0x7c C:\Users\pea\Desktop\À¶ÑÀÄ£¿éEVT202303132212\EVT\EXAM\BLE\LIB\libCH57xBLE.a(tmos.o)
                0x000000000000402e                TMOS_CbTimerProcessEvent
 .text.tmos_rand
                0x00000000000040aa       0x54 C:\Users\pea\Desktop\À¶ÑÀÄ£¿éEVT202303132212\EVT\EXAM\BLE\LIB\libCH57xBLE.a(tmos.o)
                0x00000000000040aa                tmos_rand
 .text.tmos_query_sleep_time
                0x00000000000040fe      0x178 C:\Users\pea\Desktop\À¶ÑÀÄ£¿éEVT202303132212\EVT\EXAM\BLE\LIB\libCH57xBLE.a(tmos.o)
                0x00000000000040fe                tmos_query_sleep_time
 .text.tmos_memset
                0x0000000000004276       0x12 C:\Users\pea\Desktop\À¶ÑÀÄ£¿éEVT202303132212\EVT\EXAM\BLE\LIB\libCH57xBLE.a(tmos.o)
                0x0000000000004276                tmos_memset
 .text.tmos_strlen
                0x0000000000004288       0x14 C:\Users\pea\Desktop\À¶ÑÀÄ£¿éEVT202303132212\EVT\EXAM\BLE\LIB\libCH57xBLE.a(tmos.o)
                0x0000000000004288                tmos_strlen
 .text.tmos_memdup
                0x000000000000429c       0x3c C:\Users\pea\Desktop\À¶ÑÀÄ£¿éEVT202303132212\EVT\EXAM\BLE\LIB\libCH57xBLE.a(tmos.o)
                0x000000000000429c                tmos_memdup
 .text.tmos_memcmp
                0x00000000000042d8       0x24 C:\Users\pea\Desktop\À¶ÑÀÄ£¿éEVT202303132212\EVT\EXAM\BLE\LIB\libCH57xBLE.a(tmos.o)
                0x00000000000042d8                tmos_memcmp
 .text.tmos_revmemcpy
                0x00000000000042fc       0x1c C:\Users\pea\Desktop\À¶ÑÀÄ£¿éEVT202303132212\EVT\EXAM\BLE\LIB\libCH57xBLE.a(tmos.o)
                0x00000000000042fc                tmos_revmemcpy
 .text.tmos_isbufset
                0x0000000000004318       0x1e C:\Users\pea\Desktop\À¶ÑÀÄ£¿éEVT202303132212\EVT\EXAM\BLE\LIB\libCH57xBLE.a(tmos.o)
                0x0000000000004318                tmos_isbufset
 .text.tmos_set_event
                0x0000000000004336       0x2a C:\Users\pea\Desktop\À¶ÑÀÄ£¿éEVT202303132212\EVT\EXAM\BLE\LIB\libCH57xBLE.a(tmos.o)
                0x0000000000004336                tmos_set_event
 .text.tmos_query_system_time
                0x0000000000004360       0xae C:\Users\pea\Desktop\À¶ÑÀÄ£¿éEVT202303132212\EVT\EXAM\BLE\LIB\libCH57xBLE.a(tmos.o)
                0x0000000000004360                tmos_query_system_time
 .text.tmos_clear_event
                0x000000000000440e       0x2e C:\Users\pea\Desktop\À¶ÑÀÄ£¿éEVT202303132212\EVT\EXAM\BLE\LIB\libCH57xBLE.a(tmos.o)
                0x000000000000440e                tmos_clear_event
 .text.tmos_start_task
                0x000000000000443c       0x90 C:\Users\pea\Desktop\À¶ÑÀÄ£¿éEVT202303132212\EVT\EXAM\BLE\LIB\libCH57xBLE.a(tmos.o)
                0x000000000000443c                tmos_start_task
 .text.tmos_start_callback_task
                0x00000000000044cc       0xac C:\Users\pea\Desktop\À¶ÑÀÄ£¿éEVT202303132212\EVT\EXAM\BLE\LIB\libCH57xBLE.a(tmos.o)
                0x00000000000044cc                tmos_start_callback_task
 .text.tmos_start_reload_task
                0x0000000000004578       0x30 C:\Users\pea\Desktop\À¶ÑÀÄ£¿éEVT202303132212\EVT\EXAM\BLE\LIB\libCH57xBLE.a(tmos.o)
                0x0000000000004578                tmos_start_reload_task
 .text.tmos_stop_task
                0x00000000000045a8       0x32 C:\Users\pea\Desktop\À¶ÑÀÄ£¿éEVT202303132212\EVT\EXAM\BLE\LIB\libCH57xBLE.a(tmos.o)
                0x00000000000045a8                tmos_stop_task
 .text.tmos_stop_callback_task
                0x00000000000045da       0x5c C:\Users\pea\Desktop\À¶ÑÀÄ£¿éEVT202303132212\EVT\EXAM\BLE\LIB\libCH57xBLE.a(tmos.o)
                0x00000000000045da                tmos_stop_callback_task
 .text.tmos_get_task_timer
                0x0000000000004636       0x16 C:\Users\pea\Desktop\À¶ÑÀÄ£¿éEVT202303132212\EVT\EXAM\BLE\LIB\libCH57xBLE.a(tmos.o)
                0x0000000000004636                tmos_get_task_timer
 .text.tmos_update_callback_timer
                0x000000000000464c       0x62 C:\Users\pea\Desktop\À¶ÑÀÄ£¿éEVT202303132212\EVT\EXAM\BLE\LIB\libCH57xBLE.a(tmos.o)
                0x000000000000464c                tmos_update_callback_timer
 .text.TMOS_Set32KTuneValue
                0x00000000000046ae        0xa C:\Users\pea\Desktop\À¶ÑÀÄ£¿éEVT202303132212\EVT\EXAM\BLE\LIB\libCH57xBLE.a(tmos.o)
                0x00000000000046ae                TMOS_Set32KTuneValue
 .text.TMOS_TimerRegister
                0x00000000000046b8       0x1a C:\Users\pea\Desktop\À¶ÑÀÄ£¿éEVT202303132212\EVT\EXAM\BLE\LIB\libCH57xBLE.a(tmos.o)
                0x00000000000046b8                TMOS_TimerRegister
 .text.TMOS_ProcessRegister
                0x00000000000046d2       0x16 C:\Users\pea\Desktop\À¶ÑÀÄ£¿éEVT202303132212\EVT\EXAM\BLE\LIB\libCH57xBLE.a(tmos.o)
                0x00000000000046d2                TMOS_ProcessRegister
 .text.TMOS_Init
                0x00000000000046e8       0xc2 C:\Users\pea\Desktop\À¶ÑÀÄ£¿éEVT202303132212\EVT\EXAM\BLE\LIB\libCH57xBLE.a(tmos.o)
                0x00000000000046e8                TMOS_Init
 .text.TMOS_ProcessEventRegister
                0x00000000000047aa       0x38 C:\Users\pea\Desktop\À¶ÑÀÄ£¿éEVT202303132212\EVT\EXAM\BLE\LIB\libCH57xBLE.a(tmos.o)
                0x00000000000047aa                TMOS_ProcessEventRegister
 .text.BLE_LibInit
                0x00000000000047e2      0x156 C:\Users\pea\Desktop\À¶ÑÀÄ£¿éEVT202303132212\EVT\EXAM\BLE\LIB\libCH57xBLE.a(tmos.o)
                0x00000000000047e2                BLE_LibInit
 .text.ble_ll_common_rand8
                0x0000000000004938       0x24 C:\Users\pea\Desktop\À¶ÑÀÄ£¿éEVT202303132212\EVT\EXAM\BLE\LIB\libCH57xBLE.a(tmos_hw.o)
                0x0000000000004938                ble_ll_common_rand8
 .text.ble_ll_common_rand16
                0x000000000000495c       0x24 C:\Users\pea\Desktop\À¶ÑÀÄ£¿éEVT202303132212\EVT\EXAM\BLE\LIB\libCH57xBLE.a(tmos_hw.o)
                0x000000000000495c                ble_ll_common_rand16
 .text.ble_ll_common_rand32
                0x0000000000004980       0x20 C:\Users\pea\Desktop\À¶ÑÀÄ£¿éEVT202303132212\EVT\EXAM\BLE\LIB\libCH57xBLE.a(tmos_hw.o)
                0x0000000000004980                ble_ll_common_rand32
 .text.ll_hw_temp_sample
                0x00000000000049a0       0xc0 C:\Users\pea\Desktop\À¶ÑÀÄ£¿éEVT202303132212\EVT\EXAM\BLE\LIB\libCH57xBLE.a(tmos_hw.o)
                0x00000000000049a0                ll_hw_temp_sample
 .text.TMOS_TimerInit
                0x0000000000004a60       0x5e C:\Users\pea\Desktop\À¶ÑÀÄ£¿éEVT202303132212\EVT\EXAM\BLE\LIB\libCH57xBLE.a(tmos_hw.o)
                0x0000000000004a60                TMOS_TimerInit
 .text.tmos_snv_init
                0x0000000000004abe       0xba C:\Users\pea\Desktop\À¶ÑÀÄ£¿éEVT202303132212\EVT\EXAM\BLE\LIB\libCH57xBLE.a(tmos_snv.o)
                0x0000000000004abe                tmos_snv_init
 .text.tmos_snv_clear
                0x0000000000004b78       0xac C:\Users\pea\Desktop\À¶ÑÀÄ£¿éEVT202303132212\EVT\EXAM\BLE\LIB\libCH57xBLE.a(tmos_snv.o)
                0x0000000000004b78                tmos_snv_clear
 .text.tmos_snv_read
                0x0000000000004c24       0xea C:\Users\pea\Desktop\À¶ÑÀÄ£¿éEVT202303132212\EVT\EXAM\BLE\LIB\libCH57xBLE.a(tmos_snv.o)
                0x0000000000004c24                tmos_snv_read
 .text.tmos_snv_notify
                0x0000000000004d0e       0x5e C:\Users\pea\Desktop\À¶ÑÀÄ£¿éEVT202303132212\EVT\EXAM\BLE\LIB\libCH57xBLE.a(tmos_snv.o)
                0x0000000000004d0e                tmos_snv_notify
 .text.tmos_snv_write
                0x0000000000004d6c      0x116 C:\Users\pea\Desktop\À¶ÑÀÄ£¿éEVT202303132212\EVT\EXAM\BLE\LIB\libCH57xBLE.a(tmos_snv.o)
                0x0000000000004d6c                tmos_snv_write
 .text.tmos_snv_compact
                0x0000000000004e82       0x48 C:\Users\pea\Desktop\À¶ÑÀÄ£¿éEVT202303132212\EVT\EXAM\BLE\LIB\libCH57xBLE.a(tmos_snv.o)
                0x0000000000004e82                tmos_snv_compact
 .text.disconnectNext
                0x0000000000004eca       0x22 C:\Users\pea\Desktop\À¶ÑÀÄ£¿éEVT202303132212\EVT\EXAM\BLE\LIB\libCH57xBLE.a(gap.o)
 .text.GAP_ParamInit
                0x0000000000004eec       0x80 C:\Users\pea\Desktop\À¶ÑÀÄ£¿éEVT202303132212\EVT\EXAM\BLE\LIB\libCH57xBLE.a(gap.o)
                0x0000000000004eec                GAP_ParamInit
 .text.sendTerminateEvent
                0x0000000000004f6c       0x58 C:\Users\pea\Desktop\À¶ÑÀÄ£¿éEVT202303132212\EVT\EXAM\BLE\LIB\libCH57xBLE.a(gap.o)
                0x0000000000004f6c                sendTerminateEvent
 .text.gapRegisterCentral
                0x0000000000004fc4        0x6 C:\Users\pea\Desktop\À¶ÑÀÄ£¿éEVT202303132212\EVT\EXAM\BLE\LIB\libCH57xBLE.a(gap.o)
                0x0000000000004fc4                gapRegisterCentral
 .text.gapRegisterCentralConn
                0x0000000000004fca        0x6 C:\Users\pea\Desktop\À¶ÑÀÄ£¿éEVT202303132212\EVT\EXAM\BLE\LIB\libCH57xBLE.a(gap.o)
                0x0000000000004fca                gapRegisterCentralConn
 .text.gapRegisterPeripheral
                0x0000000000004fd0        0x6 C:\Users\pea\Desktop\À¶ÑÀÄ£¿éEVT202303132212\EVT\EXAM\BLE\LIB\libCH57xBLE.a(gap.o)
                0x0000000000004fd0                gapRegisterPeripheral
 .text.gapRegisterPeripheralConn
                0x0000000000004fd6        0x6 C:\Users\pea\Desktop\À¶ÑÀÄ£¿éEVT202303132212\EVT\EXAM\BLE\LIB\libCH57xBLE.a(gap.o)
                0x0000000000004fd6                gapRegisterPeripheralConn
 .text.smGenerateRandBuf
                0x0000000000004fdc       0x56 C:\Users\pea\Desktop\À¶ÑÀÄ£¿éEVT202303132212\EVT\EXAM\BLE\LIB\libCH57xBLE.a(gap.o)
                0x0000000000004fdc                smGenerateRandBuf
 .text.gapL2capConnParamUpdateReq
                0x0000000000005032       0x32 C:\Users\pea\Desktop\À¶ÑÀÄ£¿éEVT202303132212\EVT\EXAM\BLE\LIB\libCH57xBLE.a(gap.o)
                0x0000000000005032                gapL2capConnParamUpdateReq
 .text.gapValidADType
                0x0000000000005064       0x16 C:\Users\pea\Desktop\À¶ÑÀÄ£¿éEVT202303132212\EVT\EXAM\BLE\LIB\libCH57xBLE.a(gap.o)
                0x0000000000005064                gapValidADType
 .text.gapFindADType
                0x000000000000507a       0x8e C:\Users\pea\Desktop\À¶ÑÀÄ£¿éEVT202303132212\EVT\EXAM\BLE\LIB\libCH57xBLE.a(gap.o)
                0x000000000000507a                gapFindADType
 .text.GAP_SecParamsInit
                0x0000000000005108       0x9a C:\Users\pea\Desktop\À¶ÑÀÄ£¿éEVT202303132212\EVT\EXAM\BLE\LIB\libCH57xBLE.a(gap.o)
                0x0000000000005108                GAP_SecParamsInit
 .text.GAP_ParamsInit
                0x00000000000051a2       0x48 C:\Users\pea\Desktop\À¶ÑÀÄ£¿éEVT202303132212\EVT\EXAM\BLE\LIB\libCH57xBLE.a(gap.o)
                0x00000000000051a2                GAP_ParamsInit
 .text.gapAddAddrAdj
                0x00000000000051ea       0x48 C:\Users\pea\Desktop\À¶ÑÀÄ£¿éEVT202303132212\EVT\EXAM\BLE\LIB\libCH57xBLE.a(gap.o)
                0x00000000000051ea                gapAddAddrAdj
 .text.gapDetermineAddrType
                0x0000000000005232       0x28 C:\Users\pea\Desktop\À¶ÑÀÄ£¿éEVT202303132212\EVT\EXAM\BLE\LIB\libCH57xBLE.a(gap.o)
                0x0000000000005232                gapDetermineAddrType
 .text.gapFreeAuthLink
                0x000000000000525a       0x4a C:\Users\pea\Desktop\À¶ÑÀÄ£¿éEVT202303132212\EVT\EXAM\BLE\LIB\libCH57xBLE.a(gap.o)
                0x000000000000525a                gapFreeAuthLink
 .text.gapGetDevAddress
                0x00000000000052a4       0x24 C:\Users\pea\Desktop\À¶ÑÀÄ£¿éEVT202303132212\EVT\EXAM\BLE\LIB\libCH57xBLE.a(gap.o)
                0x00000000000052a4                gapGetDevAddress
 .text.gapGetDevAddressMode
                0x00000000000052c8        0xa C:\Users\pea\Desktop\À¶ÑÀÄ£¿éEVT202303132212\EVT\EXAM\BLE\LIB\libCH57xBLE.a(gap.o)
                0x00000000000052c8                gapGetDevAddressMode
 .text.gapGetIRK
                0x00000000000052d2        0xc C:\Users\pea\Desktop\À¶ÑÀÄ£¿éEVT202303132212\EVT\EXAM\BLE\LIB\libCH57xBLE.a(gap.o)
                0x00000000000052d2                gapGetIRK
 .text.gapGetSRK
                0x00000000000052de        0xc C:\Users\pea\Desktop\À¶ÑÀÄ£¿éEVT202303132212\EVT\EXAM\BLE\LIB\libCH57xBLE.a(gap.o)
                0x00000000000052de                gapGetSRK
 .text.gapGetSignCounter
                0x00000000000052ea        0xe C:\Users\pea\Desktop\À¶ÑÀÄ£¿éEVT202303132212\EVT\EXAM\BLE\LIB\libCH57xBLE.a(gap.o)
                0x00000000000052ea                gapGetSignCounter
 .text.gapIncSignCounter
                0x00000000000052f8       0x28 C:\Users\pea\Desktop\À¶ÑÀÄ£¿éEVT202303132212\EVT\EXAM\BLE\LIB\libCH57xBLE.a(gap.o)
                0x00000000000052f8                gapIncSignCounter
 .text.gapProcessConnEvt
                0x0000000000005320       0x48 C:\Users\pea\Desktop\À¶ÑÀÄ£¿éEVT202303132212\EVT\EXAM\BLE\LIB\libCH57xBLE.a(gap.o)
                0x0000000000005320                gapProcessConnEvt
 .text.gapProcessDisconnectCompleteEvt
                0x0000000000005368       0xa8 C:\Users\pea\Desktop\À¶ÑÀÄ£¿éEVT202303132212\EVT\EXAM\BLE\LIB\libCH57xBLE.a(gap.o)
                0x0000000000005368                gapProcessDisconnectCompleteEvt
 .text.sendAuthEvent
                0x0000000000005410      0x11a C:\Users\pea\Desktop\À¶ÑÀÄ£¿éEVT202303132212\EVT\EXAM\BLE\LIB\libCH57xBLE.a(gap.o)
                0x0000000000005410                sendAuthEvent
 .text.gapSendBondCompleteEvent
                0x000000000000552a       0x70 C:\Users\pea\Desktop\À¶ÑÀÄ£¿éEVT202303132212\EVT\EXAM\BLE\LIB\libCH57xBLE.a(gap.o)
                0x000000000000552a                gapSendBondCompleteEvent
 .text.gapSendPairingReqEvent
                0x000000000000559a       0x92 C:\Users\pea\Desktop\À¶ÑÀÄ£¿éEVT202303132212\EVT\EXAM\BLE\LIB\libCH57xBLE.a(gap.o)
                0x000000000000559a                gapSendPairingReqEvent
 .text.gapSendSlaveSecurityReqEvent
                0x000000000000562c       0x68 C:\Users\pea\Desktop\À¶ÑÀÄ£¿éEVT202303132212\EVT\EXAM\BLE\LIB\libCH57xBLE.a(gap.o)
                0x000000000000562c                gapSendSlaveSecurityReqEvent
 .text.gapSendDeviceInitDoneEvent
                0x0000000000005694       0x88 C:\Users\pea\Desktop\À¶ÑÀÄ£¿éEVT202303132212\EVT\EXAM\BLE\LIB\libCH57xBLE.a(gap.o)
                0x0000000000005694                gapSendDeviceInitDoneEvent
 .text.gapSendLinkUpdateEvent
                0x000000000000571c       0x84 C:\Users\pea\Desktop\À¶ÑÀÄ£¿éEVT202303132212\EVT\EXAM\BLE\LIB\libCH57xBLE.a(gap.o)
                0x000000000000571c                gapSendLinkUpdateEvent
 .text.gapSendEstLinkEvent
                0x00000000000057a0       0xb8 C:\Users\pea\Desktop\À¶ÑÀÄ£¿éEVT202303132212\EVT\EXAM\BLE\LIB\libCH57xBLE.a(gap.o)
                0x00000000000057a0                gapSendEstLinkEvent
 .text.gapProcessNewAddr
                0x0000000000005858       0x3e C:\Users\pea\Desktop\À¶ÑÀÄ£¿éEVT202303132212\EVT\EXAM\BLE\LIB\libCH57xBLE.a(gap.o)
                0x0000000000005858                gapProcessNewAddr
 .text.gapProcessRandomAddrComplete
                0x0000000000005896       0xb6 C:\Users\pea\Desktop\À¶ÑÀÄ£¿éEVT202303132212\EVT\EXAM\BLE\LIB\libCH57xBLE.a(gap.o)
                0x0000000000005896                gapProcessRandomAddrComplete
 .text.GAP_Authenticate
                0x000000000000594c       0xd2 C:\Users\pea\Desktop\À¶ÑÀÄ£¿éEVT202303132212\EVT\EXAM\BLE\LIB\libCH57xBLE.a(gap.o)
                0x000000000000594c                GAP_Authenticate
 .text.GAP_Bond
                0x0000000000005a1e       0xa2 C:\Users\pea\Desktop\À¶ÑÀÄ£¿éEVT202303132212\EVT\EXAM\BLE\LIB\libCH57xBLE.a(gap.o)
                0x0000000000005a1e                GAP_Bond
 .text.GAP_GetParamValue
                0x0000000000005ac0       0x1e C:\Users\pea\Desktop\À¶ÑÀÄ£¿éEVT202303132212\EVT\EXAM\BLE\LIB\libCH57xBLE.a(gap.o)
                0x0000000000005ac0                GAP_GetParamValue
 .text.GAP_PasscodeUpdate
                0x0000000000005ade       0x50 C:\Users\pea\Desktop\À¶ÑÀÄ£¿éEVT202303132212\EVT\EXAM\BLE\LIB\libCH57xBLE.a(gap.o)
                0x0000000000005ade                GAP_PasscodeUpdate
 .text.GAP_RegisterForMsgs
                0x0000000000005b2e        0x6 C:\Users\pea\Desktop\À¶ÑÀÄ£¿éEVT202303132212\EVT\EXAM\BLE\LIB\libCH57xBLE.a(gap.o)
                0x0000000000005b2e                GAP_RegisterForMsgs
 .text.GAP_ResolvePrivateAddr
                0x0000000000005b34        0x4 C:\Users\pea\Desktop\À¶ÑÀÄ£¿éEVT202303132212\EVT\EXAM\BLE\LIB\libCH57xBLE.a(gap.o)
                0x0000000000005b34                GAP_ResolvePrivateAddr
 .text.gapPairingCompleteCB
                0x0000000000005b38      0x188 C:\Users\pea\Desktop\À¶ÑÀÄ£¿éEVT202303132212\EVT\EXAM\BLE\LIB\libCH57xBLE.a(gap.o)
                0x0000000000005b38                gapPairingCompleteCB
 .text.gapPasskeyNeededCB
                0x0000000000005cc0       0x8e C:\Users\pea\Desktop\À¶ÑÀÄ£¿éEVT202303132212\EVT\EXAM\BLE\LIB\libCH57xBLE.a(gap.o)
                0x0000000000005cc0                gapPasskeyNeededCB
 .text.gapFreeEstLink
                0x0000000000005d4e       0x20 C:\Users\pea\Desktop\À¶ÑÀÄ£¿éEVT202303132212\EVT\EXAM\BLE\LIB\libCH57xBLE.a(gap.o)
                0x0000000000005d4e                gapFreeEstLink
 .text.gapUpdateConnSignCounter
                0x0000000000005d6e       0x7a C:\Users\pea\Desktop\À¶ÑÀÄ£¿éEVT202303132212\EVT\EXAM\BLE\LIB\libCH57xBLE.a(gap.o)
                0x0000000000005d6e                gapUpdateConnSignCounter
 .text.GAP_SendSlaveSecurityRequest
                0x0000000000005de8       0x4c C:\Users\pea\Desktop\À¶ÑÀÄ£¿éEVT202303132212\EVT\EXAM\BLE\LIB\libCH57xBLE.a(gap.o)
                0x0000000000005de8                GAP_SendSlaveSecurityRequest
 .text.GAP_Signable
                0x0000000000005e34       0x66 C:\Users\pea\Desktop\À¶ÑÀÄ£¿éEVT202303132212\EVT\EXAM\BLE\LIB\libCH57xBLE.a(gap.o)
                0x0000000000005e34                GAP_Signable
 .text.GAP_TerminateAuth
                0x0000000000005e9a       0x2a C:\Users\pea\Desktop\À¶ÑÀÄ£¿éEVT202303132212\EVT\EXAM\BLE\LIB\libCH57xBLE.a(gap.o)
                0x0000000000005e9a                GAP_TerminateAuth
 .text.GAP_NumActiveConnections
                0x0000000000005ec4        0x4 C:\Users\pea\Desktop\À¶ÑÀÄ£¿éEVT202303132212\EVT\EXAM\BLE\LIB\libCH57xBLE.a(gap.o)
                0x0000000000005ec4                GAP_NumActiveConnections
 .text.GAP_TerminateLinkReq
                0x0000000000005ec8       0x8e C:\Users\pea\Desktop\À¶ÑÀÄ£¿éEVT202303132212\EVT\EXAM\BLE\LIB\libCH57xBLE.a(gap.o)
                0x0000000000005ec8                GAP_TerminateLinkReq
 .text.GAP_SetParamValue
                0x0000000000005f56       0x4a C:\Users\pea\Desktop\À¶ÑÀÄ£¿éEVT202303132212\EVT\EXAM\BLE\LIB\libCH57xBLE.a(gap.o)
                0x0000000000005f56                GAP_SetParamValue
 .text.GAP_Init
                0x0000000000005fa0       0x44 C:\Users\pea\Desktop\À¶ÑÀÄ£¿éEVT202303132212\EVT\EXAM\BLE\LIB\libCH57xBLE.a(gap.o)
                0x0000000000005fa0                GAP_Init
 .text.GAP_ProcessEvent
                0x0000000000005fe4      0x58e C:\Users\pea\Desktop\À¶ÑÀÄ£¿éEVT202303132212\EVT\EXAM\BLE\LIB\libCH57xBLE.a(gap.o)
                0x0000000000005fe4                GAP_ProcessEvent
 .text.gapSendScanEnable
                0x0000000000006572       0x1e C:\Users\pea\Desktop\À¶ÑÀÄ£¿éEVT202303132212\EVT\EXAM\BLE\LIB\libCH57xBLE.a(gap_central.o)
 .text.gapCentProcessConnEvt
                0x0000000000006590      0x148 C:\Users\pea\Desktop\À¶ÑÀÄ£¿éEVT202303132212\EVT\EXAM\BLE\LIB\libCH57xBLE.a(gap_central.o)
                0x0000000000006590                gapCentProcessConnEvt
 .text.gapCancelLinkReq
                0x00000000000066d8       0x38 C:\Users\pea\Desktop\À¶ÑÀÄ£¿éEVT202303132212\EVT\EXAM\BLE\LIB\libCH57xBLE.a(gap_central.o)
                0x00000000000066d8                gapCancelLinkReq
 .text.GAP_CentralParamInit
                0x0000000000006710       0x4c C:\Users\pea\Desktop\À¶ÑÀÄ£¿éEVT202303132212\EVT\EXAM\BLE\LIB\libCH57xBLE.a(gap_central.o)
                0x0000000000006710                GAP_CentralParamInit
 .text.gapProcessAdvertDevInfo
                0x000000000000675c      0x240 C:\Users\pea\Desktop\À¶ÑÀÄ£¿éEVT202303132212\EVT\EXAM\BLE\LIB\libCH57xBLE.a(gap_central.o)
                0x000000000000675c                gapProcessAdvertDevInfo
 .text.gapFreeScanRecs
                0x000000000000699c       0xa2 C:\Users\pea\Desktop\À¶ÑÀÄ£¿éEVT202303132212\EVT\EXAM\BLE\LIB\libCH57xBLE.a(gap_central.o)
                0x000000000000699c                gapFreeScanRecs
 .text.gapSendDevDiscEvent
                0x0000000000006a3e      0x126 C:\Users\pea\Desktop\À¶ÑÀÄ£¿éEVT202303132212\EVT\EXAM\BLE\LIB\libCH57xBLE.a(gap_central.o)
                0x0000000000006a3e                gapSendDevDiscEvent
 .text.gapSetScanParamStatus.part.2
                0x0000000000006b64       0x42 C:\Users\pea\Desktop\À¶ÑÀÄ£¿éEVT202303132212\EVT\EXAM\BLE\LIB\libCH57xBLE.a(gap_central.o)
 .text.gapCentProcessHCICmdEvt
                0x0000000000006ba6       0x3c C:\Users\pea\Desktop\À¶ÑÀÄ£¿éEVT202303132212\EVT\EXAM\BLE\LIB\libCH57xBLE.a(gap_central.o)
                0x0000000000006ba6                gapCentProcessHCICmdEvt
 .text.gapProcessScanningEvt
                0x0000000000006be2      0x110 C:\Users\pea\Desktop\À¶ÑÀÄ£¿éEVT202303132212\EVT\EXAM\BLE\LIB\libCH57xBLE.a(gap_central.o)
                0x0000000000006be2                gapProcessScanningEvt
 .text.gapProcessScanningDirectEvt
                0x0000000000006cf2       0xfe C:\Users\pea\Desktop\À¶ÑÀÄ£¿éEVT202303132212\EVT\EXAM\BLE\LIB\libCH57xBLE.a(gap_central.o)
                0x0000000000006cf2                gapProcessScanningDirectEvt
 .text.GAP_CentConnRegister
                0x0000000000006df0       0x12 C:\Users\pea\Desktop\À¶ÑÀÄ£¿éEVT202303132212\EVT\EXAM\BLE\LIB\libCH57xBLE.a(gap_central.o)
                0x0000000000006df0                GAP_CentConnRegister
 .text.GAP_CentDevMgrInit
                0x0000000000006e02       0x94 C:\Users\pea\Desktop\À¶ÑÀÄ£¿éEVT202303132212\EVT\EXAM\BLE\LIB\libCH57xBLE.a(gap_central.o)
                0x0000000000006e02                GAP_CentDevMgrInit
 .text.gapFreeAdvertState
                0x0000000000006e96       0x20 C:\Users\pea\Desktop\À¶ÑÀÄ£¿éEVT202303132212\EVT\EXAM\BLE\LIB\libCH57xBLE.a(gap_peripheral.o)
 .text.gapPeriProcessConnEvt
                0x0000000000006eb6       0xbc C:\Users\pea\Desktop\À¶ÑÀÄ£¿éEVT202303132212\EVT\EXAM\BLE\LIB\libCH57xBLE.a(gap_peripheral.o)
 .text.gapSetAdvParams
                0x0000000000006f72       0x7e C:\Users\pea\Desktop\À¶ÑÀÄ£¿éEVT202303132212\EVT\EXAM\BLE\LIB\libCH57xBLE.a(gap_peripheral.o)
 .text.GAP_PeripheralParamInit
                0x0000000000006ff0       0x4a C:\Users\pea\Desktop\À¶ÑÀÄ£¿éEVT202303132212\EVT\EXAM\BLE\LIB\libCH57xBLE.a(gap_peripheral.o)
                0x0000000000006ff0                GAP_PeripheralParamInit
 .text.gapSendMakeDiscEvent
                0x000000000000703a       0x50 C:\Users\pea\Desktop\À¶ÑÀÄ£¿éEVT202303132212\EVT\EXAM\BLE\LIB\libCH57xBLE.a(gap_peripheral.o)
                0x000000000000703a                gapSendMakeDiscEvent
 .text.gapPeriProcessHCICmdCompleteEvt
                0x000000000000708a      0x194 C:\Users\pea\Desktop\À¶ÑÀÄ£¿éEVT202303132212\EVT\EXAM\BLE\LIB\libCH57xBLE.a(gap_peripheral.o)
 .text.GAP_MakeDiscoverable
                0x000000000000721e       0xf0 C:\Users\pea\Desktop\À¶ÑÀÄ£¿éEVT202303132212\EVT\EXAM\BLE\LIB\libCH57xBLE.a(gap_peripheral.o)
                0x000000000000721e                GAP_MakeDiscoverable
 .text.GAP_EndDiscoverable
                0x000000000000730e       0x5c C:\Users\pea\Desktop\À¶ÑÀÄ£¿éEVT202303132212\EVT\EXAM\BLE\LIB\libCH57xBLE.a(gap_peripheral.o)
                0x000000000000730e                GAP_EndDiscoverable
 .text.gapProcessAdvertisingEvt
                0x000000000000736a       0x90 C:\Users\pea\Desktop\À¶ÑÀÄ£¿éEVT202303132212\EVT\EXAM\BLE\LIB\libCH57xBLE.a(gap_peripheral.o)
 .text.GAP_UpdateAdvertisingData
                0x00000000000073fa       0xb8 C:\Users\pea\Desktop\À¶ÑÀÄ£¿éEVT202303132212\EVT\EXAM\BLE\LIB\libCH57xBLE.a(gap_peripheral.o)
                0x00000000000073fa                GAP_UpdateAdvertisingData
 .text.GAP_ConfigDeviceAddr
                0x00000000000074b2      0x10e C:\Users\pea\Desktop\À¶ÑÀÄ£¿éEVT202303132212\EVT\EXAM\BLE\LIB\libCH57xBLE.a(gap_peripheral.o)
                0x00000000000074b2                GAP_ConfigDeviceAddr
 .text.GAP_PeriConnRegister
                0x00000000000075c0       0x2a C:\Users\pea\Desktop\À¶ÑÀÄ£¿éEVT202303132212\EVT\EXAM\BLE\LIB\libCH57xBLE.a(gap_peripheral.o)
                0x00000000000075c0                GAP_PeriConnRegister
 .text.GAP_PeriDevMgrInit
                0x00000000000075ea       0xbc C:\Users\pea\Desktop\À¶ÑÀÄ£¿éEVT202303132212\EVT\EXAM\BLE\LIB\libCH57xBLE.a(gap_peripheral.o)
                0x00000000000075ea                GAP_PeriDevMgrInit
 .text.ggs_SetAttrWPermit
                0x00000000000076a6       0x68 C:\Users\pea\Desktop\À¶ÑÀÄ£¿éEVT202303132212\EVT\EXAM\BLE\LIB\libCH57xBLE.a(gapgattserver.o)
 .text.ggs_ReadAttrCB
                0x000000000000770e      0x152 C:\Users\pea\Desktop\À¶ÑÀÄ£¿éEVT202303132212\EVT\EXAM\BLE\LIB\libCH57xBLE.a(gapgattserver.o)
 .text.ggs_WriteAttrCB
                0x0000000000007860      0x154 C:\Users\pea\Desktop\À¶ÑÀÄ£¿éEVT202303132212\EVT\EXAM\BLE\LIB\libCH57xBLE.a(gapgattserver.o)
 .text.GGS_ParamInit
                0x00000000000079b4      0x23a C:\Users\pea\Desktop\À¶ÑÀÄ£¿éEVT202303132212\EVT\EXAM\BLE\LIB\libCH57xBLE.a(gapgattserver.o)
                0x00000000000079b4                GGS_ParamInit
 .text.GGS_SetParameter
                0x0000000000007bee       0xde C:\Users\pea\Desktop\À¶ÑÀÄ£¿éEVT202303132212\EVT\EXAM\BLE\LIB\libCH57xBLE.a(gapgattserver.o)
                0x0000000000007bee                GGS_SetParameter
 .text.GGS_AddService
                0x0000000000007ccc       0x2c C:\Users\pea\Desktop\À¶ÑÀÄ£¿éEVT202303132212\EVT\EXAM\BLE\LIB\libCH57xBLE.a(gapgattserver.o)
                0x0000000000007ccc                GGS_AddService
 .text.GAP_DeviceInit
                0x0000000000007cf8       0xd8 C:\Users\pea\Desktop\À¶ÑÀÄ£¿éEVT202303132212\EVT\EXAM\BLE\LIB\libCH57xBLE.a(gapgattserver.o)
                0x0000000000007cf8                GAP_DeviceInit
 .text.gattGetPayload
                0x0000000000007dd0       0x7e C:\Users\pea\Desktop\À¶ÑÀÄ£¿éEVT202303132212\EVT\EXAM\BLE\LIB\libCH57xBLE.a(gatt.o)
                0x0000000000007dd0                gattGetPayload
 .text.gattNotifyEvent
                0x0000000000007e4e       0x80 C:\Users\pea\Desktop\À¶ÑÀÄ£¿éEVT202303132212\EVT\EXAM\BLE\LIB\libCH57xBLE.a(gatt.o)
                0x0000000000007e4e                gattNotifyEvent
 .text.gattSendFlowCtrlEvt
                0x0000000000007ece       0x4a C:\Users\pea\Desktop\À¶ÑÀÄ£¿éEVT202303132212\EVT\EXAM\BLE\LIB\libCH57xBLE.a(gatt.o)
                0x0000000000007ece                gattSendFlowCtrlEvt
 .text.gattStartTimer
                0x0000000000007f18        0xc C:\Users\pea\Desktop\À¶ÑÀÄ£¿éEVT202303132212\EVT\EXAM\BLE\LIB\libCH57xBLE.a(gatt.o)
                0x0000000000007f18                gattStartTimer
 .text.gattStopTimer
                0x0000000000007f24       0x32 C:\Users\pea\Desktop\À¶ÑÀÄ£¿éEVT202303132212\EVT\EXAM\BLE\LIB\libCH57xBLE.a(gatt.o)
                0x0000000000007f24                gattStopTimer
 .text.GATT_AppCompletedMsg
                0x0000000000007f56       0x30 C:\Users\pea\Desktop\À¶ÑÀÄ£¿éEVT202303132212\EVT\EXAM\BLE\LIB\libCH57xBLE.a(gatt.o)
                0x0000000000007f56                GATT_AppCompletedMsg
 .text.GATT_NotifyEvent
                0x0000000000007f86       0x4e C:\Users\pea\Desktop\À¶ÑÀÄ£¿éEVT202303132212\EVT\EXAM\BLE\LIB\libCH57xBLE.a(gatt.o)
                0x0000000000007f86                GATT_NotifyEvent
 .text.gattRegisterServer
                0x0000000000007fd4        0x6 C:\Users\pea\Desktop\À¶ÑÀÄ£¿éEVT202303132212\EVT\EXAM\BLE\LIB\libCH57xBLE.a(gatt.o)
                0x0000000000007fd4                gattRegisterServer
 .text.GATT_UpdateMTU
                0x0000000000007fda       0x5c C:\Users\pea\Desktop\À¶ÑÀÄ£¿éEVT202303132212\EVT\EXAM\BLE\LIB\libCH57xBLE.a(gatt.o)
                0x0000000000007fda                GATT_UpdateMTU
 .text.GATT_bm_alloc
                0x0000000000008036       0xe8 C:\Users\pea\Desktop\À¶ÑÀÄ£¿éEVT202303132212\EVT\EXAM\BLE\LIB\libCH57xBLE.a(gatt.o)
                0x0000000000008036                GATT_bm_alloc
 .text.GATT_ServiceChangedInd
                0x000000000000811e       0x94 C:\Users\pea\Desktop\À¶ÑÀÄ£¿éEVT202303132212\EVT\EXAM\BLE\LIB\libCH57xBLE.a(gatt.o)
                0x000000000000811e                GATT_ServiceChangedInd
 .text.GATT_bm_free
                0x00000000000081b2       0x1c C:\Users\pea\Desktop\À¶ÑÀÄ£¿éEVT202303132212\EVT\EXAM\BLE\LIB\libCH57xBLE.a(gatt.o)
                0x00000000000081b2                GATT_bm_free
 .text.GATT_RegisterForPeriMsgs
                0x00000000000081ce        0x6 C:\Users\pea\Desktop\À¶ÑÀÄ£¿éEVT202303132212\EVT\EXAM\BLE\LIB\libCH57xBLE.a(gatt.o)
                0x00000000000081ce                GATT_RegisterForPeriMsgs
 .text.GATT_Init
                0x00000000000081d4       0x30 C:\Users\pea\Desktop\À¶ÑÀÄ£¿éEVT202303132212\EVT\EXAM\BLE\LIB\libCH57xBLE.a(gatt.o)
                0x00000000000081d4                GATT_Init
 .text.GATT_ProcessEvent
                0x0000000000008204      0x136 C:\Users\pea\Desktop\À¶ÑÀÄ£¿éEVT202303132212\EVT\EXAM\BLE\LIB\libCH57xBLE.a(gatt.o)
                0x0000000000008204                GATT_ProcessEvent
 .text.gattProcessExchangeMTUReq
                0x000000000000833a        0x4 C:\Users\pea\Desktop\À¶ÑÀÄ£¿éEVT202303132212\EVT\EXAM\BLE\LIB\libCH57xBLE.a(gattservapp.o)
 .text.gattServApp_FindCharCfgItem
                0x000000000000833e       0x24 C:\Users\pea\Desktop\À¶ÑÀÄ£¿éEVT202303132212\EVT\EXAM\BLE\LIB\libCH57xBLE.a(gattservapp.o)
 .text.gattServerHandleTimerCB
                0x0000000000008362       0x3c C:\Users\pea\Desktop\À¶ÑÀÄ£¿éEVT202303132212\EVT\EXAM\BLE\LIB\libCH57xBLE.a(gattservapp.o)
 .text.gattProcessExecuteWriteReq
                0x000000000000839e        0x4 C:\Users\pea\Desktop\À¶ÑÀÄ£¿éEVT202303132212\EVT\EXAM\BLE\LIB\libCH57xBLE.a(gattservapp.o)
 .text.GATTServApp_ParamInit
                0x00000000000083a2       0xd8 C:\Users\pea\Desktop\À¶ÑÀÄ£¿éEVT202303132212\EVT\EXAM\BLE\LIB\libCH57xBLE.a(gattservapp.o)
                0x00000000000083a2                GATTServApp_ParamInit
 .text.GATTServApp_ReadCharCfg
                0x000000000000847a       0x18 C:\Users\pea\Desktop\À¶ÑÀÄ£¿éEVT202303132212\EVT\EXAM\BLE\LIB\libCH57xBLE.a(gattservapp.o)
                0x000000000000847a                GATTServApp_ReadCharCfg
 .text.GATTServApp_WriteCharCfg
                0x0000000000008492       0x3c C:\Users\pea\Desktop\À¶ÑÀÄ£¿éEVT202303132212\EVT\EXAM\BLE\LIB\libCH57xBLE.a(gattservapp.o)
                0x0000000000008492                GATTServApp_WriteCharCfg
 .text.GATTServApp_ProcessCCCWriteReq
                0x00000000000084ce       0x60 C:\Users\pea\Desktop\À¶ÑÀÄ£¿éEVT202303132212\EVT\EXAM\BLE\LIB\libCH57xBLE.a(gattservapp.o)
                0x00000000000084ce                GATTServApp_ProcessCCCWriteReq
 .text.gattServApp_WriteAttrCB
                0x000000000000852e       0x34 C:\Users\pea\Desktop\À¶ÑÀÄ£¿éEVT202303132212\EVT\EXAM\BLE\LIB\libCH57xBLE.a(gattservapp.o)
                0x000000000000852e                gattServApp_WriteAttrCB
 .text.GATTServApp_SendCCCUpdatedEvent
                0x0000000000008562       0x5e C:\Users\pea\Desktop\À¶ÑÀÄ£¿éEVT202303132212\EVT\EXAM\BLE\LIB\libCH57xBLE.a(gattservapp.o)
                0x0000000000008562                GATTServApp_SendCCCUpdatedEvent
 .text.GATTServApp_SendServiceChangedInd
                0x00000000000085c0       0x38 C:\Users\pea\Desktop\À¶ÑÀÄ£¿éEVT202303132212\EVT\EXAM\BLE\LIB\libCH57xBLE.a(gattservapp.o)
                0x00000000000085c0                GATTServApp_SendServiceChangedInd
 .text.gattServApp_ClearPrepareWriteQ
                0x00000000000085f8       0x4c C:\Users\pea\Desktop\À¶ÑÀÄ£¿éEVT202303132212\EVT\EXAM\BLE\LIB\libCH57xBLE.a(gattservapp.o)
                0x00000000000085f8                gattServApp_ClearPrepareWriteQ
 .text.gattServApp_FindPrepareWriteQ
                0x0000000000008644       0x32 C:\Users\pea\Desktop\À¶ÑÀÄ£¿éEVT202303132212\EVT\EXAM\BLE\LIB\libCH57xBLE.a(gattservapp.o)
                0x0000000000008644                gattServApp_FindPrepareWriteQ
 .text.gattServApp_FindServiceCBs
                0x0000000000008676       0x18 C:\Users\pea\Desktop\À¶ÑÀÄ£¿éEVT202303132212\EVT\EXAM\BLE\LIB\libCH57xBLE.a(gattservapp.o)
                0x0000000000008676                gattServApp_FindServiceCBs
 .text.gattServApp_FindAuthorizeAttrCB
                0x000000000000868e       0x16 C:\Users\pea\Desktop\À¶ÑÀÄ£¿éEVT202303132212\EVT\EXAM\BLE\LIB\libCH57xBLE.a(gattservapp.o)
                0x000000000000868e                gattServApp_FindAuthorizeAttrCB
 .text.gattServApp_IsWriteLong
                0x00000000000086a4       0xe6 C:\Users\pea\Desktop\À¶ÑÀÄ£¿éEVT202303132212\EVT\EXAM\BLE\LIB\libCH57xBLE.a(gattservapp.o)
                0x00000000000086a4                gattServApp_IsWriteLong
 .text.gattFindService
                0x000000000000878a       0x1c C:\Users\pea\Desktop\À¶ÑÀÄ£¿éEVT202303132212\EVT\EXAM\BLE\LIB\libCH57xBLE.a(gattservapp.o)
                0x000000000000878a                gattFindService
 .text.GATT_ServiceNumAttrs
                0x00000000000087a6       0x18 C:\Users\pea\Desktop\À¶ÑÀÄ£¿éEVT202303132212\EVT\EXAM\BLE\LIB\libCH57xBLE.a(gattservapp.o)
                0x00000000000087a6                GATT_ServiceNumAttrs
 .text.GATT_ServiceEncKeySize
                0x00000000000087be       0x18 C:\Users\pea\Desktop\À¶ÑÀÄ£¿éEVT202303132212\EVT\EXAM\BLE\LIB\libCH57xBLE.a(gattservapp.o)
                0x00000000000087be                GATT_ServiceEncKeySize
 .text.GATT_VerifyWritePermissions.part.7
                0x00000000000087d6       0x2e C:\Users\pea\Desktop\À¶ÑÀÄ£¿éEVT202303132212\EVT\EXAM\BLE\LIB\libCH57xBLE.a(gattservapp.o)
 .text.gattResetServerInfo
                0x0000000000008804       0x1c C:\Users\pea\Desktop\À¶ÑÀÄ£¿éEVT202303132212\EVT\EXAM\BLE\LIB\libCH57xBLE.a(gattservapp.o)
                0x0000000000008804                gattResetServerInfo
 .text.gattFindServerInfo
                0x0000000000008820       0x32 C:\Users\pea\Desktop\À¶ÑÀÄ£¿éEVT202303132212\EVT\EXAM\BLE\LIB\libCH57xBLE.a(gattservapp.o)
                0x0000000000008820                gattFindServerInfo
 .text.gattServerHandleConnStatusCB
                0x0000000000008852       0x98 C:\Users\pea\Desktop\À¶ÑÀÄ£¿éEVT202303132212\EVT\EXAM\BLE\LIB\libCH57xBLE.a(gattservapp.o)
                0x0000000000008852                gattServerHandleConnStatusCB
 .text.gattServerProcessMsgCB
                0x00000000000088ea      0x1c0 C:\Users\pea\Desktop\À¶ÑÀÄ£¿éEVT202303132212\EVT\EXAM\BLE\LIB\libCH57xBLE.a(gattservapp.o)
                0x00000000000088ea                gattServerProcessMsgCB
 .text.gattServerNotifyTxCB
                0x0000000000008aaa       0x28 C:\Users\pea\Desktop\À¶ÑÀÄ£¿éEVT202303132212\EVT\EXAM\BLE\LIB\libCH57xBLE.a(gattservapp.o)
 .text.GATT_FindHandle
                0x0000000000008ad2       0x4a C:\Users\pea\Desktop\À¶ÑÀÄ£¿éEVT202303132212\EVT\EXAM\BLE\LIB\libCH57xBLE.a(gattservapp.o)
                0x0000000000008ad2                GATT_FindHandle
 .text.GATTServApp_WriteAttr
                0x0000000000008b1c       0xa8 C:\Users\pea\Desktop\À¶ÑÀÄ£¿éEVT202303132212\EVT\EXAM\BLE\LIB\libCH57xBLE.a(gattservapp.o)
                0x0000000000008b1c                GATTServApp_WriteAttr
 .text.gattServApp_ProcessExecuteWriteReq
                0x0000000000008bc4      0x100 C:\Users\pea\Desktop\À¶ÑÀÄ£¿éEVT202303132212\EVT\EXAM\BLE\LIB\libCH57xBLE.a(gattservapp.o)
                0x0000000000008bc4                gattServApp_ProcessExecuteWriteReq
 .text.GATTServApp_UpdateCharCfg
                0x0000000000008cc4       0x1e C:\Users\pea\Desktop\À¶ÑÀÄ£¿éEVT202303132212\EVT\EXAM\BLE\LIB\libCH57xBLE.a(gattservapp.o)
                0x0000000000008cc4                GATTServApp_UpdateCharCfg
 .text.gattServApp_ProcessPrepareWriteReq
                0x0000000000008ce2      0x10e C:\Users\pea\Desktop\À¶ÑÀÄ£¿éEVT202303132212\EVT\EXAM\BLE\LIB\libCH57xBLE.a(gattservapp.o)
                0x0000000000008ce2                gattServApp_ProcessPrepareWriteReq
 .text.gattServApp_ProcessWriteReq
                0x0000000000008df0       0xb0 C:\Users\pea\Desktop\À¶ÑÀÄ£¿éEVT202303132212\EVT\EXAM\BLE\LIB\libCH57xBLE.a(gattservapp.o)
                0x0000000000008df0                gattServApp_ProcessWriteReq
 .text.GATT_Indication
                0x0000000000008ea0       0xa4 C:\Users\pea\Desktop\À¶ÑÀÄ£¿éEVT202303132212\EVT\EXAM\BLE\LIB\libCH57xBLE.a(gattservapp.o)
                0x0000000000008ea0                GATT_Indication
 .text.GATT_FindHandleUUID
                0x0000000000008f44       0x94 C:\Users\pea\Desktop\À¶ÑÀÄ£¿éEVT202303132212\EVT\EXAM\BLE\LIB\libCH57xBLE.a(gattservapp.o)
                0x0000000000008f44                GATT_FindHandleUUID
 .text.gattProcessReadByGrpTypeReq
                0x0000000000008fd8       0x60 C:\Users\pea\Desktop\À¶ÑÀÄ£¿éEVT202303132212\EVT\EXAM\BLE\LIB\libCH57xBLE.a(gattservapp.o)
 .text.gattProcessReadByTypeReq
                0x0000000000009038       0x34 C:\Users\pea\Desktop\À¶ÑÀÄ£¿éEVT202303132212\EVT\EXAM\BLE\LIB\libCH57xBLE.a(gattservapp.o)
 .text.gattProcessFindByTypeValueReq
                0x000000000000906c       0x34 C:\Users\pea\Desktop\À¶ÑÀÄ£¿éEVT202303132212\EVT\EXAM\BLE\LIB\libCH57xBLE.a(gattservapp.o)
 .text.gattProcessFindInfoReq
                0x00000000000090a0      0x1aa C:\Users\pea\Desktop\À¶ÑÀÄ£¿éEVT202303132212\EVT\EXAM\BLE\LIB\libCH57xBLE.a(gattservapp.o)
 .text.GATT_Notification
                0x000000000000924a       0x78 C:\Users\pea\Desktop\À¶ÑÀÄ£¿éEVT202303132212\EVT\EXAM\BLE\LIB\libCH57xBLE.a(gattservapp.o)
                0x000000000000924a                GATT_Notification
 .text.GATT_VerifyWritePermissions
                0x00000000000092c2       0x6a C:\Users\pea\Desktop\À¶ÑÀÄ£¿éEVT202303132212\EVT\EXAM\BLE\LIB\libCH57xBLE.a(gattservapp.o)
                0x00000000000092c2                GATT_VerifyWritePermissions
 .text.gattProcessWriteReq
                0x000000000000932c       0x36 C:\Users\pea\Desktop\À¶ÑÀÄ£¿éEVT202303132212\EVT\EXAM\BLE\LIB\libCH57xBLE.a(gattservapp.o)
 .text.GATT_VerifyPrepareWritePermissions
                0x0000000000009362       0x56 C:\Users\pea\Desktop\À¶ÑÀÄ£¿éEVT202303132212\EVT\EXAM\BLE\LIB\libCH57xBLE.a(gattservapp.o)
                0x0000000000009362                GATT_VerifyPrepareWritePermissions
 .text.gattProcessPrepareWriteReq
                0x00000000000093b8       0x36 C:\Users\pea\Desktop\À¶ÑÀÄ£¿éEVT202303132212\EVT\EXAM\BLE\LIB\libCH57xBLE.a(gattservapp.o)
 .text.GATT_FindNextAttr
                0x00000000000093ee       0xc2 C:\Users\pea\Desktop\À¶ÑÀÄ£¿éEVT202303132212\EVT\EXAM\BLE\LIB\libCH57xBLE.a(gattservapp.o)
                0x00000000000093ee                GATT_FindNextAttr
 .text.GATTServApp_ReadAttr
                0x00000000000094b0      0x2e2 C:\Users\pea\Desktop\À¶ÑÀÄ£¿éEVT202303132212\EVT\EXAM\BLE\LIB\libCH57xBLE.a(gattservapp.o)
                0x00000000000094b0                GATTServApp_ReadAttr
 .text.gattServApp_ProcessReadMultiReq
                0x0000000000009792      0x16e C:\Users\pea\Desktop\À¶ÑÀÄ£¿éEVT202303132212\EVT\EXAM\BLE\LIB\libCH57xBLE.a(gattservapp.o)
                0x0000000000009792                gattServApp_ProcessReadMultiReq
 .text.gattServApp_ProcessFindByTypeValueReq
                0x0000000000009900      0x19c C:\Users\pea\Desktop\À¶ÑÀÄ£¿éEVT202303132212\EVT\EXAM\BLE\LIB\libCH57xBLE.a(gattservapp.o)
                0x0000000000009900                gattServApp_ProcessFindByTypeValueReq
 .text.GATT_VerifyReadPermissions
                0x0000000000009a9c       0x68 C:\Users\pea\Desktop\À¶ÑÀÄ£¿éEVT202303132212\EVT\EXAM\BLE\LIB\libCH57xBLE.a(gattservapp.o)
                0x0000000000009a9c                GATT_VerifyReadPermissions
 .text.gattProcessReadMultiReq
                0x0000000000009b04       0xae C:\Users\pea\Desktop\À¶ÑÀÄ£¿éEVT202303132212\EVT\EXAM\BLE\LIB\libCH57xBLE.a(gattservapp.o)
 .text.gattProcessReadReq
                0x0000000000009bb2       0x30 C:\Users\pea\Desktop\À¶ÑÀÄ£¿éEVT202303132212\EVT\EXAM\BLE\LIB\libCH57xBLE.a(gattservapp.o)
 .text.gattServApp_ProcessReadByGrpTypeReq
                0x0000000000009be2      0x21c C:\Users\pea\Desktop\À¶ÑÀÄ£¿éEVT202303132212\EVT\EXAM\BLE\LIB\libCH57xBLE.a(gattservapp.o)
                0x0000000000009be2                gattServApp_ProcessReadByGrpTypeReq
 .text.gattServApp_ProcessReadByTypeReq
                0x0000000000009dfe      0x1ae C:\Users\pea\Desktop\À¶ÑÀÄ£¿éEVT202303132212\EVT\EXAM\BLE\LIB\libCH57xBLE.a(gattservapp.o)
                0x0000000000009dfe                gattServApp_ProcessReadByTypeReq
 .text.GATT_RegisterService
                0x0000000000009fac       0xee C:\Users\pea\Desktop\À¶ÑÀÄ£¿éEVT202303132212\EVT\EXAM\BLE\LIB\libCH57xBLE.a(gattservapp.o)
                0x0000000000009fac                GATT_RegisterService
 .text.GATTServApp_RegisterService
                0x000000000000a09a       0x7c C:\Users\pea\Desktop\À¶ÑÀÄ£¿éEVT202303132212\EVT\EXAM\BLE\LIB\libCH57xBLE.a(gattservapp.o)
                0x000000000000a09a                GATTServApp_RegisterService
 .text.GATTServApp_AddService
                0x000000000000a116       0x2c C:\Users\pea\Desktop\À¶ÑÀÄ£¿éEVT202303132212\EVT\EXAM\BLE\LIB\libCH57xBLE.a(gattservapp.o)
                0x000000000000a116                GATTServApp_AddService
 .text.GATTServApp_RegisterForMsg
                0x000000000000a142        0x6 C:\Users\pea\Desktop\À¶ÑÀÄ£¿éEVT202303132212\EVT\EXAM\BLE\LIB\libCH57xBLE.a(gattservapp.o)
                0x000000000000a142                GATTServApp_RegisterForMsg
 .text.GATTServApp_InitCharCfg
                0x000000000000a148       0x3e C:\Users\pea\Desktop\À¶ÑÀÄ£¿éEVT202303132212\EVT\EXAM\BLE\LIB\libCH57xBLE.a(gattservapp.o)
                0x000000000000a148                GATTServApp_InitCharCfg
 .text.gattServApp_HandleConnStatusCB
                0x000000000000a186       0x74 C:\Users\pea\Desktop\À¶ÑÀÄ£¿éEVT202303132212\EVT\EXAM\BLE\LIB\libCH57xBLE.a(gattservapp.o)
                0x000000000000a186                gattServApp_HandleConnStatusCB
 .text.GATT_InitServer
                0x000000000000a1fa       0xac C:\Users\pea\Desktop\À¶ÑÀÄ£¿éEVT202303132212\EVT\EXAM\BLE\LIB\libCH57xBLE.a(gattservapp.o)
                0x000000000000a1fa                GATT_InitServer
 .text.GATTServApp_Init
                0x000000000000a2a6       0x4a C:\Users\pea\Desktop\À¶ÑÀÄ£¿éEVT202303132212\EVT\EXAM\BLE\LIB\libCH57xBLE.a(gattservapp.o)
                0x000000000000a2a6                GATTServApp_Init
 .text.GATTServApp_ProcessEvent
                0x000000000000a2f0      0x398 C:\Users\pea\Desktop\À¶ÑÀÄ£¿éEVT202303132212\EVT\EXAM\BLE\LIB\libCH57xBLE.a(gattservapp.o)
                0x000000000000a2f0                GATTServApp_ProcessEvent
 .text.l2capAllocConnChannel
                0x000000000000a688       0xd8 C:\Users\pea\Desktop\À¶ÑÀÄ£¿éEVT202303132212\EVT\EXAM\BLE\LIB\libCH57xBLE.a(l2cap.o)
                0x000000000000a688                l2capAllocConnChannel
 .text.l2capFindLocalCID
                0x000000000000a760       0x2c C:\Users\pea\Desktop\À¶ÑÀÄ£¿éEVT202303132212\EVT\EXAM\BLE\LIB\libCH57xBLE.a(l2cap.o)
                0x000000000000a760                l2capFindLocalCID
 .text.l2capFindLocalId
                0x000000000000a78c       0x30 C:\Users\pea\Desktop\À¶ÑÀÄ£¿éEVT202303132212\EVT\EXAM\BLE\LIB\libCH57xBLE.a(l2cap.o)
                0x000000000000a78c                l2capFindLocalId
 .text.l2capFindPsm
                0x000000000000a7bc       0x2c C:\Users\pea\Desktop\À¶ÑÀÄ£¿éEVT202303132212\EVT\EXAM\BLE\LIB\libCH57xBLE.a(l2cap.o)
                0x000000000000a7bc                l2capFindPsm
 .text.l2capFindRemoteCID
                0x000000000000a7e8       0x3c C:\Users\pea\Desktop\À¶ÑÀÄ£¿éEVT202303132212\EVT\EXAM\BLE\LIB\libCH57xBLE.a(l2cap.o)
                0x000000000000a7e8                l2capFindRemoteCID
 .text.l2capFreeChannel
                0x000000000000a824       0x4a C:\Users\pea\Desktop\À¶ÑÀÄ£¿éEVT202303132212\EVT\EXAM\BLE\LIB\libCH57xBLE.a(l2cap.o)
                0x000000000000a824                l2capFreeChannel
 .text.l2capDisconnectChannel
                0x000000000000a86e       0x28 C:\Users\pea\Desktop\À¶ÑÀÄ£¿éEVT202303132212\EVT\EXAM\BLE\LIB\libCH57xBLE.a(l2cap.o)
                0x000000000000a86e                l2capDisconnectChannel
 .text.l2capHandleTimerCB
                0x000000000000a896       0x2c C:\Users\pea\Desktop\À¶ÑÀÄ£¿éEVT202303132212\EVT\EXAM\BLE\LIB\libCH57xBLE.a(l2cap.o)
                0x000000000000a896                l2capHandleTimerCB
 .text.l2capFreePendingPkt
                0x000000000000a8c2       0x58 C:\Users\pea\Desktop\À¶ÑÀÄ£¿éEVT202303132212\EVT\EXAM\BLE\LIB\libCH57xBLE.a(l2cap.o)
                0x000000000000a8c2                l2capFreePendingPkt
 .text.l2capGetCoChannelInfo
                0x000000000000a91a       0x7e C:\Users\pea\Desktop\À¶ÑÀÄ£¿éEVT202303132212\EVT\EXAM\BLE\LIB\libCH57xBLE.a(l2cap.o)
                0x000000000000a91a                l2capGetCoChannelInfo
 .text.l2capNumActiveChannnels
                0x000000000000a998       0x44 C:\Users\pea\Desktop\À¶ÑÀÄ£¿éEVT202303132212\EVT\EXAM\BLE\LIB\libCH57xBLE.a(l2cap.o)
                0x000000000000a998                l2capNumActiveChannnels
 .text.l2capStartTimer
                0x000000000000a9dc       0x1a C:\Users\pea\Desktop\À¶ÑÀÄ£¿éEVT202303132212\EVT\EXAM\BLE\LIB\libCH57xBLE.a(l2cap.o)
                0x000000000000a9dc                l2capStartTimer
 .text.l2capStopTimer
                0x000000000000a9f6       0x1e C:\Users\pea\Desktop\À¶ÑÀÄ£¿éEVT202303132212\EVT\EXAM\BLE\LIB\libCH57xBLE.a(l2cap.o)
                0x000000000000a9f6                l2capStopTimer
 .text.l2capDisconnectAllChannels
                0x000000000000aa14       0xdc C:\Users\pea\Desktop\À¶ÑÀÄ£¿éEVT202303132212\EVT\EXAM\BLE\LIB\libCH57xBLE.a(l2cap.o)
                0x000000000000aa14                l2capDisconnectAllChannels
 .text.l2capHandleConnStatusCB
                0x000000000000aaf0       0x3c C:\Users\pea\Desktop\À¶ÑÀÄ£¿éEVT202303132212\EVT\EXAM\BLE\LIB\libCH57xBLE.a(l2cap.o)
                0x000000000000aaf0                l2capHandleConnStatusCB
 .text.l2capHandleRxError
                0x000000000000ab2c        0x6 C:\Users\pea\Desktop\À¶ÑÀÄ£¿éEVT202303132212\EVT\EXAM\BLE\LIB\libCH57xBLE.a(l2cap.o)
                0x000000000000ab2c                l2capHandleRxError
 .text.L2CAP_GetMTU
                0x000000000000ab32        0x6 C:\Users\pea\Desktop\À¶ÑÀÄ£¿éEVT202303132212\EVT\EXAM\BLE\LIB\libCH57xBLE.a(l2cap.o)
                0x000000000000ab32                L2CAP_GetMTU
 .text.L2CAP_HostNumCompletedPkts
                0x000000000000ab38       0x28 C:\Users\pea\Desktop\À¶ÑÀÄ£¿éEVT202303132212\EVT\EXAM\BLE\LIB\libCH57xBLE.a(l2cap.o)
                0x000000000000ab38                L2CAP_HostNumCompletedPkts
 .text.L2CAP_ParseConnectReq
                0x000000000000ab60       0x5e C:\Users\pea\Desktop\À¶ÑÀÄ£¿éEVT202303132212\EVT\EXAM\BLE\LIB\libCH57xBLE.a(l2cap.o)
                0x000000000000ab60                L2CAP_ParseConnectReq
 .text.L2CAP_ParseFlowCtrlCredit
                0x000000000000abbe       0x2e C:\Users\pea\Desktop\À¶ÑÀÄ£¿éEVT202303132212\EVT\EXAM\BLE\LIB\libCH57xBLE.a(l2cap.o)
                0x000000000000abbe                L2CAP_ParseFlowCtrlCredit
 .text.L2CAP_RegisterApp
                0x000000000000abec       0x30 C:\Users\pea\Desktop\À¶ÑÀÄ£¿éEVT202303132212\EVT\EXAM\BLE\LIB\libCH57xBLE.a(l2cap.o)
                0x000000000000abec                L2CAP_RegisterApp
 .text.L2CAP_SetBufSize
                0x000000000000ac1c       0x10 C:\Users\pea\Desktop\À¶ÑÀÄ£¿éEVT202303132212\EVT\EXAM\BLE\LIB\libCH57xBLE.a(l2cap.o)
                0x000000000000ac1c                L2CAP_SetBufSize
 .text.L2CAP_bm_alloc
                0x000000000000ac2c       0x2a C:\Users\pea\Desktop\À¶ÑÀÄ£¿éEVT202303132212\EVT\EXAM\BLE\LIB\libCH57xBLE.a(l2cap.o)
                0x000000000000ac2c                L2CAP_bm_alloc
 .text.L2CAP_Init
                0x000000000000ac56       0xee C:\Users\pea\Desktop\À¶ÑÀÄ£¿éEVT202303132212\EVT\EXAM\BLE\LIB\libCH57xBLE.a(l2cap.o)
                0x000000000000ac56                L2CAP_Init
 .text.L2CAP_ProcessEvent
                0x000000000000ad44       0xc8 C:\Users\pea\Desktop\À¶ÑÀÄ£¿éEVT202303132212\EVT\EXAM\BLE\LIB\libCH57xBLE.a(l2cap.o)
                0x000000000000ad44                L2CAP_ProcessEvent
 .text.l2capParseCmdReject
                0x000000000000ae0c       0x5e C:\Users\pea\Desktop\À¶ÑÀÄ£¿éEVT202303132212\EVT\EXAM\BLE\LIB\libCH57xBLE.a(l2cap_input.o)
                0x000000000000ae0c                l2capParseCmdReject
 .text.l2capParseDisconnectReq
                0x000000000000ae6a       0x2e C:\Users\pea\Desktop\À¶ÑÀÄ£¿éEVT202303132212\EVT\EXAM\BLE\LIB\libCH57xBLE.a(l2cap_input.o)
                0x000000000000ae6a                l2capParseDisconnectReq
 .text.l2capParseDisconnectRsp
                0x000000000000ae98       0x2e C:\Users\pea\Desktop\À¶ÑÀÄ£¿éEVT202303132212\EVT\EXAM\BLE\LIB\libCH57xBLE.a(l2cap_input.o)
                0x000000000000ae98                l2capParseDisconnectRsp
 .text.L2CAP_ParseParamUpdateReq
                0x000000000000aec6       0x4e C:\Users\pea\Desktop\À¶ÑÀÄ£¿éEVT202303132212\EVT\EXAM\BLE\LIB\libCH57xBLE.a(l2cap_input.o)
                0x000000000000aec6                L2CAP_ParseParamUpdateReq
 .text.l2capParseParamUpdateRsp
                0x000000000000af14       0x1e C:\Users\pea\Desktop\À¶ÑÀÄ£¿éEVT202303132212\EVT\EXAM\BLE\LIB\libCH57xBLE.a(l2cap_input.o)
                0x000000000000af14                l2capParseParamUpdateRsp
 .text.l2capProcessConnectReq
                0x000000000000af32       0xfc C:\Users\pea\Desktop\À¶ÑÀÄ£¿éEVT202303132212\EVT\EXAM\BLE\LIB\libCH57xBLE.a(l2cap_input.o)
                0x000000000000af32                l2capProcessConnectReq
 .text.l2capParseConnectRsp
                0x000000000000b02e       0x5e C:\Users\pea\Desktop\À¶ÑÀÄ£¿éEVT202303132212\EVT\EXAM\BLE\LIB\libCH57xBLE.a(l2cap_input.o)
                0x000000000000b02e                l2capParseConnectRsp
 .text.l2capParseSignalHdr
                0x000000000000b08c       0x22 C:\Users\pea\Desktop\À¶ÑÀÄ£¿éEVT202303132212\EVT\EXAM\BLE\LIB\libCH57xBLE.a(l2cap_input.o)
                0x000000000000b08c                l2capParseSignalHdr
 .text.l2capParsePacket
                0x000000000000b0ae       0x8c C:\Users\pea\Desktop\À¶ÑÀÄ£¿éEVT202303132212\EVT\EXAM\BLE\LIB\libCH57xBLE.a(l2cap_input.o)
                0x000000000000b0ae                l2capParsePacket
 .text.l2capProcessReq
                0x000000000000b13a      0x15a C:\Users\pea\Desktop\À¶ÑÀÄ£¿éEVT202303132212\EVT\EXAM\BLE\LIB\libCH57xBLE.a(l2cap_input.o)
                0x000000000000b13a                l2capProcessReq
 .text.l2capProcessRsp
                0x000000000000b294      0x150 C:\Users\pea\Desktop\À¶ÑÀÄ£¿éEVT202303132212\EVT\EXAM\BLE\LIB\libCH57xBLE.a(l2cap_input.o)
                0x000000000000b294                l2capProcessRsp
 .text.l2capProcessRxData
                0x000000000000b3e4       0xf8 C:\Users\pea\Desktop\À¶ÑÀÄ£¿éEVT202303132212\EVT\EXAM\BLE\LIB\libCH57xBLE.a(l2cap_input.o)
                0x000000000000b3e4                l2capProcessRxData
 .text.l2capNotifyData
                0x000000000000b4dc       0x5a C:\Users\pea\Desktop\À¶ÑÀÄ£¿éEVT202303132212\EVT\EXAM\BLE\LIB\libCH57xBLE.a(l2cap_output.o)
                0x000000000000b4dc                l2capNotifyData
 .text.l2capNotifySignal
                0x000000000000b536       0x76 C:\Users\pea\Desktop\À¶ÑÀÄ£¿éEVT202303132212\EVT\EXAM\BLE\LIB\libCH57xBLE.a(l2cap_output.o)
                0x000000000000b536                l2capNotifySignal
 .text.l2capNotifyCreditEvt
                0x000000000000b5ac       0x9c C:\Users\pea\Desktop\À¶ÑÀÄ£¿éEVT202303132212\EVT\EXAM\BLE\LIB\libCH57xBLE.a(l2cap_output.o)
                0x000000000000b5ac                l2capNotifyCreditEvt
 .text.l2capNotifyChannelEstEvt
                0x000000000000b648       0x58 C:\Users\pea\Desktop\À¶ÑÀÄ£¿éEVT202303132212\EVT\EXAM\BLE\LIB\libCH57xBLE.a(l2cap_output.o)
                0x000000000000b648                l2capNotifyChannelEstEvt
 .text.l2capNotifyChannelTermEvt
                0x000000000000b6a0       0x3e C:\Users\pea\Desktop\À¶ÑÀÄ£¿éEVT202303132212\EVT\EXAM\BLE\LIB\libCH57xBLE.a(l2cap_output.o)
                0x000000000000b6a0                l2capNotifyChannelTermEvt
 .text.l2capNotifyEvent
                0x000000000000b6de       0x66 C:\Users\pea\Desktop\À¶ÑÀÄ£¿éEVT202303132212\EVT\EXAM\BLE\LIB\libCH57xBLE.a(l2cap_output.o)
                0x000000000000b6de                l2capNotifyEvent
 .text.l2capStoreFCPkt
                0x000000000000b744       0x32 C:\Users\pea\Desktop\À¶ÑÀÄ£¿éEVT202303132212\EVT\EXAM\BLE\LIB\libCH57xBLE.a(l2cap_output.o)
                0x000000000000b744                l2capStoreFCPkt
 .text.l2capFreeTxSDU
                0x000000000000b776       0x9a C:\Users\pea\Desktop\À¶ÑÀÄ£¿éEVT202303132212\EVT\EXAM\BLE\LIB\libCH57xBLE.a(l2cap_output.o)
                0x000000000000b776                l2capFreeTxSDU
 .text.l2capReassembleSegment
                0x000000000000b810      0x174 C:\Users\pea\Desktop\À¶ÑÀÄ£¿éEVT202303132212\EVT\EXAM\BLE\LIB\libCH57xBLE.a(l2cap_output.o)
                0x000000000000b810                l2capReassembleSegment
 .text.l2capEncapSendData
                0x000000000000b984       0xec C:\Users\pea\Desktop\À¶ÑÀÄ£¿éEVT202303132212\EVT\EXAM\BLE\LIB\libCH57xBLE.a(l2cap_output.o)
                0x000000000000b984                l2capEncapSendData
 .text.l2capSendFCPkt.part.3
                0x000000000000ba70       0x70 C:\Users\pea\Desktop\À¶ÑÀÄ£¿éEVT202303132212\EVT\EXAM\BLE\LIB\libCH57xBLE.a(l2cap_output.o)
 .text.l2capSendSegment
                0x000000000000bae0      0x108 C:\Users\pea\Desktop\À¶ÑÀÄ£¿éEVT202303132212\EVT\EXAM\BLE\LIB\libCH57xBLE.a(l2cap_output.o)
                0x000000000000bae0                l2capSendSegment
 .text.l2capSendNextSegment
                0x000000000000bbe8       0xb4 C:\Users\pea\Desktop\À¶ÑÀÄ£¿éEVT202303132212\EVT\EXAM\BLE\LIB\libCH57xBLE.a(l2cap_output.o)
                0x000000000000bbe8                l2capSendNextSegment
 .text.l2capSendPkt
                0x000000000000bc9c       0x3a C:\Users\pea\Desktop\À¶ÑÀÄ£¿éEVT202303132212\EVT\EXAM\BLE\LIB\libCH57xBLE.a(l2cap_output.o)
                0x000000000000bc9c                l2capSendPkt
 .text.L2CAP_SendData
                0x000000000000bcd6       0x78 C:\Users\pea\Desktop\À¶ÑÀÄ£¿éEVT202303132212\EVT\EXAM\BLE\LIB\libCH57xBLE.a(l2cap_output.o)
                0x000000000000bcd6                L2CAP_SendData
 .text.l2capSendCmd
                0x000000000000bd4e       0x8a C:\Users\pea\Desktop\À¶ÑÀÄ£¿éEVT202303132212\EVT\EXAM\BLE\LIB\libCH57xBLE.a(l2cap_output.o)
                0x000000000000bd4e                l2capSendCmd
 .text.l2capSendReq
                0x000000000000bdd8       0xc4 C:\Users\pea\Desktop\À¶ÑÀÄ£¿éEVT202303132212\EVT\EXAM\BLE\LIB\libCH57xBLE.a(l2cap_output.o)
                0x000000000000bdd8                l2capSendReq
 .text.l2capBuildDisconnectReq
                0x000000000000be9c       0x28 C:\Users\pea\Desktop\À¶ÑÀÄ£¿éEVT202303132212\EVT\EXAM\BLE\LIB\libCH57xBLE.a(l2cap_sdu.o)
 .text.l2capBuildParamUpdateReq
                0x000000000000bec4       0x4c C:\Users\pea\Desktop\À¶ÑÀÄ£¿éEVT202303132212\EVT\EXAM\BLE\LIB\libCH57xBLE.a(l2cap_sdu.o)
 .text.l2capBuildParamUpdateRsp
                0x000000000000bf10       0x16 C:\Users\pea\Desktop\À¶ÑÀÄ£¿éEVT202303132212\EVT\EXAM\BLE\LIB\libCH57xBLE.a(l2cap_sdu.o)
 .text.l2capBuildConnectRsp
                0x000000000000bf26       0x5e C:\Users\pea\Desktop\À¶ÑÀÄ£¿éEVT202303132212\EVT\EXAM\BLE\LIB\libCH57xBLE.a(l2cap_sdu.o)
 .text.l2capBuildCmdReject
                0x000000000000bf84       0x62 C:\Users\pea\Desktop\À¶ÑÀÄ£¿éEVT202303132212\EVT\EXAM\BLE\LIB\libCH57xBLE.a(l2cap_sdu.o)
                0x000000000000bf84                l2capBuildCmdReject
 .text.l2capBuildDisconnectRsp
                0x000000000000bfe6       0x28 C:\Users\pea\Desktop\À¶ÑÀÄ£¿éEVT202303132212\EVT\EXAM\BLE\LIB\libCH57xBLE.a(l2cap_sdu.o)
                0x000000000000bfe6                l2capBuildDisconnectRsp
 .text.l2capSendConnectRsp
                0x000000000000c00e       0xa2 C:\Users\pea\Desktop\À¶ÑÀÄ£¿éEVT202303132212\EVT\EXAM\BLE\LIB\libCH57xBLE.a(l2cap_sdu.o)
                0x000000000000c00e                l2capSendConnectRsp
 .text.L2CAP_CmdReject
                0x000000000000c0b0       0x12 C:\Users\pea\Desktop\À¶ÑÀÄ£¿éEVT202303132212\EVT\EXAM\BLE\LIB\libCH57xBLE.a(l2cap_sdu.o)
                0x000000000000c0b0                L2CAP_CmdReject
 .text.L2CAP_DisconnectReq
                0x000000000000c0c2       0x2a C:\Users\pea\Desktop\À¶ÑÀÄ£¿éEVT202303132212\EVT\EXAM\BLE\LIB\libCH57xBLE.a(l2cap_sdu.o)
                0x000000000000c0c2                L2CAP_DisconnectReq
 .text.L2CAP_ConnParamUpdateReq
                0x000000000000c0ec       0x16 C:\Users\pea\Desktop\À¶ÑÀÄ£¿éEVT202303132212\EVT\EXAM\BLE\LIB\libCH57xBLE.a(l2cap_sdu.o)
                0x000000000000c0ec                L2CAP_ConnParamUpdateReq
 .text.L2CAP_ConnParamUpdateRsp
                0x000000000000c102       0x12 C:\Users\pea\Desktop\À¶ÑÀÄ£¿éEVT202303132212\EVT\EXAM\BLE\LIB\libCH57xBLE.a(l2cap_sdu.o)
                0x000000000000c102                L2CAP_ConnParamUpdateRsp
 .text.reportStatusChange
                0x000000000000c114       0x3e C:\Users\pea\Desktop\À¶ÑÀÄ£¿éEVT202303132212\EVT\EXAM\BLE\LIB\libCH57xBLE.a(linkdb.o)
 .text.linkDB_Init
                0x000000000000c152       0x76 C:\Users\pea\Desktop\À¶ÑÀÄ£¿éEVT202303132212\EVT\EXAM\BLE\LIB\libCH57xBLE.a(linkdb.o)
                0x000000000000c152                linkDB_Init
 .text.linkDB_Find
                0x000000000000c1c8       0x2c C:\Users\pea\Desktop\À¶ÑÀÄ£¿éEVT202303132212\EVT\EXAM\BLE\LIB\libCH57xBLE.a(linkdb.o)
                0x000000000000c1c8                linkDB_Find
 .text.linkDB_Authen
                0x000000000000c1f4       0x5c C:\Users\pea\Desktop\À¶ÑÀÄ£¿éEVT202303132212\EVT\EXAM\BLE\LIB\libCH57xBLE.a(linkdb.o)
                0x000000000000c1f4                linkDB_Authen
 .text.linkDB_FindFirst
                0x000000000000c250       0x38 C:\Users\pea\Desktop\À¶ÑÀÄ£¿éEVT202303132212\EVT\EXAM\BLE\LIB\libCH57xBLE.a(linkdb.o)
                0x000000000000c250                linkDB_FindFirst
 .text.linkDB_MTU
                0x000000000000c288       0x18 C:\Users\pea\Desktop\À¶ÑÀÄ£¿éEVT202303132212\EVT\EXAM\BLE\LIB\libCH57xBLE.a(linkdb.o)
                0x000000000000c288                linkDB_MTU
 .text.linkDB_NumActive
                0x000000000000c2a0       0x2e C:\Users\pea\Desktop\À¶ÑÀÄ£¿éEVT202303132212\EVT\EXAM\BLE\LIB\libCH57xBLE.a(linkdb.o)
                0x000000000000c2a0                linkDB_NumActive
 .text.linkDB_NumConns
                0x000000000000c2ce        0x6 C:\Users\pea\Desktop\À¶ÑÀÄ£¿éEVT202303132212\EVT\EXAM\BLE\LIB\libCH57xBLE.a(linkdb.o)
                0x000000000000c2ce                linkDB_NumConns
 .text.linkDB_Register
                0x000000000000c2d4       0x28 C:\Users\pea\Desktop\À¶ÑÀÄ£¿éEVT202303132212\EVT\EXAM\BLE\LIB\libCH57xBLE.a(linkdb.o)
                0x000000000000c2d4                linkDB_Register
 .text.linkDB_Remove
                0x000000000000c2fc       0x48 C:\Users\pea\Desktop\À¶ÑÀÄ£¿éEVT202303132212\EVT\EXAM\BLE\LIB\libCH57xBLE.a(linkdb.o)
                0x000000000000c2fc                linkDB_Remove
 .text.linkDB_Role
                0x000000000000c344       0x18 C:\Users\pea\Desktop\À¶ÑÀÄ£¿éEVT202303132212\EVT\EXAM\BLE\LIB\libCH57xBLE.a(linkdb.o)
                0x000000000000c344                linkDB_Role
 .text.linkDB_State
                0x000000000000c35c       0x30 C:\Users\pea\Desktop\À¶ÑÀÄ£¿éEVT202303132212\EVT\EXAM\BLE\LIB\libCH57xBLE.a(linkdb.o)
                0x000000000000c35c                linkDB_State
 .text.linkDB_UpdateMTU
                0x000000000000c38c       0x28 C:\Users\pea\Desktop\À¶ÑÀÄ£¿éEVT202303132212\EVT\EXAM\BLE\LIB\libCH57xBLE.a(linkdb.o)
                0x000000000000c38c                linkDB_UpdateMTU
 .text.linkDB_PerformFunc
                0x000000000000c3b4       0x52 C:\Users\pea\Desktop\À¶ÑÀÄ£¿éEVT202303132212\EVT\EXAM\BLE\LIB\libCH57xBLE.a(linkdb.o)
                0x000000000000c3b4                linkDB_PerformFunc
 .text.linkDB_PeripheralLinkNum
                0x000000000000c406       0x3e C:\Users\pea\Desktop\À¶ÑÀÄ£¿éEVT202303132212\EVT\EXAM\BLE\LIB\libCH57xBLE.a(linkdb.o)
                0x000000000000c406                linkDB_PeripheralLinkNum
 .text.linkDB_GetSMEvtID
                0x000000000000c444       0x58 C:\Users\pea\Desktop\À¶ÑÀÄ£¿éEVT202303132212\EVT\EXAM\BLE\LIB\libCH57xBLE.a(linkdb.o)
                0x000000000000c444                linkDB_GetSMEvtID
 .text.linkDB_Add
                0x000000000000c49c       0xb2 C:\Users\pea\Desktop\À¶ÑÀÄ£¿éEVT202303132212\EVT\EXAM\BLE\LIB\libCH57xBLE.a(linkdb.o)
                0x000000000000c49c                linkDB_Add
 .text.linkDB_GetHandleFromSMEvtID
                0x000000000000c54e       0x32 C:\Users\pea\Desktop\À¶ÑÀÄ£¿éEVT202303132212\EVT\EXAM\BLE\LIB\libCH57xBLE.a(linkdb.o)
                0x000000000000c54e                linkDB_GetHandleFromSMEvtID
 .text.linkDB_GetPairingParam
                0x000000000000c580       0x54 C:\Users\pea\Desktop\À¶ÑÀÄ£¿éEVT202303132212\EVT\EXAM\BLE\LIB\libCH57xBLE.a(linkdb.o)
                0x000000000000c580                linkDB_GetPairingParam
 .text.linkDB_NeedSendKey
                0x000000000000c5d4       0x42 C:\Users\pea\Desktop\À¶ÑÀÄ£¿éEVT202303132212\EVT\EXAM\BLE\LIB\libCH57xBLE.a(linkdb.o)
                0x000000000000c5d4                linkDB_NeedSendKey
 .text.smpBuildPairingFailed
                0x000000000000c616       0x1a C:\Users\pea\Desktop\À¶ÑÀÄ£¿éEVT202303132212\EVT\EXAM\BLE\LIB\libCH57xBLE.a(sm.o)
                0x000000000000c616                smpBuildPairingFailed
 .text.SM_StartEncryption
                0x000000000000c630       0x98 C:\Users\pea\Desktop\À¶ÑÀÄ£¿éEVT202303132212\EVT\EXAM\BLE\LIB\libCH57xBLE.a(sm.o)
                0x000000000000c630                SM_StartEncryption
 .text.smpBuildEncInfo
                0x000000000000c6c8       0x30 C:\Users\pea\Desktop\À¶ÑÀÄ£¿éEVT202303132212\EVT\EXAM\BLE\LIB\libCH57xBLE.a(sm.o)
                0x000000000000c6c8                smpBuildEncInfo
 .text.smpBuildIdentityAddrInfo
                0x000000000000c6f8       0x3a C:\Users\pea\Desktop\À¶ÑÀÄ£¿éEVT202303132212\EVT\EXAM\BLE\LIB\libCH57xBLE.a(sm.o)
                0x000000000000c6f8                smpBuildIdentityAddrInfo
 .text.smpBuildIdentityInfo
                0x000000000000c732       0x30 C:\Users\pea\Desktop\À¶ÑÀÄ£¿éEVT202303132212\EVT\EXAM\BLE\LIB\libCH57xBLE.a(sm.o)
                0x000000000000c732                smpBuildIdentityInfo
 .text.smpBuildMasterID
                0x000000000000c762       0x44 C:\Users\pea\Desktop\À¶ÑÀÄ£¿éEVT202303132212\EVT\EXAM\BLE\LIB\libCH57xBLE.a(sm.o)
                0x000000000000c762                smpBuildMasterID
 .text.smpBuildPairingConfirm
                0x000000000000c7a6       0x30 C:\Users\pea\Desktop\À¶ÑÀÄ£¿éEVT202303132212\EVT\EXAM\BLE\LIB\libCH57xBLE.a(sm.o)
                0x000000000000c7a6                smpBuildPairingConfirm
 .text.smpBuildPairingRandom
                0x000000000000c7d6       0x30 C:\Users\pea\Desktop\À¶ÑÀÄ£¿éEVT202303132212\EVT\EXAM\BLE\LIB\libCH57xBLE.a(sm.o)
                0x000000000000c7d6                smpBuildPairingRandom
 .text.smpBuildSigningInfo
                0x000000000000c806       0x30 C:\Users\pea\Desktop\À¶ÑÀÄ£¿éEVT202303132212\EVT\EXAM\BLE\LIB\libCH57xBLE.a(sm.o)
                0x000000000000c806                smpBuildSigningInfo
 .text.SM_ParamInit
                0x000000000000c836       0x5a C:\Users\pea\Desktop\À¶ÑÀÄ£¿éEVT202303132212\EVT\EXAM\BLE\LIB\libCH57xBLE.a(sm.o)
                0x000000000000c836                SM_ParamInit
 .text.smDetermineKeySize
                0x000000000000c890       0x20 C:\Users\pea\Desktop\À¶ÑÀÄ£¿éEVT202303132212\EVT\EXAM\BLE\LIB\libCH57xBLE.a(sm.o)
                0x000000000000c890                smDetermineKeySize
 .text.smProcessRandComplete
                0x000000000000c8b0       0x9e C:\Users\pea\Desktop\À¶ÑÀÄ£¿éEVT202303132212\EVT\EXAM\BLE\LIB\libCH57xBLE.a(sm.o)
                0x000000000000c8b0                smProcessRandComplete
 .text.smSavePairInfo
                0x000000000000c94e      0x186 C:\Users\pea\Desktop\À¶ÑÀÄ£¿éEVT202303132212\EVT\EXAM\BLE\LIB\libCH57xBLE.a(sm.o)
                0x000000000000c94e                smSavePairInfo
 .text.smSetPairingReqRsp
                0x000000000000cad4       0x38 C:\Users\pea\Desktop\À¶ÑÀÄ£¿éEVT202303132212\EVT\EXAM\BLE\LIB\libCH57xBLE.a(sm.o)
                0x000000000000cad4                smSetPairingReqRsp
 .text.smStartEncryption
                0x000000000000cb0c       0x16 C:\Users\pea\Desktop\À¶ÑÀÄ£¿éEVT202303132212\EVT\EXAM\BLE\LIB\libCH57xBLE.a(sm.o)
                0x000000000000cb0c                smStartEncryption
 .text.smStartRspTimer
                0x000000000000cb22       0x36 C:\Users\pea\Desktop\À¶ÑÀÄ£¿éEVT202303132212\EVT\EXAM\BLE\LIB\libCH57xBLE.a(sm.o)
                0x000000000000cb22                smStartRspTimer
 .text.smSendSMMsg
                0x000000000000cb58       0x5c C:\Users\pea\Desktop\À¶ÑÀÄ£¿éEVT202303132212\EVT\EXAM\BLE\LIB\libCH57xBLE.a(sm.o)
                0x000000000000cb58                smSendSMMsg
 .text.smGenerateConfirm
                0x000000000000cbb4       0x34 C:\Users\pea\Desktop\À¶ÑÀÄ£¿éEVT202303132212\EVT\EXAM\BLE\LIB\libCH57xBLE.a(sm.o)
                0x000000000000cbb4                smGenerateConfirm
 .text.smGenerateRandMsg
                0x000000000000cbe8       0x34 C:\Users\pea\Desktop\À¶ÑÀÄ£¿éEVT202303132212\EVT\EXAM\BLE\LIB\libCH57xBLE.a(sm.o)
                0x000000000000cbe8                smGenerateRandMsg
 .text.smPairingSendEncInfo
                0x000000000000cc1c       0x10 C:\Users\pea\Desktop\À¶ÑÀÄ£¿éEVT202303132212\EVT\EXAM\BLE\LIB\libCH57xBLE.a(sm.o)
                0x000000000000cc1c                smPairingSendEncInfo
 .text.smPairingSendIdentityAddrInfo
                0x000000000000cc2c       0x38 C:\Users\pea\Desktop\À¶ÑÀÄ£¿éEVT202303132212\EVT\EXAM\BLE\LIB\libCH57xBLE.a(sm.o)
                0x000000000000cc2c                smPairingSendIdentityAddrInfo
 .text.smPairingSendIdentityInfo
                0x000000000000cc64       0x10 C:\Users\pea\Desktop\À¶ÑÀÄ£¿éEVT202303132212\EVT\EXAM\BLE\LIB\libCH57xBLE.a(sm.o)
                0x000000000000cc64                smPairingSendIdentityInfo
 .text.smPairingSendMasterID
                0x000000000000cc74       0x38 C:\Users\pea\Desktop\À¶ÑÀÄ£¿éEVT202303132212\EVT\EXAM\BLE\LIB\libCH57xBLE.a(sm.o)
                0x000000000000cc74                smPairingSendMasterID
 .text.smPairingSendSingingInfo
                0x000000000000ccac       0x10 C:\Users\pea\Desktop\À¶ÑÀÄ£¿éEVT202303132212\EVT\EXAM\BLE\LIB\libCH57xBLE.a(sm.o)
                0x000000000000ccac                smPairingSendSingingInfo
 .text.smInitiatorSendNextKeyInfo
                0x000000000000ccbc      0x1c2 C:\Users\pea\Desktop\À¶ÑÀÄ£¿éEVT202303132212\EVT\EXAM\BLE\LIB\libCH57xBLE.a(sm.o)
                0x000000000000ccbc                smInitiatorSendNextKeyInfo
 .text.smResponderSendNextKeyInfo
                0x000000000000ce7e      0x216 C:\Users\pea\Desktop\À¶ÑÀÄ£¿éEVT202303132212\EVT\EXAM\BLE\LIB\libCH57xBLE.a(sm.o)
                0x000000000000ce7e                smResponderSendNextKeyInfo
 .text.smGeneratePairingReqRsp
                0x000000000000d094       0x3e C:\Users\pea\Desktop\À¶ÑÀÄ£¿éEVT202303132212\EVT\EXAM\BLE\LIB\libCH57xBLE.a(sm.o)
                0x000000000000d094                smGeneratePairingReqRsp
 .text.smStopRspTimer
                0x000000000000d0d2        0xa C:\Users\pea\Desktop\À¶ÑÀÄ£¿éEVT202303132212\EVT\EXAM\BLE\LIB\libCH57xBLE.a(sm.o)
                0x000000000000d0d2                smStopRspTimer
 .text.smFreePairingParams
                0x000000000000d0dc       0x68 C:\Users\pea\Desktop\À¶ÑÀÄ£¿éEVT202303132212\EVT\EXAM\BLE\LIB\libCH57xBLE.a(sm.o)
                0x000000000000d0dc                smFreePairingParams
 .text.smEndPairing
                0x000000000000d144       0x5c C:\Users\pea\Desktop\À¶ÑÀÄ£¿éEVT202303132212\EVT\EXAM\BLE\LIB\libCH57xBLE.a(sm.o)
                0x000000000000d144                smEndPairing
 .text.setupInitiatorKeys
                0x000000000000d1a0       0x82 C:\Users\pea\Desktop\À¶ÑÀÄ£¿éEVT202303132212\EVT\EXAM\BLE\LIB\libCH57xBLE.a(sm.o)
                0x000000000000d1a0                setupInitiatorKeys
 .text.smNextPairingState
                0x000000000000d222       0x56 C:\Users\pea\Desktop\À¶ÑÀÄ£¿éEVT202303132212\EVT\EXAM\BLE\LIB\libCH57xBLE.a(sm.o)
                0x000000000000d222                smNextPairingState
 .text.smProcessEncryptChange
                0x000000000000d278       0xde C:\Users\pea\Desktop\À¶ÑÀÄ£¿éEVT202303132212\EVT\EXAM\BLE\LIB\libCH57xBLE.a(sm.o)
                0x000000000000d278                smProcessEncryptChange
 .text.smSendFailAndEnd
                0x000000000000d356       0x38 C:\Users\pea\Desktop\À¶ÑÀÄ£¿éEVT202303132212\EVT\EXAM\BLE\LIB\libCH57xBLE.a(sm.o)
                0x000000000000d356                smSendFailAndEnd
 .text.smProcessPairingReq
                0x000000000000d38e       0x3c C:\Users\pea\Desktop\À¶ÑÀÄ£¿éEVT202303132212\EVT\EXAM\BLE\LIB\libCH57xBLE.a(sm.o)
                0x000000000000d38e                smProcessPairingReq
 .text.smLinkCheck
                0x000000000000d3ca       0x34 C:\Users\pea\Desktop\À¶ÑÀÄ£¿éEVT202303132212\EVT\EXAM\BLE\LIB\libCH57xBLE.a(sm.o)
                0x000000000000d3ca                smLinkCheck
 .text.smTimedOut
                0x000000000000d3fe       0x20 C:\Users\pea\Desktop\À¶ÑÀÄ£¿éEVT202303132212\EVT\EXAM\BLE\LIB\libCH57xBLE.a(sm.o)
                0x000000000000d3fe                smTimedOut
 .text.smUint8ToAuthReq
                0x000000000000d41e        0x6 C:\Users\pea\Desktop\À¶ÑÀÄ£¿éEVT202303132212\EVT\EXAM\BLE\LIB\libCH57xBLE.a(sm.o)
                0x000000000000d41e                smUint8ToAuthReq
 .text.sm_ah    0x000000000000d424       0x7e C:\Users\pea\Desktop\À¶ÑÀÄ£¿éEVT202303132212\EVT\EXAM\BLE\LIB\libCH57xBLE.a(sm.o)