Archive member included to satisfy reference by file (symbol)

H:\Project\AC_Charging_pile\CH573EVT\EVT\EXAM\SRC\StdPeriphDriver\libISP573.a(ISP573.o)
                              ./StdPeriphDriver/CH57x_adc.o (FLASH_EEPROM_CMD)
H:\Project\AC_Charging_pile\CH573EVT\EVT\EXAM\BLE\LIB\libCH57xBLE.a(message.o)
                              ./HAL/MCU.o (tmos_msg_deallocate)
H:\Project\AC_Charging_pile\CH573EVT\EVT\EXAM\BLE\LIB\libCH57xBLE.a(tmos.o)
                              ./Profile/devinfoservice.o (tmos_memcpy)
H:\Project\AC_Charging_pile\CH573EVT\EVT\EXAM\BLE\LIB\libCH57xBLE.a(tmos_hw.o)
                              H:\Project\AC_Charging_pile\CH573EVT\EVT\EXAM\BLE\LIB\libCH57xBLE.a(tmos.o) (RTC_Get32KClock)
H:\Project\AC_Charging_pile\CH573EVT\EVT\EXAM\BLE\LIB\libCH57xBLE.a(tmos_snv.o)
                              H:\Project\AC_Charging_pile\CH573EVT\EVT\EXAM\BLE\LIB\libCH57xBLE.a(tmos.o) (tmos_snv_init)
H:\Project\AC_Charging_pile\CH573EVT\EVT\EXAM\BLE\LIB\libCH57xBLE.a(att.o)
                              ./APP/peripheral.o (ATT_GetMTU)
H:\Project\AC_Charging_pile\CH573EVT\EVT\EXAM\BLE\LIB\libCH57xBLE.a(att_client.o)
                              H:\Project\AC_Charging_pile\CH573EVT\EVT\EXAM\BLE\LIB\libCH57xBLE.a(att.o) (ATT_HandleValueConfirmation)
H:\Project\AC_Charging_pile\CH573EVT\EVT\EXAM\BLE\LIB\libCH57xBLE.a(gap.o)
                              ./APP/peripheral.o (GAP_SetParamValue)
H:\Project\AC_Charging_pile\CH573EVT\EVT\EXAM\BLE\LIB\libCH57xBLE.a(gap_central.o)
                              H:\Project\AC_Charging_pile\CH573EVT\EVT\EXAM\BLE\LIB\libCH57xBLE.a(gap.o) (GAP_CentralParamInit)
H:\Project\AC_Charging_pile\CH573EVT\EVT\EXAM\BLE\LIB\libCH57xBLE.a(gap_peripheral.o)
                              H:\Project\AC_Charging_pile\CH573EVT\EVT\EXAM\BLE\LIB\libCH57xBLE.a(gap.o) (GAP_PeripheralParamInit)
H:\Project\AC_Charging_pile\CH573EVT\EVT\EXAM\BLE\LIB\libCH57xBLE.a(gapgattserver.o)
                              ./APP/peripheral.o (GGS_SetParameter)
H:\Project\AC_Charging_pile\CH573EVT\EVT\EXAM\BLE\LIB\libCH57xBLE.a(gatt.o)
                              ./APP/peripheral.o (GATT_bm_alloc)
H:\Project\AC_Charging_pile\CH573EVT\EVT\EXAM\BLE\LIB\libCH57xBLE.a(gatt_uuid.o)
                              H:\Project\AC_Charging_pile\CH573EVT\EVT\EXAM\BLE\LIB\libCH57xBLE.a(gatt.o) (serviceChangedUUID)
H:\Project\AC_Charging_pile\CH573EVT\EVT\EXAM\BLE\LIB\libCH57xBLE.a(gattclientapp.o)
                              H:\Project\AC_Charging_pile\CH573EVT\EVT\EXAM\BLE\LIB\libCH57xBLE.a(gatt.o) (gattGetClientStatus)
H:\Project\AC_Charging_pile\CH573EVT\EVT\EXAM\BLE\LIB\libCH57xBLE.a(gattservapp.o)
                              ./Profile/gattprofile.o (GATTServApp_ReadCharCfg)
H:\Project\AC_Charging_pile\CH573EVT\EVT\EXAM\BLE\LIB\libCH57xBLE.a(l2cap.o)
                              H:\Project\AC_Charging_pile\CH573EVT\EVT\EXAM\BLE\LIB\libCH57xBLE.a(att.o) (L2CAP_GetMTU)
H:\Project\AC_Charging_pile\CH573EVT\EVT\EXAM\BLE\LIB\libCH57xBLE.a(l2cap_input.o)
                              H:\Project\AC_Charging_pile\CH573EVT\EVT\EXAM\BLE\LIB\libCH57xBLE.a(l2cap.o) (l2capProcessRxData)
H:\Project\AC_Charging_pile\CH573EVT\EVT\EXAM\BLE\LIB\libCH57xBLE.a(l2cap_output.o)
                              H:\Project\AC_Charging_pile\CH573EVT\EVT\EXAM\BLE\LIB\libCH57xBLE.a(l2cap_input.o) (l2capNotifyData)
H:\Project\AC_Charging_pile\CH573EVT\EVT\EXAM\BLE\LIB\libCH57xBLE.a(l2cap_sdu.o)
                              H:\Project\AC_Charging_pile\CH573EVT\EVT\EXAM\BLE\LIB\libCH57xBLE.a(l2cap_input.o) (l2capBuildDisconnectRsp)
H:\Project\AC_Charging_pile\CH573EVT\EVT\EXAM\BLE\LIB\libCH57xBLE.a(linkdb.o)
                              H:\Project\AC_Charging_pile\CH573EVT\EVT\EXAM\BLE\LIB\libCH57xBLE.a(l2cap.o) (linkDB_Init)
H:\Project\AC_Charging_pile\CH573EVT\EVT\EXAM\BLE\LIB\libCH57xBLE.a(sm.o)
                              H:\Project\AC_Charging_pile\CH573EVT\EVT\EXAM\BLE\LIB\libCH57xBLE.a(gap.o) (smStartEncryption)
H:\Project\AC_Charging_pile\CH573EVT\EVT\EXAM\BLE\LIB\libCH57xBLE.a(host_input.o)
                              H:\Project\AC_Charging_pile\CH573EVT\EVT\EXAM\BLE\LIB\libCH57xBLE.a(gap.o) (gBleHostPara)
H:\Project\AC_Charging_pile\CH573EVT\EVT\EXAM\BLE\LIB\libCH57xBLE.a(host_output.o)
                              H:\Project\AC_Charging_pile\CH573EVT\EVT\EXAM\BLE\LIB\libCH57xBLE.a(gap.o) (HCI_DisconnectCmd)
H:\Project\AC_Charging_pile\CH573EVT\EVT\EXAM\BLE\LIB\libCH57xBLE.a(ll_connect.o)
                              H:\Project\AC_Charging_pile\CH573EVT\EVT\EXAM\BLE\LIB\libCH57xBLE.a(tmos.o) (LL_GetNextConnectEventTime)
H:\Project\AC_Charging_pile\CH573EVT\EVT\EXAM\BLE\LIB\libCH57xBLE.a(ll_core.o)
                              H:\Project\AC_Charging_pile\CH573EVT\EVT\EXAM\BLE\LIB\libCH57xBLE.a(ll_connect.o) (LL_CoreGetCore)
H:\Project\AC_Charging_pile\CH573EVT\EVT\EXAM\BLE\LIB\libCH57xBLE.a(ll_hop.o)
[...]
Memory Configuration

Name             Origin             Length             Attributes
FLASH            0x0000000000000000 0x0000000000070000 xr
RAM              0x0000000020003800 0x0000000000004800 xrw
*default*        0x0000000000000000 0xffffffffffffffff

Linker script and memory map

LOAD ./StdPeriphDriver/CH57x_adc.o
LOAD ./StdPeriphDriver/CH57x_clk.o
LOAD ./StdPeriphDriver/CH57x_flash.o
LOAD ./StdPeriphDriver/CH57x_gpio.o
LOAD ./StdPeriphDriver/CH57x_pwr.o
LOAD ./StdPeriphDriver/CH57x_sys.o
LOAD ./StdPeriphDriver/CH57x_timer0.o
LOAD ./StdPeriphDriver/CH57x_uart1.o
LOAD ./StdPeriphDriver/CH57x_uart3.o
LOAD ./Startup/startup_CH573.o
LOAD ./RVMSIS/core_riscv.o
LOAD ./Profile/devinfoservice.o
LOAD ./Profile/gattprofile.o
LOAD ./HAL/MCU.o
LOAD ./HAL/RTC.o
LOAD ./HAL/SLEEP.o
LOAD ./APP/ble_uart_service/ble_uart_service_16bit.o
LOAD ./APP/app_drv_fifo/app_drv_fifo.o
LOAD ./APP/peripheral.o
LOAD ./APP/peripheral_main.o
LOAD H:\Project\AC_Charging_pile\CH573EVT\EVT\EXAM\SRC\StdPeriphDriver\libISP573.a
LOAD H:\Project\AC_Charging_pile\CH573EVT\EVT\EXAM\BLE\LIB\libCH57xBLE.a
LOAD d:/mounriver/mounriver_studio/toolchain/risc-v embedded gcc/bin/../lib/gcc/riscv-none-embed/8.2.0/rv32imac/ilp32\libgcc.a
LOAD d:/mounriver/mounriver_studio/toolchain/risc-v embedded gcc/bin/../lib/gcc/riscv-none-embed/8.2.0/../../../../riscv-none-embed/lib/rv32imac/ilp32\libg_nano.a
LOAD d:/mounriver/mounriver_studio/toolchain/risc-v embedded gcc/bin/../lib/gcc/riscv-none-embed/8.2.0/../../../../riscv-none-embed/lib/rv32imac/ilp32\libc_nano.a
LOAD d:/mounriver/mounriver_studio/toolchain/risc-v embedded gcc/bin/../lib/gcc/riscv-none-embed/8.2.0/rv32imac/ilp32\libgcc.a
START GROUP
LOAD d:/mounriver/mounriver_studio/toolchain/risc-v embedded gcc/bin/../lib/gcc/riscv-none-embed/8.2.0/rv32imac/ilp32\libgcc.a
LOAD d:/mounriver/mounriver_studio/toolchain/risc-v embedded gcc/bin/../lib/gcc/riscv-none-embed/8.2.0/../../../../riscv-none-embed/lib/rv32imac/ilp32\libc_nano.a
LOAD d:/mounriver/mounriver_studio/toolchain/risc-v embedded gcc/bin/../lib/gcc/riscv-none-embed/8.2.0/../../../../riscv-none-embed/lib/rv32imac/ilp32\libnosys.a
END GROUP
START GROUP
LOAD d:/mounriver/mounriver_studio/toolchain/risc-v embedded gcc/bin/../lib/gcc/riscv-none-embed/8.2.0/rv32imac/ilp32\libgcc.a
LOAD d:/mounriver/mounriver_studio/toolchain/risc-v embedded gcc/bin/../lib/gcc/riscv-none-embed/8.2.0/../../../../riscv-none-embed/lib/rv32imac/ilp32\libc_nano.a
LOAD d:/mounriver/mounriver_studio/toolchain/risc-v embedded gcc/bin/../lib/gcc/riscv-none-embed/8.2.0/../../../../riscv-none-embed/lib/rv32imac/ilp32\libnosys.a
END GROUP

.init           0x0000000000000000        0x4
                0x0000000000000000                _sinit = .
                0x0000000000000000                . = ALIGN (0x4)
 *(SORT_NONE(.init))
 .init          0x0000000000000000        0x4 ./Startup/startup_CH573.o
                0x0000000000000000                _start
                0x0000000000000004                . = ALIGN (0x4)
                0x0000000000000004                _einit = .

.highcodelalign
                0x0000000000000004        0x0
                0x0000000000000004                . = ALIGN (0x4)
                0x0000000000000004                PROVIDE (_highcode_lma = .)

.highcode       0x0000000020003800     0x1210 load address 0x0000000000000004
                0x0000000020003800                . = ALIGN (0x4)
                0x0000000020003800                PROVIDE (_highcode_vma_start = .)
 *(.vector)
 .vector        0x0000000020003800       0x90 ./Startup/startup_CH573.o
 *(SORT_NONE(.vector_handler))
 .vector_handler
                0x0000000020003890       0x2c ./Startup/startup_CH573.o
                0x0000000020003890                NMI_Handler
                0x0000000020003894                SysTick_Handler
                0x0000000020003896                SW_Handler
                0x0000000020003898                TMR0_IRQHandler
                0x000000002000389a                GPIOA_IRQHandler
                0x000000002000389c                GPIOB_IRQHandler
                0x000000002000389e                SPI0_IRQHandler
                0x00000000200038a0                BB_IRQHandler
                0x00000000200038a2                LLE_IRQHandler
                0x00000000200038a4                USB_IRQHandler
                0x00000000200038a6                TMR1_IRQHandler
                0x00000000200038a8                TMR2_IRQHandler
                0x00000000200038aa                UART0_IRQHandler
                0x00000000200038ac                UART1_IRQHandler
                0x00000000200038b0                ADC_IRQHandler
                0x00000000200038b2                PWMX_IRQHandler
                0x00000000200038b4                TMR3_IRQHandler
                0x00000000200038b6                UART2_IRQHandler
                0x00000000200038ba                WDOG_BAT_IRQHandler
 *(.highcode)
 .highcode      0x00000000200038bc       0x4a ./StdPeriphDriver/CH57x_clk.o
                0x00000000200038bc                Get_Calibration_Cnt_RAM
 .highcode      0x0000000020003906      0x1a0 ./StdPeriphDriver/CH57x_sys.o
                0x0000000020003906                SetSysClock
                0x0000000020003a02                SYS_ResetExecute
                0x0000000020003a3a                HardFault_Handler
                0x0000000020003a70                mDelayuS
                0x0000000020003a7e                mDelaymS
 .highcode      0x0000000020003aa6       0x16 ./HAL/RTC.o
                0x0000000020003aa6                RTC_IRQHandler
 .highcode      0x0000000020003abc       0x6a ./APP/peripheral.o
                0x0000000020003abc                UART3_IRQHandler
 .highcode      0x0000000020003b26       0x10 ./APP/peripheral_main.o
                0x0000000020003b26                Main_Circulation
 .highcode      0x0000000020003b36      0x3ee H:\Project\AC_Charging_pile\CH573EVT\EVT\EXAM\SRC\StdPeriphDriver\libISP573.a(ISP573.o)
                0x0000000020003b36                FLASH_ROM_BEG
                0x0000000020003b48                FLASH_ROM_END
                0x0000000020003b56                FLASH_ROM_IN
                0x0000000020003b64                FLASH_ROM_OUT
                0x0000000020003b72                FLASH_ROM_ADDR
                0x0000000020003bba                FLASH_ROM_WAIT
                0x0000000020003bf2                FLASH_EEPROM_CMD
 .highcode      0x0000000020003f24      0x23a H:\Project\AC_Charging_pile\CH573EVT\EVT\EXAM\BLE\LIB\libCH57xBLE.a(tmos.o)
                0x0000000020003f44                tmos_memcpy
                0x0000000020003f64                tmos_memcpy_word
                0x0000000020003f80                TMOS_SystemProcess
 .highcode      0x000000002000415e       0xc2 H:\Project\AC_Charging_pile\CH573EVT\EVT\EXAM\BLE\LIB\libCH57xBLE.a(tmos_hw.o)
                0x000000002000415e                BLE_GetHSEClock
                0x000000002000419c                RTC_Get32KClock
                0x00000000200041b4                SYS_GetTickCount
 .highcode      0x0000000020004220      0x13a H:\Project\AC_Charging_pile\CH573EVT\EVT\EXAM\BLE\LIB\libCH57xBLE.a(ll_connect.o)
                0x0000000020004220                ll_connect_process_data
                0x000000002000426e                ll_connect_event_continue
 .highcode      0x000000002000435a      0x1b8 H:\Project\AC_Charging_pile\CH573EVT\EVT\EXAM\BLE\LIB\libCH57xBLE.a(bb.o)
                0x000000002000435a                BB_RAM_IRQHandler
 .highcode      0x0000000020004512      0x198 H:\Project\AC_Charging_pile\CH573EVT\EVT\EXAM\BLE\LIB\libCH57xBLE.a(ip.o)
                0x0000000020004512                ll_tx_wait_finish
                0x000000002000453e                ll_tx_wait_tx_dma
                0x000000002000459c                ll_rx_wait_finish
                0x00000000200045d2                ll_rx_wait_tx_dma
                0x0000000020004620                ble_ll_chkcrc
 .highcode      0x00000000200046aa      0x17c H:\Project\AC_Charging_pile\CH573EVT\EVT\EXAM\BLE\LIB\libCH57xBLE.a(lle.o)
                0x00000000200046aa                LLE_RAM_IRQHandler
 .highcode      0x0000000020004826       0x82 H:\Project\AC_Charging_pile\CH573EVT\EVT\EXAM\BLE\LIB\libCH57xBLE.a(rf_fh.o)
                0x0000000020004826                RF_HopGetChannel
 .highcode      0x00000000200048a8       0x2c H:\Project\AC_Charging_pile\CH573EVT\EVT\EXAM\BLE\LIB\libCH57xBLE.a(rfend.o)
                0x00000000200048a8                RFEND_WaitTune
 .highcode      0x00000000200048d4      0x13a H:\Project\AC_Charging_pile\CH573EVT\EVT\EXAM\BLE\LIB\libCH57xBLE.a(memory.o)
                0x00000000200048d4                tmos_memory_allocate
                0x000000002000496e                tmos_memory_free
 *(.highcode.*)
                0x0000000020004a10                . = ALIGN (0x4)
 *fill*         0x0000000020004a0e        0x2 
                0x0000000020004a10                PROVIDE (_highcode_vma_end = .)

.text           0x0000000000001218    0x1be4c
                0x0000000000001218                . = ALIGN (0x4)
 *(SORT_NONE(.handle_reset))
 .handle_reset  0x0000000000001218       0xa2 ./Startup/startup_CH573.o
                0x0000000000001218                handle_reset
 *(.text)
 .text          0x00000000000012ba       0xa8 d:/mounriver/mounriver_studio/toolchain/risc-v embedded gcc/bin/../lib/gcc/riscv-none-embed/8.2.0/../../../../riscv-none-embed/lib/rv32imac/ilp32\libg_nano.a(lib_a-memset.o)
                0x00000000000012ba                memset
 *(.text.*)
 .text.ADC_InterTSSampInit
                0x0000000000001362       0x28 ./StdPeriphDriver/CH57x_adc.o
                0x0000000000001362                ADC_InterTSSampInit
 .text.Calibration_LSI_FLASH
                0x000000000000138a      0x26e ./StdPeriphDriver/CH57x_clk.o
                0x000000000000138a                Calibration_LSI_FLASH
 .text.Calibration_LSI_RAM
                0x00000000000015f8      0x22c ./StdPeriphDriver/CH57x_clk.o
                0x00000000000015f8                Calibration_LSI_RAM
 .text.RTC_InitTime
                0x0000000000001824      0x134 ./StdPeriphDriver/CH57x_clk.o
                0x0000000000001824                RTC_InitTime
 .text.GPIOA_ModeCfg
                0x0000000000001958       0xa6 ./StdPeriphDriver/CH57x_gpio.o
                0x0000000000001958                GPIOA_ModeCfg
 .text.GetSysClock
                0x00000000000019fe       0x42 ./StdPeriphDriver/CH57x_sys.o
                0x00000000000019fe                GetSysClock
 .text.SYS_DisableAllIrq
                0x0000000000001a40       0x1c ./StdPeriphDriver/CH57x_sys.o
                0x0000000000001a40                SYS_DisableAllIrq
 .text.SYS_RecoverIrq
                0x0000000000001a5c       0x14 ./StdPeriphDriver/CH57x_sys.o
                0x0000000000001a5c                SYS_RecoverIrq
 .text.SYS_GetSysTickCnt
                0x0000000000001a70        0xa ./StdPeriphDriver/CH57x_sys.o
                0x0000000000001a70                SYS_GetSysTickCnt
 .text._write   0x0000000000001a7a       0x28 ./StdPeriphDriver/CH57x_sys.o
                0x0000000000001a7a                _write
 .text.UART1_BaudRateCfg
                0x0000000000001aa2       0x30 ./StdPeriphDriver/CH57x_uart1.o
                0x0000000000001aa2                UART1_BaudRateCfg
 .text.UART1_DefInit
                0x0000000000001ad2       0x32 ./StdPeriphDriver/CH57x_uart1.o
                0x0000000000001ad2                UART1_DefInit
 .text.UART3_BaudRateCfg
                0x0000000000001b04       0x30 ./StdPeriphDriver/CH57x_uart3.o
                0x0000000000001b04                UART3_BaudRateCfg
 .text.UART3_DefInit
                0x0000000000001b34       0x32 ./StdPeriphDriver/CH57x_uart3.o
                0x0000000000001b34                UART3_DefInit
 .text.UART3_INTCfg
                0x0000000000001b66       0x2a ./StdPeriphDriver/CH57x_uart3.o
                0x0000000000001b66                UART3_INTCfg
 .text.devInfo_ReadAttrCB
                0x0000000000001b90      0x196 ./Profile/devinfoservice.o
 .text.DevInfo_AddService
                0x0000000000001d26       0x18 ./Profile/devinfoservice.o
                0x0000000000001d26                DevInfo_AddService
 .text.Lib_Calibration_LSI
                0x0000000000001d3e       0x2c ./HAL/MCU.o
                0x0000000000001d3e                Lib_Calibration_LSI
 .text.Lib_Read_Flash
                0x0000000000001d6a       0x1c ./HAL/MCU.o
                0x0000000000001d6a                Lib_Read_Flash
 .text.Lib_Write_Flash
                0x0000000000001d86       0x42 ./HAL/MCU.o
                0x0000000000001d86                Lib_Write_Flash
 .text.HAL_GetInterTempValue
                0x0000000000001dc8       0x72 ./HAL/MCU.o
                0x0000000000001dc8                HAL_GetInterTempValue
 .text.HAL_ProcessEvent
                0x0000000000001e3a       0x7e ./HAL/MCU.o
                0x0000000000001e3a                HAL_ProcessEvent
 .text.CH57X_BLEInit
                0x0000000000001eb8      0x12c ./HAL/MCU.o
                0x0000000000001eb8                CH57X_BLEInit
 .text.HAL_Init
                0x0000000000001fe4       0x34 ./HAL/MCU.o
                0x0000000000001fe4                HAL_Init
 .text.HAL_TimeInit
                0x0000000000002018       0x4e ./HAL/RTC.o
                0x0000000000002018                HAL_TimeInit
 .text.ble_uart_WriteAttrCB
                0x0000000000002066       0xba ./APP/ble_uart_service/ble_uart_service_16bit.o
 .text.ble_uart_ReadAttrCB
                0x0000000000002120       0x6e ./APP/ble_uart_service/ble_uart_service_16bit.o
 .text.ble_uart_HandleConnStatusCB
                0x000000000000218e       0x3e ./APP/ble_uart_service/ble_uart_service_16bit.o
 .text.ble_uart_add_service
                0x00000000000021cc       0x5a ./APP/ble_uart_service/ble_uart_service_16bit.o
                0x00000000000021cc                ble_uart_add_service
 .text.ble_uart_notify_is_ready
                0x0000000000002226       0x18 ./APP/ble_uart_service/ble_uart_service_16bit.o
                0x0000000000002226                ble_uart_notify_is_ready
 .text.ble_uart_notify
                0x000000000000223e       0x46 ./APP/ble_uart_service/ble_uart_service_16bit.o
                0x000000000000223e                ble_uart_notify
 .text.app_drv_fifo_length
                0x0000000000002284       0x12 ./APP/app_drv_fifo/app_drv_fifo.o
                0x0000000000002284                app_drv_fifo_length
 .text.app_drv_fifo_init
                0x0000000000002296       0x26 ./APP/app_drv_fifo/app_drv_fifo.o
                0x0000000000002296                app_drv_fifo_init
 .text.app_drv_fifo_flush
                0x00000000000022bc        0x6 ./APP/app_drv_fifo/app_drv_fifo.o
                0x00000000000022bc                app_drv_fifo_flush
 .text.app_drv_fifo_write
                0x00000000000022c2       0x72 ./APP/app_drv_fifo/app_drv_fifo.o
                0x00000000000022c2                app_drv_fifo_write
 .text.app_drv_fifo_write_from_same_addr
                0x0000000000002334       0x60 ./APP/app_drv_fifo/app_drv_fifo.o
                0x0000000000002334                app_drv_fifo_write_from_same_addr
 .text.app_drv_fifo_read
                0x0000000000002394       0x62 ./APP/app_drv_fifo/app_drv_fifo.o
                0x0000000000002394                app_drv_fifo_read
 .text.app_drv_fifo_read_to_same_addr
                0x00000000000023f6       0x4e ./APP/app_drv_fifo/app_drv_fifo.o
                0x00000000000023f6                app_drv_fifo_read_to_same_addr
 .text.peripheralRssiCB
                0x0000000000002444       0x12 ./APP/peripheral.o
 .text.peripheralParamUpdateCB
                0x0000000000002456       0x30 ./APP/peripheral.o
 .text.Peripheral_LinkTerminated
                0x0000000000002486       0x44 ./APP/peripheral.o
 .text.Peripheral_ProcessEvent
                0x00000000000024ca      0x1f8 ./APP/peripheral.o
                0x00000000000024ca                Peripheral_ProcessEvent
 .text.peripheralStateNotificationCB
                0x00000000000026c2      0x12a ./APP/peripheral.o
 .text.app_uart_process
                0x00000000000027ec       0x50 ./APP/peripheral.o
                0x00000000000027ec                app_uart_process
 .text.app_uart_init
                0x000000000000283c       0x78 ./APP/peripheral.o
                0x000000000000283c                app_uart_init
 .text.app_uart_tx_data
                0x00000000000028b4       0x1c ./APP/peripheral.o
                0x00000000000028b4                app_uart_tx_data
 .text.on_bleuartServiceEvt
                0x00000000000028d0       0x7a ./APP/peripheral.o
                0x00000000000028d0                on_bleuartServiceEvt
 .text.Peripheral_Init
                0x000000000000294a      0x134 ./APP/peripheral.o
                0x000000000000294a                Peripheral_Init
 .text.startup.main
                0x0000000000002a7e       0x52 ./APP/peripheral_main.o
                0x0000000000002a7e                main
 .text.tmos_msg_enqueue
                0x0000000000002ad0       0x1e H:\Project\AC_Charging_pile\CH573EVT\EVT\EXAM\BLE\LIB\libCH57xBLE.a(message.o)
                0x0000000000002ad0                tmos_msg_enqueue
 .text.tmos_msg_deallocate
                0x0000000000002aee       0x2c H:\Project\AC_Charging_pile\CH573EVT\EVT\EXAM\BLE\LIB\libCH57xBLE.a(message.o)
                0x0000000000002aee                tmos_msg_deallocate
 .text.tmos_msg_allocate
                0x0000000000002b1a       0x3e H:\Project\AC_Charging_pile\CH573EVT\EVT\EXAM\BLE\LIB\libCH57xBLE.a(message.o)
                0x0000000000002b1a                tmos_msg_allocate
 .text.tmos_msg_receive
                0x0000000000002b58       0x68 H:\Project\AC_Charging_pile\CH573EVT\EVT\EXAM\BLE\LIB\libCH57xBLE.a(message.o)
                0x0000000000002b58                tmos_msg_receive
 .text.tmos_msg_send
                0x0000000000002bc0       0x56 H:\Project\AC_Charging_pile\CH573EVT\EVT\EXAM\BLE\LIB\libCH57xBLE.a(message.o)
                0x0000000000002bc0                tmos_msg_send
 .text.tmos_msg_init
                0x0000000000002c16        0x6 H:\Project\AC_Charging_pile\CH573EVT\EVT\EXAM\BLE\LIB\libCH57xBLE.a(message.o)
                0x0000000000002c16                tmos_msg_init
 .text.tmosFindTask
                0x0000000000002c1c       0x20 H:\Project\AC_Charging_pile\CH573EVT\EVT\EXAM\BLE\LIB\libCH57xBLE.a(tmos.o)
 .text.TMOS_CbTimerProcessEvent
                0x0000000000002c3c       0x7c H:\Project\AC_Charging_pile\CH573EVT\EVT\EXAM\BLE\LIB\libCH57xBLE.a(tmos.o)
                0x0000000000002c3c                TMOS_CbTimerProcessEvent
 .text.tmos_rand
                0x0000000000002cb8       0x54 H:\Project\AC_Charging_pile\CH573EVT\EVT\EXAM\BLE\LIB\libCH57xBLE.a(tmos.o)
                0x0000000000002cb8                tmos_rand
 .text.tmos_query_sleep_time
                0x0000000000002d0c      0x178 H:\Project\AC_Charging_pile\CH573EVT\EVT\EXAM\BLE\LIB\libCH57xBLE.a(tmos.o)
                0x0000000000002d0c                tmos_query_sleep_time
 .text.tmos_memset
                0x0000000000002e84       0x12 H:\Project\AC_Charging_pile\CH573EVT\EVT\EXAM\BLE\LIB\libCH57xBLE.a(tmos.o)
                0x0000000000002e84                tmos_memset
 .text.tmos_strlen
                0x0000000000002e96       0x14 H:\Project\AC_Charging_pile\CH573EVT\EVT\EXAM\BLE\LIB\libCH57xBLE.a(tmos.o)
                0x0000000000002e96                tmos_strlen
 .text.tmos_memdup
                0x0000000000002eaa       0x3c H:\Project\AC_Charging_pile\CH573EVT\EVT\EXAM\BLE\LIB\libCH57xBLE.a(tmos.o)
                0x0000000000002eaa                tmos_memdup
 .text.tmos_memcmp
                0x0000000000002ee6       0x24 H:\Project\AC_Charging_pile\CH573EVT\EVT\EXAM\BLE\LIB\libCH57xBLE.a(tmos.o)
                0x0000000000002ee6                tmos_memcmp
 .text.tmos_revmemcpy
                0x0000000000002f0a       0x1c H:\Project\AC_Charging_pile\CH573EVT\EVT\EXAM\BLE\LIB\libCH57xBLE.a(tmos.o)
                0x0000000000002f0a                tmos_revmemcpy
 .text.tmos_isbufset
                0x0000000000002f26       0x1e H:\Project\AC_Charging_pile\CH573EVT\EVT\EXAM\BLE\LIB\libCH57xBLE.a(tmos.o)
                0x0000000000002f26                tmos_isbufset
 .text.tmos_set_event
                0x0000000000002f44       0x2a H:\Project\AC_Charging_pile\CH573EVT\EVT\EXAM\BLE\LIB\libCH57xBLE.a(tmos.o)
                0x0000000000002f44                tmos_set_event
 .text.tmos_query_system_time
                0x0000000000002f6e       0xae H:\Project\AC_Charging_pile\CH573EVT\EVT\EXAM\BLE\LIB\libCH57xBLE.a(tmos.o)
                0x0000000000002f6e                tmos_query_system_time
 .text.tmos_clear_event
                0x000000000000301c       0x2e H:\Project\AC_Charging_pile\CH573EVT\EVT\EXAM\BLE\LIB\libCH57xBLE.a(tmos.o)
                0x000000000000301c                tmos_clear_event
 .text.tmos_start_task
                0x000000000000304a       0x8e H:\Project\AC_Charging_pile\CH573EVT\EVT\EXAM\BLE\LIB\libCH57xBLE.a(tmos.o)
                0x000000000000304a                tmos_start_task
 .text.tmos_start_callback_task
                0x00000000000030d8       0xac H:\Project\AC_Charging_pile\CH573EVT\EVT\EXAM\BLE\LIB\libCH57xBLE.a(tmos.o)
                0x00000000000030d8                tmos_start_callback_task
 .text.tmos_start_reload_task
                0x0000000000003184       0x30 H:\Project\AC_Charging_pile\CH573EVT\EVT\EXAM\BLE\LIB\libCH57xBLE.a(tmos.o)
                0x0000000000003184                tmos_start_reload_task
 .text.tmos_stop_task
                0x00000000000031b4       0x32 H:\Project\AC_Charging_pile\CH573EVT\EVT\EXAM\BLE\LIB\libCH57xBLE.a(tmos.o)
                0x00000000000031b4                tmos_stop_task
 .text.tmos_stop_callback_task
                0x00000000000031e6       0x5c H:\Project\AC_Charging_pile\CH573EVT\EVT\EXAM\BLE\LIB\libCH57xBLE.a(tmos.o)
                0x00000000000031e6                tmos_stop_callback_task
 .text.tmos_get_task_timer
                0x0000000000003242       0x16 H:\Project\AC_Charging_pile\CH573EVT\EVT\EXAM\BLE\LIB\libCH57xBLE.a(tmos.o)
                0x0000000000003242                tmos_get_task_timer
 .text.tmos_update_callback_timer
                0x0000000000003258       0x62 H:\Project\AC_Charging_pile\CH573EVT\EVT\EXAM\BLE\LIB\libCH57xBLE.a(tmos.o)
                0x0000000000003258                tmos_update_callback_timer
 .text.TMOS_Set32KTuneValue
                0x00000000000032ba        0xa H:\Project\AC_Charging_pile\CH573EVT\EVT\EXAM\BLE\LIB\libCH57xBLE.a(tmos.o)
                0x00000000000032ba                TMOS_Set32KTuneValue
 .text.TMOS_TimerRegister
                0x00000000000032c4       0x1a H:\Project\AC_Charging_pile\CH573EVT\EVT\EXAM\BLE\LIB\libCH57xBLE.a(tmos.o)
                0x00000000000032c4                TMOS_TimerRegister
 .text.TMOS_ProcessRegister
                0x00000000000032de       0x16 H:\Project\AC_Charging_pile\CH573EVT\EVT\EXAM\BLE\LIB\libCH57xBLE.a(tmos.o)
                0x00000000000032de                TMOS_ProcessRegister
 .text.TMOS_Init
                0x00000000000032f4       0xbe H:\Project\AC_Charging_pile\CH573EVT\EVT\EXAM\BLE\LIB\libCH57xBLE.a(tmos.o)
                0x00000000000032f4                TMOS_Init
 .text.TMOS_ProcessEventRegister
                0x00000000000033b2       0x38 H:\Project\AC_Charging_pile\CH573EVT\EVT\EXAM\BLE\LIB\libCH57xBLE.a(tmos.o)
                0x00000000000033b2                TMOS_ProcessEventRegister
 .text.BLE_LibInit
                0x00000000000033ea      0x156 H:\Project\AC_Charging_pile\CH573EVT\EVT\EXAM\BLE\LIB\libCH57xBLE.a(tmos.o)
                0x00000000000033ea                BLE_LibInit
 .text.ble_ll_common_rand8
                0x0000000000003540       0x24 H:\Project\AC_Charging_pile\CH573EVT\EVT\EXAM\BLE\LIB\libCH57xBLE.a(tmos_hw.o)
                0x0000000000003540                ble_ll_common_rand8
 .text.ble_ll_common_rand16
                0x0000000000003564       0x24 H:\Project\AC_Charging_pile\CH573EVT\EVT\EXAM\BLE\LIB\libCH57xBLE.a(tmos_hw.o)
                0x0000000000003564                ble_ll_common_rand16
 .text.ble_ll_common_rand32
                0x0000000000003588       0x20 H:\Project\AC_Charging_pile\CH573EVT\EVT\EXAM\BLE\LIB\libCH57xBLE.a(tmos_hw.o)
                0x0000000000003588                ble_ll_common_rand32
 .text.ll_hw_temp_sample
                0x00000000000035a8       0xc0 H:\Project\AC_Charging_pile\CH573EVT\EVT\EXAM\BLE\LIB\libCH57xBLE.a(tmos_hw.o)
                0x00000000000035a8                ll_hw_temp_sample
 .text.TMOS_TimerInit
                0x0000000000003668       0x5c H:\Project\AC_Charging_pile\CH573EVT\EVT\EXAM\BLE\LIB\libCH57xBLE.a(tmos_hw.o)
                0x0000000000003668                TMOS_TimerInit
 .text.tmos_snv_init
                0x00000000000036c4       0xba H:\Project\AC_Charging_pile\CH573EVT\EVT\EXAM\BLE\LIB\libCH57xBLE.a(tmos_snv.o)
                0x00000000000036c4                tmos_snv_init
 .text.tmos_snv_clear
                0x000000000000377e       0xac H:\Project\AC_Charging_pile\CH573EVT\EVT\EXAM\BLE\LIB\libCH57xBLE.a(tmos_snv.o)
                0x000000000000377e                tmos_snv_clear
 .text.tmos_snv_read
                0x000000000000382a       0xea H:\Project\AC_Charging_pile\CH573EVT\EVT\EXAM\BLE\LIB\libCH57xBLE.a(tmos_snv.o)
                0x000000000000382a                tmos_snv_read
 .text.tmos_snv_notify
                0x0000000000003914       0x5e H:\Project\AC_Charging_pile\CH573EVT\EVT\EXAM\BLE\LIB\libCH57xBLE.a(tmos_snv.o)
                0x0000000000003914                tmos_snv_notify
 .text.tmos_snv_write
                0x0000000000003972      0x116 H:\Project\AC_Charging_pile\CH573EVT\EVT\EXAM\BLE\LIB\libCH57xBLE.a(tmos_snv.o)
                0x0000000000003972                tmos_snv_write
 .text.tmos_snv_compact
                0x0000000000003a88       0x48 H:\Project\AC_Charging_pile\CH573EVT\EVT\EXAM\BLE\LIB\libCH57xBLE.a(tmos_snv.o)
                0x0000000000003a88                tmos_snv_compact
 .text.ATT_BuildErrorRsp
                0x0000000000003ad0       0x26 H:\Project\AC_Charging_pile\CH573EVT\EVT\EXAM\BLE\LIB\libCH57xBLE.a(att.o)
                0x0000000000003ad0                ATT_BuildErrorRsp
 .text.ATT_ParamInit
                0x0000000000003af6        0xa H:\Project\AC_Charging_pile\CH573EVT\EVT\EXAM\BLE\LIB\libCH57xBLE.a(att.o)
                0x0000000000003af6                ATT_ParamInit
 .text.ATT_ConvertUUIDto128
                0x0000000000003b00       0x46 H:\Project\AC_Charging_pile\CH573EVT\EVT\EXAM\BLE\LIB\libCH57xBLE.a(att.o)
                0x0000000000003b00                ATT_ConvertUUIDto128
 .text.ATT_CompareUUID
                0x0000000000003b46       0x62 H:\Project\AC_Charging_pile\CH573EVT\EVT\EXAM\BLE\LIB\libCH57xBLE.a(att.o)
                0x0000000000003b46                ATT_CompareUUID
 .text.ATT_RegisterServer
                0x0000000000003ba8        0x6 H:\Project\AC_Charging_pile\CH573EVT\EVT\EXAM\BLE\LIB\libCH57xBLE.a(att.o)
                0x0000000000003ba8                ATT_RegisterServer
 .text.ATT_ParsePacket
                0x0000000000003bae       0x94 H:\Project\AC_Charging_pile\CH573EVT\EVT\EXAM\BLE\LIB\libCH57xBLE.a(att.o)
                0x0000000000003bae                ATT_ParsePacket
 .text.ATT_UpdateMTU
                0x0000000000003c42       0x3c H:\Project\AC_Charging_pile\CH573EVT\EVT\EXAM\BLE\LIB\libCH57xBLE.a(att.o)
                0x0000000000003c42                ATT_UpdateMTU
 .text.ATT_GetMTU
                0x0000000000003c7e       0x1e H:\Project\AC_Charging_pile\CH573EVT\EVT\EXAM\BLE\LIB\libCH57xBLE.a(att.o)
                0x0000000000003c7e                ATT_GetMTU
 .text.attSendMsg
                0x0000000000003c9c       0xb6 H:\Project\AC_Charging_pile\CH573EVT\EVT\EXAM\BLE\LIB\libCH57xBLE.a(att.o)
                0x0000000000003c9c                attSendMsg
 .text.attSendRspMsg
                0x0000000000003d52       0x46 H:\Project\AC_Charging_pile\CH573EVT\EVT\EXAM\BLE\LIB\libCH57xBLE.a(att.o)
                0x0000000000003d52                attSendRspMsg
 .text.ATT_ErrorRsp
                0x0000000000003d98       0x10 H:\Project\AC_Charging_pile\CH573EVT\EVT\EXAM\BLE\LIB\libCH57xBLE.a(att.o)
                0x0000000000003d98                ATT_ErrorRsp
 .text.disconnectNext
                0x0000000000003da8       0x22 H:\Project\AC_Charging_pile\CH573EVT\EVT\EXAM\BLE\LIB\libCH57xBLE.a(gap.o)
 .text.GAP_ParamInit
                0x0000000000003dca       0x80 H:\Project\AC_Charging_pile\CH573EVT\EVT\EXAM\BLE\LIB\libCH57xBLE.a(gap.o)
                0x0000000000003dca                GAP_ParamInit
 .text.sendTerminateEvent
                0x0000000000003e4a       0x58 H:\Project\AC_Charging_pile\CH573EVT\EVT\EXAM\BLE\LIB\libCH57xBLE.a(gap.o)
                0x0000000000003e4a                sendTerminateEvent
 .text.gapRegisterCentral
                0x0000000000003ea2        0x6 H:\Project\AC_Charging_pile\CH573EVT\EVT\EXAM\BLE\LIB\libCH57xBLE.a(gap.o)
                0x0000000000003ea2                gapRegisterCentral
 .text.gapRegisterCentralConn
                0x0000000000003ea8        0x6 H:\Project\AC_Charging_pile\CH573EVT\EVT\EXAM\BLE\LIB\libCH57xBLE.a(gap.o)
                0x0000000000003ea8                gapRegisterCentralConn
 .text.gapRegisterPeripheral
                0x0000000000003eae        0x6 H:\Project\AC_Charging_pile\CH573EVT\EVT\EXAM\BLE\LIB\libCH57xBLE.a(gap.o)
                0x0000000000003eae                gapRegisterPeripheral
 .text.gapRegisterPeripheralConn
                0x0000000000003eb4        0x6 H:\Project\AC_Charging_pile\CH573EVT\EVT\EXAM\BLE\LIB\libCH57xBLE.a(gap.o)
                0x0000000000003eb4                gapRegisterPeripheralConn
 .text.smGenerateRandBuf
                0x0000000000003eba       0x56 H:\Project\AC_Charging_pile\CH573EVT\EVT\EXAM\BLE\LIB\libCH57xBLE.a(gap.o)
                0x0000000000003eba                smGenerateRandBuf
 .text.gapL2capConnParamUpdateReq
                0x0000000000003f10       0x32 H:\Project\AC_Charging_pile\CH573EVT\EVT\EXAM\BLE\LIB\libCH57xBLE.a(gap.o)
                0x0000000000003f10                gapL2capConnParamUpdateReq
 .text.gapValidADType
                0x0000000000003f42       0x16 H:\Project\AC_Charging_pile\CH573EVT\EVT\EXAM\BLE\LIB\libCH57xBLE.a(gap.o)
                0x0000000000003f42                gapValidADType
 .text.gapFindADType
                0x0000000000003f58       0x8e H:\Project\AC_Charging_pile\CH573EVT\EVT\EXAM\BLE\LIB\libCH57xBLE.a(gap.o)
                0x0000000000003f58                gapFindADType
 .text.GAP_SecParamsInit
                0x0000000000003fe6       0x9a H:\Project\AC_Charging_pile\CH573EVT\EVT\EXAM\BLE\LIB\libCH57xBLE.a(gap.o)
                0x0000000000003fe6                GAP_SecParamsInit
 .text.GAP_ParamsInit
                0x0000000000004080       0x48 H:\Project\AC_Charging_pile\CH573EVT\EVT\EXAM\BLE\LIB\libCH57xBLE.a(gap.o)
                0x0000000000004080                GAP_ParamsInit
 .text.gapAddAddrAdj
                0x00000000000040c8       0x48 H:\Project\AC_Charging_pile\CH573EVT\EVT\EXAM\BLE\LIB\libCH57xBLE.a(gap.o)
                0x00000000000040c8                gapAddAddrAdj
 .text.gapDetermineAddrType
                0x0000000000004110       0x28 H:\Project\AC_Charging_pile\CH573EVT\EVT\EXAM\BLE\LIB\libCH57xBLE.a(gap.o)
                0x0000000000004110                gapDetermineAddrType
 .text.gapFreeAuthLink
                0x0000000000004138       0x4a H:\Project\AC_Charging_pile\CH573EVT\EVT\EXAM\BLE\LIB\libCH57xBLE.a(gap.o)
                0x0000000000004138                gapFreeAuthLink
 .text.gapGetDevAddress
                0x0000000000004182       0x24 H:\Project\AC_Charging_pile\CH573EVT\EVT\EXAM\BLE\LIB\libCH57xBLE.a(gap.o)
                0x0000000000004182                gapGetDevAddress
 .text.gapGetDevAddressMode
                0x00000000000041a6        0xa H:\Project\AC_Charging_pile\CH573EVT\EVT\EXAM\BLE\LIB\libCH57xBLE.a(gap.o)
                0x00000000000041a6                gapGetDevAddressMode
 .text.gapGetIRK
                0x00000000000041b0        0xc H:\Project\AC_Charging_pile\CH573EVT\EVT\EXAM\BLE\LIB\libCH57xBLE.a(gap.o)
                0x00000000000041b0                gapGetIRK
 .text.gapGetSRK
                0x00000000000041bc        0xc H:\Project\AC_Charging_pile\CH573EVT\EVT\EXAM\BLE\LIB\libCH57xBLE.a(gap.o)
                0x00000000000041bc                gapGetSRK
 .text.gapGetSignCounter
                0x00000000000041c8        0xe H:\Project\AC_Charging_pile\CH573EVT\EVT\EXAM\BLE\LIB\libCH57xBLE.a(gap.o)
                0x00000000000041c8                gapGetSignCounter
 .text.gapIncSignCounter
                0x00000000000041d6       0x28 H:\Project\AC_Charging_pile\CH573EVT\EVT\EXAM\BLE\LIB\libCH57xBLE.a(gap.o)
                0x00000000000041d6                gapIncSignCounter
 .text.gapProcessConnEvt
                0x00000000000041fe       0x48 H:\Project\AC_Charging_pile\CH573EVT\EVT\EXAM\BLE\LIB\libCH57xBLE.a(gap.o)
                0x00000000000041fe                gapProcessConnEvt
 .text.gapProcessDisconnectCompleteEvt
                0x0000000000004246       0xa8 H:\Project\AC_Charging_pile\CH573EVT\EVT\EXAM\BLE\LIB\libCH57xBLE.a(gap.o)
                0x0000000000004246                gapProcessDisconnectCompleteEvt
 .text.sendAuthEvent
                0x00000000000042ee      0x11a H:\Project\AC_Charging_pile\CH573EVT\EVT\EXAM\BLE\LIB\libCH57xBLE.a(gap.o)
                0x00000000000042ee                sendAuthEvent
 .text.gapSendBondCompleteEvent
                0x0000000000004408       0x70 H:\Project\AC_Charging_pile\CH573EVT\EVT\EXAM\BLE\LIB\libCH57xBLE.a(gap.o)
                0x0000000000004408                gapSendBondCompleteEvent
 .text.gapSendPairingReqEvent
                0x0000000000004478       0x92 H:\Project\AC_Charging_pile\CH573EVT\EVT\EXAM\BLE\LIB\libCH57xBLE.a(gap.o)
                0x0000000000004478                gapSendPairingReqEvent
 .text.gapSendSlaveSecurityReqEvent
                0x000000000000450a       0x68 H:\Project\AC_Charging_pile\CH573EVT\EVT\EXAM\BLE\LIB\libCH57xBLE.a(gap.o)
                0x000000000000450a                gapSendSlaveSecurityReqEvent
 .text.gapSendDeviceInitDoneEvent
                0x0000000000004572       0x88 H:\Project\AC_Charging_pile\CH573EVT\EVT\EXAM\BLE\LIB\libCH57xBLE.a(gap.o)
                0x0000000000004572                gapSendDeviceInitDoneEvent
 .text.gapSendLinkUpdateEvent
                0x00000000000045fa       0x84 H:\Project\AC_Charging_pile\CH573EVT\EVT\EXAM\BLE\LIB\libCH57xBLE.a(gap.o)
                0x00000000000045fa                gapSendLinkUpdateEvent
 .text.gapSendEstLinkEvent
                0x000000000000467e       0xb8 H:\Project\AC_Charging_pile\CH573EVT\EVT\EXAM\BLE\LIB\libCH57xBLE.a(gap.o)
                0x000000000000467e                gapSendEstLinkEvent
 .text.gapProcessNewAddr
                0x0000000000004736       0x3e H:\Project\AC_Charging_pile\CH573EVT\EVT\EXAM\BLE\LIB\libCH57xBLE.a(gap.o)
                0x0000000000004736                gapProcessNewAddr
 .text.gapProcessRandomAddrComplete
                0x0000000000004774       0xb6 H:\Project\AC_Charging_pile\CH573EVT\EVT\EXAM\BLE\LIB\libCH57xBLE.a(gap.o)
                0x0000000000004774                gapProcessRandomAddrComplete
 .text.GAP_Authenticate
                0x000000000000482a       0xd2 H:\Project\AC_Charging_pile\CH573EVT\EVT\EXAM\BLE\LIB\libCH57xBLE.a(gap.o)
                0x000000000000482a                GAP_Authenticate
 .text.GAP_Bond
                0x00000000000048fc       0xa2 H:\Project\AC_Charging_pile\CH573EVT\EVT\EXAM\BLE\LIB\libCH57xBLE.a(gap.o)
                0x00000000000048fc                GAP_Bond
 .text.GAP_GetParamValue
                0x000000000000499e       0x1e H:\Project\AC_Charging_pile\CH573EVT\EVT\EXAM\BLE\LIB\libCH57xBLE.a(gap.o)
                0x000000000000499e                GAP_GetParamValue
 .text.GAP_PasscodeUpdate
                0x00000000000049bc       0x50 H:\Project\AC_Charging_pile\CH573EVT\EVT\EXAM\BLE\LIB\libCH57xBLE.a(gap.o)
                0x00000000000049bc                GAP_PasscodeUpdate
 .text.GAP_RegisterForMsgs
                0x0000000000004a0c        0x6 H:\Project\AC_Charging_pile\CH573EVT\EVT\EXAM\BLE\LIB\libCH57xBLE.a(gap.o)
                0x0000000000004a0c                GAP_RegisterForMsgs
 .text.GAP_ResolvePrivateAddr
                0x0000000000004a12        0x4 H:\Project\AC_Charging_pile\CH573EVT\EVT\EXAM\BLE\LIB\libCH57xBLE.a(gap.o)
                0x0000000000004a12                GAP_ResolvePrivateAddr
 .text.gapPairingCompleteCB
                0x0000000000004a16      0x188 H:\Project\AC_Charging_pile\CH573EVT\EVT\EXAM\BLE\LIB\libCH57xBLE.a(gap.o)
                0x0000000000004a16                gapPairingCompleteCB
 .text.gapPasskeyNeededCB
                0x0000000000004b9e       0x8e H:\Project\AC_Charging_pile\CH573EVT\EVT\EXAM\BLE\LIB\libCH57xBLE.a(gap.o)
                0x0000000000004b9e                gapPasskeyNeededCB
 .text.gapFreeEstLink
                0x0000000000004c2c       0x20 H:\Project\AC_Charging_pile\CH573EVT\EVT\EXAM\BLE\LIB\libCH57xBLE.a(gap.o)
                0x0000000000004c2c                gapFreeEstLink
 .text.gapUpdateConnSignCounter
                0x0000000000004c4c       0x7a H:\Project\AC_Charging_pile\CH573EVT\EVT\EXAM\BLE\LIB\libCH57xBLE.a(gap.o)
                0x0000000000004c4c                gapUpdateConnSignCounter
 .text.GAP_SendSlaveSecurityRequest
                0x0000000000004cc6       0x4c H:\Project\AC_Charging_pile\CH573EVT\EVT\EXAM\BLE\LIB\libCH57xBLE.a(gap.o)
                0x0000000000004cc6                GAP_SendSlaveSecurityRequest
 .text.GAP_Signable
                0x0000000000004d12       0x66 H:\Project\AC_Charging_pile\CH573EVT\EVT\EXAM\BLE\LIB\libCH57xBLE.a(gap.o)
                0x0000000000004d12                GAP_Signable
 .text.GAP_TerminateAuth
                0x0000000000004d78       0x2a H:\Project\AC_Charging_pile\CH573EVT\EVT\EXAM\BLE\LIB\libCH57xBLE.a(gap.o)
                0x0000000000004d78                GAP_TerminateAuth
 .text.GAP_NumActiveConnections
                0x0000000000004da2        0x4 H:\Project\AC_Charging_pile\CH573EVT\EVT\EXAM\BLE\LIB\libCH57xBLE.a(gap.o)
                0x0000000000004da2                GAP_NumActiveConnections
 .text.GAP_TerminateLinkReq
                0x0000000000004da6       0x8e H:\Project\AC_Charging_pile\CH573EVT\EVT\EXAM\BLE\LIB\libCH57xBLE.a(gap.o)
                0x0000000000004da6                GAP_TerminateLinkReq
 .text.GAP_SetParamValue
                0x0000000000004e34       0x4a H:\Project\AC_Charging_pile\CH573EVT\EVT\EXAM\BLE\LIB\libCH57xBLE.a(gap.o)
                0x0000000000004e34                GAP_SetParamValue
 .text.GAP_Init
                0x0000000000004e7e       0x44 H:\Project\AC_Charging_pile\CH573EVT\EVT\EXAM\BLE\LIB\libCH57xBLE.a(gap.o)
                0x0000000000004e7e                GAP_Init
 .text.GAP_ProcessEvent
                0x0000000000004ec2      0x58e H:\Project\AC_Charging_pile\CH573EVT\EVT\EXAM\BLE\LIB\libCH57xBLE.a(gap.o)
                0x0000000000004ec2                GAP_ProcessEvent
 .text.gapSendScanEnable
                0x0000000000005450       0x1e H:\Project\AC_Charging_pile\CH573EVT\EVT\EXAM\BLE\LIB\libCH57xBLE.a(gap_central.o)
 .text.gapCentProcessConnEvt
                0x000000000000546e      0x148 H:\Project\AC_Charging_pile\CH573EVT\EVT\EXAM\BLE\LIB\libCH57xBLE.a(gap_central.o)
                0x000000000000546e                gapCentProcessConnEvt
 .text.gapCancelLinkReq
                0x00000000000055b6       0x38 H:\Project\AC_Charging_pile\CH573EVT\EVT\EXAM\BLE\LIB\libCH57xBLE.a(gap_central.o)
                0x00000000000055b6                gapCancelLinkReq
 .text.GAP_CentralParamInit
                0x00000000000055ee       0x4c H:\Project\AC_Charging_pile\CH573EVT\EVT\EXAM\BLE\LIB\libCH57xBLE.a(gap_central.o)
                0x00000000000055ee                GAP_CentralParamInit
 .text.gapProcessAdvertDevInfo
                0x000000000000563a      0x240 H:\Project\AC_Charging_pile\CH573EVT\EVT\EXAM\BLE\LIB\libCH57xBLE.a(gap_central.o)
                0x000000000000563a                gapProcessAdvertDevInfo
 .text.gapFreeScanRecs
                0x000000000000587a       0xa2 H:\Project\AC_Charging_pile\CH573EVT\EVT\EXAM\BLE\LIB\libCH57xBLE.a(gap_central.o)
                0x000000000000587a                gapFreeScanRecs
 .text.gapSendDevDiscEvent
                0x000000000000591c      0x124 H:\Project\AC_Charging_pile\CH573EVT\EVT\EXAM\BLE\LIB\libCH57xBLE.a(gap_central.o)
                0x000000000000591c                gapSendDevDiscEvent
 .text.gapSetScanParamStatus.part.2
                0x0000000000005a40       0x40 H:\Project\AC_Charging_pile\CH573EVT\EVT\EXAM\BLE\LIB\libCH57xBLE.a(gap_central.o)
 .text.gapCentProcessHCICmdEvt
                0x0000000000005a80       0x3c H:\Project\AC_Charging_pile\CH573EVT\EVT\EXAM\BLE\LIB\libCH57xBLE.a(gap_central.o)
                0x0000000000005a80                gapCentProcessHCICmdEvt
 .text.gapProcessScanningEvt
                0x0000000000005abc      0x110 H:\Project\AC_Charging_pile\CH573EVT\EVT\EXAM\BLE\LIB\libCH57xBLE.a(gap_central.o)
                0x0000000000005abc                gapProcessScanningEvt
 .text.gapProcessScanningDirectEvt
                0x0000000000005bcc       0xfe H:\Project\AC_Charging_pile\CH573EVT\EVT\EXAM\BLE\LIB\libCH57xBLE.a(gap_central.o)
                0x0000000000005bcc                gapProcessScanningDirectEvt
 .text.GAP_CentConnRegister
                0x0000000000005cca       0x12 H:\Project\AC_Charging_pile\CH573EVT\EVT\EXAM\BLE\LIB\libCH57xBLE.a(gap_central.o)
                0x0000000000005cca                GAP_CentConnRegister
 .text.GAP_CentDevMgrInit
                0x0000000000005cdc       0x94 H:\Project\AC_Charging_pile\CH573EVT\EVT\EXAM\BLE\LIB\libCH57xBLE.a(gap_central.o)
                0x0000000000005cdc                GAP_CentDevMgrInit
 .text.gapFreeAdvertState
                0x0000000000005d70       0x20 H:\Project\AC_Charging_pile\CH573EVT\EVT\EXAM\BLE\LIB\libCH57xBLE.a(gap_peripheral.o)
 .text.gapPeriProcessConnEvt
                0x0000000000005d90       0xbc H:\Project\AC_Charging_pile\CH573EVT\EVT\EXAM\BLE\LIB\libCH57xBLE.a(gap_peripheral.o)
 .text.gapSetAdvParams
                0x0000000000005e4c       0x7e H:\Project\AC_Charging_pile\CH573EVT\EVT\EXAM\BLE\LIB\libCH57xBLE.a(gap_peripheral.o)
 .text.GAP_PeripheralParamInit
                0x0000000000005eca       0x4a H:\Project\AC_Charging_pile\CH573EVT\EVT\EXAM\BLE\LIB\libCH57xBLE.a(gap_peripheral.o)
                0x0000000000005eca                GAP_PeripheralParamInit
 .text.gapSendMakeDiscEvent
                0x0000000000005f14       0x4e H:\Project\AC_Charging_pile\CH573EVT\EVT\EXAM\BLE\LIB\libCH57xBLE.a(gap_peripheral.o)
                0x0000000000005f14                gapSendMakeDiscEvent
 .text.gapPeriProcessHCICmdCompleteEvt
                0x0000000000005f62      0x190 H:\Project\AC_Charging_pile\CH573EVT\EVT\EXAM\BLE\LIB\libCH57xBLE.a(gap_peripheral.o)
 .text.GAP_MakeDiscoverable
                0x00000000000060f2       0xf0 H:\Project\AC_Charging_pile\CH573EVT\EVT\EXAM\BLE\LIB\libCH57xBLE.a(gap_peripheral.o)
                0x00000000000060f2                GAP_MakeDiscoverable
 .text.GAP_EndDiscoverable
                0x00000000000061e2       0x5c H:\Project\AC_Charging_pile\CH573EVT\EVT\EXAM\BLE\LIB\libCH57xBLE.a(gap_peripheral.o)
                0x00000000000061e2                GAP_EndDiscoverable
 .text.gapProcessAdvertisingEvt
                0x000000000000623e       0x8e H:\Project\AC_Charging_pile\CH573EVT\EVT\EXAM\BLE\LIB\libCH57xBLE.a(gap_peripheral.o)
 .text.GAP_UpdateAdvertisingData
                0x00000000000062cc       0xb8 H:\Project\AC_Charging_pile\CH573EVT\EVT\EXAM\BLE\LIB\libCH57xBLE.a(gap_peripheral.o)
                0x00000000000062cc                GAP_UpdateAdvertisingData
 .text.GAP_PeriConnRegister
                0x0000000000006384       0x2a H:\Project\AC_Charging_pile\CH573EVT\EVT\EXAM\BLE\LIB\libCH57xBLE.a(gap_peripheral.o)
                0x0000000000006384                GAP_PeriConnRegister
 .text.GAP_PeriDevMgrInit
                0x00000000000063ae       0xbc H:\Project\AC_Charging_pile\CH573EVT\EVT\EXAM\BLE\LIB\libCH57xBLE.a(gap_peripheral.o)
                0x00000000000063ae                GAP_PeriDevMgrInit
 .text.ggs_SetAttrWPermit
                0x000000000000646a       0x68 H:\Project\AC_Charging_pile\CH573EVT\EVT\EXAM\BLE\LIB\libCH57xBLE.a(gapgattserver.o)
 .text.ggs_ReadAttrCB
                0x00000000000064d2      0x152 H:\Project\AC_Charging_pile\CH573EVT\EVT\EXAM\BLE\LIB\libCH57xBLE.a(gapgattserver.o)
 .text.ggs_WriteAttrCB
                0x0000000000006624      0x154 H:\Project\AC_Charging_pile\CH573EVT\EVT\EXAM\BLE\LIB\libCH57xBLE.a(gapgattserver.o)
 .text.GGS_ParamInit
                0x0000000000006778      0x23a H:\Project\AC_Charging_pile\CH573EVT\EVT\EXAM\BLE\LIB\libCH57xBLE.a(gapgattserver.o)
                0x0000000000006778                GGS_ParamInit
 .text.GGS_SetParameter
                0x00000000000069b2       0xde H:\Project\AC_Charging_pile\CH573EVT\EVT\EXAM\BLE\LIB\libCH57xBLE.a(gapgattserver.o)
                0x00000000000069b2                GGS_SetParameter
 .text.GGS_AddService
                0x0000000000006a90       0x2c H:\Project\AC_Charging_pile\CH573EVT\EVT\EXAM\BLE\LIB\libCH57xBLE.a(gapgattserver.o)
                0x0000000000006a90                GGS_AddService
 .text.GAP_DeviceInit
                0x0000000000006abc       0xd8 H:\Project\AC_Charging_pile\CH573EVT\EVT\EXAM\BLE\LIB\libCH57xBLE.a(gapgattserver.o)
                0x0000000000006abc                GAP_DeviceInit
 .text.gattGetPayload
                0x0000000000006b94       0x7e H:\Project\AC_Charging_pile\CH573EVT\EVT\EXAM\BLE\LIB\libCH57xBLE.a(gatt.o)
                0x0000000000006b94                gattGetPayload
 .text.gattNotifyEvent
                0x0000000000006c12       0x80 H:\Project\AC_Charging_pile\CH573EVT\EVT\EXAM\BLE\LIB\libCH57xBLE.a(gatt.o)
                0x0000000000006c12                gattNotifyEvent
 .text.gattSendFlowCtrlEvt
                0x0000000000006c92       0x48 H:\Project\AC_Charging_pile\CH573EVT\EVT\EXAM\BLE\LIB\libCH57xBLE.a(gatt.o)
                0x0000000000006c92                gattSendFlowCtrlEvt
 .text.gattStartTimer
                0x0000000000006cda        0xc H:\Project\AC_Charging_pile\CH573EVT\EVT\EXAM\BLE\LIB\libCH57xBLE.a(gatt.o)
                0x0000000000006cda                gattStartTimer
 .text.gattStopTimer
                0x0000000000006ce6       0x32 H:\Project\AC_Charging_pile\CH573EVT\EVT\EXAM\BLE\LIB\libCH57xBLE.a(gatt.o)
                0x0000000000006ce6                gattStopTimer
 .text.GATT_AppCompletedMsg
                0x0000000000006d18       0x30 H:\Project\AC_Charging_pile\CH573EVT\EVT\EXAM\BLE\LIB\libCH57xBLE.a(gatt.o)
                0x0000000000006d18                GATT_AppCompletedMsg
 .text.GATT_NotifyEvent
                0x0000000000006d48       0x4e H:\Project\AC_Charging_pile\CH573EVT\EVT\EXAM\BLE\LIB\libCH57xBLE.a(gatt.o)
                0x0000000000006d48                GATT_NotifyEvent
 .text.gattRegisterServer
                0x0000000000006d96        0x6 H:\Project\AC_Charging_pile\CH573EVT\EVT\EXAM\BLE\LIB\libCH57xBLE.a(gatt.o)
                0x0000000000006d96                gattRegisterServer
 .text.GATT_UpdateMTU
                0x0000000000006d9c       0x5c H:\Project\AC_Charging_pile\CH573EVT\EVT\EXAM\BLE\LIB\libCH57xBLE.a(gatt.o)
                0x0000000000006d9c                GATT_UpdateMTU
 .text.GATT_bm_alloc
                0x0000000000006df8       0xe8 H:\Project\AC_Charging_pile\CH573EVT\EVT\EXAM\BLE\LIB\libCH57xBLE.a(gatt.o)
                0x0000000000006df8                GATT_bm_alloc
 .text.GATT_ServiceChangedInd
                0x0000000000006ee0       0x94 H:\Project\AC_Charging_pile\CH573EVT\EVT\EXAM\BLE\LIB\libCH57xBLE.a(gatt.o)
                0x0000000000006ee0                GATT_ServiceChangedInd
 .text.GATT_bm_free
                0x0000000000006f74       0x1c H:\Project\AC_Charging_pile\CH573EVT\EVT\EXAM\BLE\LIB\libCH57xBLE.a(gatt.o)
                0x0000000000006f74                GATT_bm_free
 .text.GATT_RegisterForPeriMsgs
                0x0000000000006f90        0x6 H:\Project\AC_Charging_pile\CH573EVT\EVT\EXAM\BLE\LIB\libCH57xBLE.a(gatt.o)
                0x0000000000006f90                GATT_RegisterForPeriMsgs
 .text.GATT_Init
                0x0000000000006f96       0x30 H:\Project\AC_Charging_pile\CH573EVT\EVT\EXAM\BLE\LIB\libCH57xBLE.a(gatt.o)
                0x0000000000006f96                GATT_Init
 .text.GATT_ProcessEvent
                0x0000000000006fc6      0x136 H:\Project\AC_Charging_pile\CH573EVT\EVT\EXAM\BLE\LIB\libCH57xBLE.a(gatt.o)
                0x0000000000006fc6                GATT_ProcessEvent
 .text.gattProcessExchangeMTUReq
                0x00000000000070fc        0x4 H:\Project\AC_Charging_pile\CH573EVT\EVT\EXAM\BLE\LIB\libCH57xBLE.a(gattservapp.o)
 .text.gattServApp_FindCharCfgItem
                0x0000000000007100       0x24 H:\Project\AC_Charging_pile\CH573EVT\EVT\EXAM\BLE\LIB\libCH57xBLE.a(gattservapp.o)
 .text.gattServerHandleTimerCB
                0x0000000000007124       0x3c H:\Project\AC_Charging_pile\CH573EVT\EVT\EXAM\BLE\LIB\libCH57xBLE.a(gattservapp.o)
 .text.gattProcessExecuteWriteReq
                0x0000000000007160        0x4 H:\Project\AC_Charging_pile\CH573EVT\EVT\EXAM\BLE\LIB\libCH57xBLE.a(gattservapp.o)
 .text.GATTServApp_ParamInit
                0x0000000000007164       0xd8 H:\Project\AC_Charging_pile\CH573EVT\EVT\EXAM\BLE\LIB\libCH57xBLE.a(gattservapp.o)
                0x0000000000007164                GATTServApp_ParamInit
 .text.GATTServApp_ReadCharCfg
                0x000000000000723c       0x18 H:\Project\AC_Charging_pile\CH573EVT\EVT\EXAM\BLE\LIB\libCH57xBLE.a(gattservapp.o)
                0x000000000000723c                GATTServApp_ReadCharCfg
 .text.GATTServApp_WriteCharCfg
                0x0000000000007254       0x3c H:\Project\AC_Charging_pile\CH573EVT\EVT\EXAM\BLE\LIB\libCH57xBLE.a(gattservapp.o)
                0x0000000000007254                GATTServApp_WriteCharCfg
 .text.GATTServApp_ProcessCCCWriteReq
                0x0000000000007290       0x60 H:\Project\AC_Charging_pile\CH573EVT\EVT\EXAM\BLE\LIB\libCH57xBLE.a(gattservapp.o)
                0x0000000000007290                GATTServApp_ProcessCCCWriteReq
 .text.gattServApp_WriteAttrCB
                0x00000000000072f0       0x34 H:\Project\AC_Charging_pile\CH573EVT\EVT\EXAM\BLE\LIB\libCH57xBLE.a(gattservapp.o)
                0x00000000000072f0                gattServApp_WriteAttrCB
 .text.GATTServApp_SendCCCUpdatedEvent
                0x0000000000007324       0x5e H:\Project\AC_Charging_pile\CH573EVT\EVT\EXAM\BLE\LIB\libCH57xBLE.a(gattservapp.o)
                0x0000000000007324                GATTServApp_SendCCCUpdatedEvent
 .text.GATTServApp_SendServiceChangedInd
                0x0000000000007382       0x38 H:\Project\AC_Charging_pile\CH573EVT\EVT\EXAM\BLE\LIB\libCH57xBLE.a(gattservapp.o)
                0x0000000000007382                GATTServApp_SendServiceChangedInd
 .text.gattServApp_ClearPrepareWriteQ
                0x00000000000073ba       0x4c H:\Project\AC_Charging_pile\CH573EVT\EVT\EXAM\BLE\LIB\libCH57xBLE.a(gattservapp.o)
                0x00000000000073ba                gattServApp_ClearPrepareWriteQ
 .text.gattServApp_FindPrepareWriteQ
                0x0000000000007406       0x32 H:\Project\AC_Charging_pile\CH573EVT\EVT\EXAM\BLE\LIB\libCH57xBLE.a(gattservapp.o)
                0x0000000000007406                gattServApp_FindPrepareWriteQ
 .text.gattServApp_FindServiceCBs
                0x0000000000007438       0x18 H:\Project\AC_Charging_pile\CH573EVT\EVT\EXAM\BLE\LIB\libCH57xBLE.a(gattservapp.o)
                0x0000000000007438                gattServApp_FindServiceCBs
 .text.gattServApp_FindAuthorizeAttrCB
                0x0000000000007450       0x14 H:\Project\AC_Charging_pile\CH573EVT\EVT\EXAM\BLE\LIB\libCH57xBLE.a(gattservapp.o)
                0x0000000000007450                gattServApp_FindAuthorizeAttrCB
 .text.gattServApp_IsWriteLong
                0x0000000000007464       0xe6 H:\Project\AC_Charging_pile\CH573EVT\EVT\EXAM\BLE\LIB\libCH57xBLE.a(gattservapp.o)
                0x0000000000007464                gattServApp_IsWriteLong
 .text.gattFindService
                0x000000000000754a       0x1c H:\Project\AC_Charging_pile\CH573EVT\EVT\EXAM\BLE\LIB\libCH57xBLE.a(gattservapp.o)
                0x000000000000754a                gattFindService
 .text.GATT_ServiceNumAttrs
                0x0000000000007566       0x16 H:\Project\AC_Charging_pile\CH573EVT\EVT\EXAM\BLE\LIB\libCH57xBLE.a(gattservapp.o)
                0x0000000000007566                GATT_ServiceNumAttrs
 .text.GATT_ServiceEncKeySize
                0x000000000000757c       0x18 H:\Project\AC_Charging_pile\CH573EVT\EVT\EXAM\BLE\LIB\libCH57xBLE.a(gattservapp.o)
                0x000000000000757c                GATT_ServiceEncKeySize
 .text.GATT_VerifyWritePermissions.part.7
                0x0000000000007594       0x2c H:\Project\AC_Charging_pile\CH573EVT\EVT\EXAM\BLE\LIB\libCH57xBLE.a(gattservapp.o)
 .text.gattResetServerInfo
                0x00000000000075c0       0x1c H:\Project\AC_Charging_pile\CH573EVT\EVT\EXAM\BLE\LIB\libCH57xBLE.a(gattservapp.o)
                0x00000000000075c0                gattResetServerInfo
 .text.gattFindServerInfo
                0x00000000000075dc       0x32 H:\Project\AC_Charging_pile\CH573EVT\EVT\EXAM\BLE\LIB\libCH57xBLE.a(gattservapp.o)
                0x00000000000075dc                gattFindServerInfo
 .text.gattServerHandleConnStatusCB
                0x000000000000760e       0x98 H:\Project\AC_Charging_pile\CH573EVT\EVT\EXAM\BLE\LIB\libCH57xBLE.a(gattservapp.o)
                0x000000000000760e                gattServerHandleConnStatusCB
 .text.gattServerProcessMsgCB
                0x00000000000076a6      0x1c0 H:\Project\AC_Charging_pile\CH573EVT\EVT\EXAM\BLE\LIB\libCH57xBLE.a(gattservapp.o)
                0x00000000000076a6                gattServerProcessMsgCB
 .text.gattServerNotifyTxCB
                0x0000000000007866       0x28 H:\Project\AC_Charging_pile\CH573EVT\EVT\EXAM\BLE\LIB\libCH57xBLE.a(gattservapp.o)
 .text.GATT_FindHandle
                0x000000000000788e       0x4a H:\Project\AC_Charging_pile\CH573EVT\EVT\EXAM\BLE\LIB\libCH57xBLE.a(gattservapp.o)
                0x000000000000788e                GATT_FindHandle
 .text.GATTServApp_WriteAttr
                0x00000000000078d8       0xa8 H:\Project\AC_Charging_pile\CH573EVT\EVT\EXAM\BLE\LIB\libCH57xBLE.a(gattservapp.o)
                0x00000000000078d8                GATTServApp_WriteAttr
 .text.gattServApp_ProcessExecuteWriteReq
                0x0000000000007980      0x100 H:\Project\AC_Charging_pile\CH573EVT\EVT\EXAM\BLE\LIB\libCH57xBLE.a(gattservapp.o)
                0x0000000000007980                gattServApp_ProcessExecuteWriteReq
 .text.GATTServApp_UpdateCharCfg
                0x0000000000007a80       0x1e H:\Project\AC_Charging_pile\CH573EVT\EVT\EXAM\BLE\LIB\libCH57xBLE.a(gattservapp.o)
                0x0000000000007a80                GATTServApp_UpdateCharCfg
 .text.gattServApp_ProcessPrepareWriteReq
                0x0000000000007a9e      0x10e H:\Project\AC_Charging_pile\CH573EVT\EVT\EXAM\BLE\LIB\libCH57xBLE.a(gattservapp.o)
                0x0000000000007a9e                gattServApp_ProcessPrepareWriteReq
 .text.gattServApp_ProcessWriteReq
                0x0000000000007bac       0xb0 H:\Project\AC_Charging_pile\CH573EVT\EVT\EXAM\BLE\LIB\libCH57xBLE.a(gattservapp.o)
                0x0000000000007bac                gattServApp_ProcessWriteReq
 .text.GATT_Indication
                0x0000000000007c5c       0xa4 H:\Project\AC_Charging_pile\CH573EVT\EVT\EXAM\BLE\LIB\libCH57xBLE.a(gattservapp.o)
                0x0000000000007c5c                GATT_Indication
 .text.GATT_FindHandleUUID
                0x0000000000007d00       0x94 H:\Project\AC_Charging_pile\CH573EVT\EVT\EXAM\BLE\LIB\libCH57xBLE.a(gattservapp.o)
                0x0000000000007d00                GATT_FindHandleUUID
 .text.gattProcessReadByGrpTypeReq
                0x0000000000007d94       0x60 H:\Project\AC_Charging_pile\CH573EVT\EVT\EXAM\BLE\LIB\libCH57xBLE.a(gattservapp.o)
 .text.gattProcessReadByTypeReq
                0x0000000000007df4       0x34 H:\Project\AC_Charging_pile\CH573EVT\EVT\EXAM\BLE\LIB\libCH57xBLE.a(gattservapp.o)
 .text.gattProcessFindByTypeValueReq
                0x0000000000007e28       0x34 H:\Project\AC_Charging_pile\CH573EVT\EVT\EXAM\BLE\LIB\libCH57xBLE.a(gattservapp.o)
 .text.gattProcessFindInfoReq
                0x0000000000007e5c      0x1aa H:\Project\AC_Charging_pile\CH573EVT\EVT\EXAM\BLE\LIB\libCH57xBLE.a(gattservapp.o)
 .text.GATT_Notification
                0x0000000000008006       0x78 H:\Project\AC_Charging_pile\CH573EVT\EVT\EXAM\BLE\LIB\libCH57xBLE.a(gattservapp.o)
                0x0000000000008006                GATT_Notification
 .text.GATT_VerifyWritePermissions
                0x000000000000807e       0x6a H:\Project\AC_Charging_pile\CH573EVT\EVT\EXAM\BLE\LIB\libCH57xBLE.a(gattservapp.o)
                0x000000000000807e                GATT_VerifyWritePermissions
 .text.gattProcessWriteReq
                0x00000000000080e8       0x36 H:\Project\AC_Charging_pile\CH573EVT\EVT\EXAM\BLE\LIB\libCH57xBLE.a(gattservapp.o)
 .text.GATT_VerifyPrepareWritePermissions
                0x000000000000811e       0x56 H:\Project\AC_Charging_pile\CH573EVT\EVT\EXAM\BLE\LIB\libCH57xBLE.a(gattservapp.o)
                0x000000000000811e                GATT_VerifyPrepareWritePermissions
 .text.gattProcessPrepareWriteReq
                0x0000000000008174       0x36 H:\Project\AC_Charging_pile\CH573EVT\EVT\EXAM\BLE\LIB\libCH57xBLE.a(gattservapp.o)
 .text.GATT_FindNextAttr
                0x00000000000081aa       0xc2 H:\Project\AC_Charging_pile\CH573EVT\EVT\EXAM\BLE\LIB\libCH57xBLE.a(gattservapp.o)
                0x00000000000081aa                GATT_FindNextAttr
 .text.GATTServApp_ReadAttr
                0x000000000000826c      0x2e2 H:\Project\AC_Charging_pile\CH573EVT\EVT\EXAM\BLE\LIB\libCH57xBLE.a(gattservapp.o)
                0x000000000000826c                GATTServApp_ReadAttr
 .text.gattServApp_ProcessReadMultiReq
                0x000000000000854e      0x16e H:\Project\AC_Charging_pile\CH573EVT\EVT\EXAM\BLE\LIB\libCH57xBLE.a(gattservapp.o)
                0x000000000000854e                gattServApp_ProcessReadMultiReq
 .text.gattServApp_ProcessFindByTypeValueReq
                0x00000000000086bc      0x19c H:\Project\AC_Charging_pile\CH573EVT\EVT\EXAM\BLE\LIB\libCH57xBLE.a(gattservapp.o)
                0x00000000000086bc                gattServApp_ProcessFindByTypeValueReq
 .text.GATT_VerifyReadPermissions
                0x0000000000008858       0x68 H:\Project\AC_Charging_pile\CH573EVT\EVT\EXAM\BLE\LIB\libCH57xBLE.a(gattservapp.o)
                0x0000000000008858                GATT_VerifyReadPermissions
 .text.gattProcessReadMultiReq
                0x00000000000088c0       0xae H:\Project\AC_Charging_pile\CH573EVT\EVT\EXAM\BLE\LIB\libCH57xBLE.a(gattservapp.o)
 .text.gattProcessReadReq
                0x000000000000896e       0x30 H:\Project\AC_Charging_pile\CH573EVT\EVT\EXAM\BLE\LIB\libCH57xBLE.a(gattservapp.o)
 .text.gattServApp_ProcessReadByGrpTypeReq
                0x000000000000899e      0x21c H:\Project\AC_Charging_pile\CH573EVT\EVT\EXAM\BLE\LIB\libCH57xBLE.a(gattservapp.o)
                0x000000000000899e                gattServApp_ProcessReadByGrpTypeReq
 .text.gattServApp_ProcessReadByTypeReq
                0x0000000000008bba      0x1ae H:\Project\AC_Charging_pile\CH573EVT\EVT\EXAM\BLE\LIB\libCH57xBLE.a(gattservapp.o)
                0x0000000000008bba                gattServApp_ProcessReadByTypeReq
 .text.GATT_RegisterService
                0x0000000000008d68       0xee H:\Project\AC_Charging_pile\CH573EVT\EVT\EXAM\BLE\LIB\libCH57xBLE.a(gattservapp.o)
                0x0000000000008d68                GATT_RegisterService
 .text.GATTServApp_RegisterService
                0x0000000000008e56       0x7c H:\Project\AC_Charging_pile\CH573EVT\EVT\EXAM\BLE\LIB\libCH57xBLE.a(gattservapp.o)
                0x0000000000008e56                GATTServApp_RegisterService
 .text.GATTServApp_AddService
                0x0000000000008ed2       0x2c H:\Project\AC_Charging_pile\CH573EVT\EVT\EXAM\BLE\LIB\libCH57xBLE.a(gattservapp.o)
                0x0000000000008ed2                GATTServApp_AddService
 .text.GATTServApp_RegisterForMsg
                0x0000000000008efe        0x6 H:\Project\AC_Charging_pile\CH573EVT\EVT\EXAM\BLE\LIB\libCH57xBLE.a(gattservapp.o)
                0x0000000000008efe                GATTServApp_RegisterForMsg
 .text.GATTServApp_InitCharCfg
                0x0000000000008f04       0x3e H:\Project\AC_Charging_pile\CH573EVT\EVT\EXAM\BLE\LIB\libCH57xBLE.a(gattservapp.o)
                0x0000000000008f04                GATTServApp_InitCharCfg
 .text.gattServApp_HandleConnStatusCB
                0x0000000000008f42       0x74 H:\Project\AC_Charging_pile\CH573EVT\EVT\EXAM\BLE\LIB\libCH57xBLE.a(gattservapp.o)
                0x0000000000008f42                gattServApp_HandleConnStatusCB
 .text.GATT_InitServer
                0x0000000000008fb6       0xac H:\Project\AC_Charging_pile\CH573EVT\EVT\EXAM\BLE\LIB\libCH57xBLE.a(gattservapp.o)
                0x0000000000008fb6                GATT_InitServer
 .text.GATTServApp_Init
                0x0000000000009062       0x4a H:\Project\AC_Charging_pile\CH573EVT\EVT\EXAM\BLE\LIB\libCH57xBLE.a(gattservapp.o)
                0x0000000000009062                GATTServApp_Init
 .text.GATTServApp_ProcessEvent
                0x00000000000090ac      0x398 H:\Project\AC_Charging_pile\CH573EVT\EVT\EXAM\BLE\LIB\libCH57xBLE.a(gattservapp.o)
                0x00000000000090ac                GATTServApp_ProcessEvent
 .text.l2capAllocConnChannel
                0x0000000000009444       0xd8 H:\Project\AC_Charging_pile\CH573EVT\EVT\EXAM\BLE\LIB\libCH57xBLE.a(l2cap.o)
                0x0000000000009444                l2capAllocConnChannel
 .text.l2capFindLocalCID
                0x000000000000951c       0x2c H:\Project\AC_Charging_pile\CH573EVT\EVT\EXAM\BLE\LIB\libCH57xBLE.a(l2cap.o)
                0x000000000000951c                l2capFindLocalCID
 .text.l2capFindLocalId
                0x0000000000009548       0x30 H:\Project\AC_Charging_pile\CH573EVT\EVT\EXAM\BLE\LIB\libCH57xBLE.a(l2cap.o)
                0x0000000000009548                l2capFindLocalId
 .text.l2capFindPsm
                0x0000000000009578       0x2c H:\Project\AC_Charging_pile\CH573EVT\EVT\EXAM\BLE\LIB\libCH57xBLE.a(l2cap.o)
                0x0000000000009578                l2capFindPsm
 .text.l2capFindRemoteCID
                0x00000000000095a4       0x3c H:\Project\AC_Charging_pile\CH573EVT\EVT\EXAM\BLE\LIB\libCH57xBLE.a(l2cap.o)
                0x00000000000095a4                l2capFindRemoteCID
 .text.l2capFreeChannel
                0x00000000000095e0       0x4a H:\Project\AC_Charging_pile\CH573EVT\EVT\EXAM\BLE\LIB\libCH57xBLE.a(l2cap.o)
                0x00000000000095e0                l2capFreeChannel
 .text.l2capDisconnectChannel
                0x000000000000962a       0x28 H:\Project\AC_Charging_pile\CH573EVT\EVT\EXAM\BLE\LIB\libCH57xBLE.a(l2cap.o)
                0x000000000000962a                l2capDisconnectChannel
 .text.l2capHandleTimerCB
                0x0000000000009652       0x2c H:\Project\AC_Charging_pile\CH573EVT\EVT\EXAM\BLE\LIB\libCH57xBLE.a(l2cap.o)
                0x0000000000009652                l2capHandleTimerCB
 .text.l2capFreePendingPkt
                0x000000000000967e       0x58 H:\Project\AC_Charging_pile\CH573EVT\EVT\EXAM\BLE\LIB\libCH57xBLE.a(l2cap.o)
                0x000000000000967e                l2capFreePendingPkt
 .text.l2capGetCoChannelInfo
                0x00000000000096d6       0x7e H:\Project\AC_Charging_pile\CH573EVT\EVT\EXAM\BLE\LIB\libCH57xBLE.a(l2cap.o)
                0x00000000000096d6                l2capGetCoChannelInfo
 .text.l2capNumActiveChannnels
                0x0000000000009754       0x44 H:\Project\AC_Charging_pile\CH573EVT\EVT\EXAM\BLE\LIB\libCH57xBLE.a(l2cap.o)
                0x0000000000009754                l2capNumActiveChannnels
 .text.l2capStartTimer
                0x0000000000009798       0x1a H:\Project\AC_Charging_pile\CH573EVT\EVT\EXAM\BLE\LIB\libCH57xBLE.a(l2cap.o)
                0x0000000000009798                l2capStartTimer
 .text.l2capStopTimer
                0x00000000000097b2       0x1e H:\Project\AC_Charging_pile\CH573EVT\EVT\EXAM\BLE\LIB\libCH57xBLE.a(l2cap.o)
                0x00000000000097b2                l2capStopTimer
 .text.l2capDisconnectAllChannels
                0x00000000000097d0       0xdc H:\Project\AC_Charging_pile\CH573EVT\EVT\EXAM\BLE\LIB\libCH57xBLE.a(l2cap.o)
                0x00000000000097d0                l2capDisconnectAllChannels
 .text.l2capHandleConnStatusCB
                0x00000000000098ac       0x3c H:\Project\AC_Charging_pile\CH573EVT\EVT\EXAM\BLE\LIB\libCH57xBLE.a(l2cap.o)
                0x00000000000098ac                l2capHandleConnStatusCB
 .text.l2capHandleRxError
                0x00000000000098e8        0x6 H:\Project\AC_Charging_pile\CH573EVT\EVT\EXAM\BLE\LIB\libCH57xBLE.a(l2cap.o)
                0x00000000000098e8                l2capHandleRxError
 .text.L2CAP_GetMTU
                0x00000000000098ee        0x6 H:\Project\AC_Charging_pile\CH573EVT\EVT\EXAM\BLE\LIB\libCH57xBLE.a(l2cap.o)
                0x00000000000098ee                L2CAP_GetMTU
 .text.L2CAP_HostNumCompletedPkts
                0x00000000000098f4       0x28 H:\Project\AC_Charging_pile\CH573EVT\EVT\EXAM\BLE\LIB\libCH57xBLE.a(l2cap.o)
                0x00000000000098f4                L2CAP_HostNumCompletedPkts
 .text.L2CAP_ParseConnectReq
                0x000000000000991c       0x5e H:\Project\AC_Charging_pile\CH573EVT\EVT\EXAM\BLE\LIB\libCH57xBLE.a(l2cap.o)
                0x000000000000991c                L2CAP_ParseConnectReq
 .text.L2CAP_ParseFlowCtrlCredit
                0x000000000000997a       0x2e H:\Project\AC_Charging_pile\CH573EVT\EVT\EXAM\BLE\LIB\libCH57xBLE.a(l2cap.o)
                0x000000000000997a                L2CAP_ParseFlowCtrlCredit
 .text.L2CAP_RegisterApp
                0x00000000000099a8       0x30 H:\Project\AC_Charging_pile\CH573EVT\EVT\EXAM\BLE\LIB\libCH57xBLE.a(l2cap.o)
                0x00000000000099a8                L2CAP_RegisterApp
 .text.L2CAP_SetBufSize
                0x00000000000099d8       0x10 H:\Project\AC_Charging_pile\CH573EVT\EVT\EXAM\BLE\LIB\libCH57xBLE.a(l2cap.o)
                0x00000000000099d8                L2CAP_SetBufSize
 .text.L2CAP_bm_alloc
                0x00000000000099e8       0x2a H:\Project\AC_Charging_pile\CH573EVT\EVT\EXAM\BLE\LIB\libCH57xBLE.a(l2cap.o)
                0x00000000000099e8                L2CAP_bm_alloc
 .text.L2CAP_Init
                0x0000000000009a12       0xee H:\Project\AC_Charging_pile\CH573EVT\EVT\EXAM\BLE\LIB\libCH57xBLE.a(l2cap.o)
                0x0000000000009a12                L2CAP_Init
 .text.L2CAP_ProcessEvent
                0x0000000000009b00       0xc8 H:\Project\AC_Charging_pile\CH573EVT\EVT\EXAM\BLE\LIB\libCH57xBLE.a(l2cap.o)
                0x0000000000009b00                L2CAP_ProcessEvent
 .text.l2capParseCmdReject
                0x0000000000009bc8       0x5e H:\Project\AC_Charging_pile\CH573EVT\EVT\EXAM\BLE\LIB\libCH57xBLE.a(l2cap_input.o)
                0x0000000000009bc8                l2capParseCmdReject
 .text.l2capParseDisconnectReq
                0x0000000000009c26       0x2e H:\Project\AC_Charging_pile\CH573EVT\EVT\EXAM\BLE\LIB\libCH57xBLE.a(l2cap_input.o)
                0x0000000000009c26                l2capParseDisconnectReq
 .text.l2capParseDisconnectRsp
                0x0000000000009c54       0x2e H:\Project\AC_Charging_pile\CH573EVT\EVT\EXAM\BLE\LIB\libCH57xBLE.a(l2cap_input.o)
                0x0000000000009c54                l2capParseDisconnectRsp
 .text.L2CAP_ParseParamUpdateReq
                0x0000000000009c82       0x4e H:\Project\AC_Charging_pile\CH573EVT\EVT\EXAM\BLE\LIB\libCH57xBLE.a(l2cap_input.o)
                0x0000000000009c82                L2CAP_ParseParamUpdateReq
 .text.l2capParseParamUpdateRsp
                0x0000000000009cd0       0x1e H:\Project\AC_Charging_pile\CH573EVT\EVT\EXAM\BLE\LIB\libCH57xBLE.a(l2cap_input.o)
                0x0000000000009cd0                l2capParseParamUpdateRsp
 .text.l2capProcessConnectReq
                0x0000000000009cee       0xfc H:\Project\AC_Charging_pile\CH573EVT\EVT\EXAM\BLE\LIB\libCH57xBLE.a(l2cap_input.o)
                0x0000000000009cee                l2capProcessConnectReq
 .text.l2capParseConnectRsp
                0x0000000000009dea       0x5e H:\Project\AC_Charging_pile\CH573EVT\EVT\EXAM\BLE\LIB\libCH57xBLE.a(l2cap_input.o)
                0x0000000000009dea                l2capParseConnectRsp
 .text.l2capParseSignalHdr
                0x0000000000009e48       0x22 H:\Project\AC_Charging_pile\CH573EVT\EVT\EXAM\BLE\LIB\libCH57xBLE.a(l2cap_input.o)
                0x0000000000009e48                l2capParseSignalHdr
 .text.l2capParsePacket
                0x0000000000009e6a       0x8c H:\Project\AC_Charging_pile\CH573EVT\EVT\EXAM\BLE\LIB\libCH57xBLE.a(l2cap_input.o)
                0x0000000000009e6a                l2capParsePacket
 .text.l2capProcessReq
                0x0000000000009ef6      0x15a H:\Project\AC_Charging_pile\CH573EVT\EVT\EXAM\BLE\LIB\libCH57xBLE.a(l2cap_input.o)
                0x0000000000009ef6                l2capProcessReq
 .text.l2capProcessRsp
                0x000000000000a050      0x150 H:\Project\AC_Charging_pile\CH573EVT\EVT\EXAM\BLE\LIB\libCH57xBLE.a(l2cap_input.o)
                0x000000000000a050                l2capProcessRsp
 .text.l2capProcessRxData
                0x000000000000a1a0       0xf8 H:\Project\AC_Charging_pile\CH573EVT\EVT\EXAM\BLE\LIB\libCH57xBLE.a(l2cap_input.o)
                0x000000000000a1a0                l2capProcessRxData
 .text.l2capNotifyData
                0x000000000000a298       0x5a H:\Project\AC_Charging_pile\CH573EVT\EVT\EXAM\BLE\LIB\libCH57xBLE.a(l2cap_output.o)
                0x000000000000a298                l2capNotifyData
 .text.l2capNotifySignal
                0x000000000000a2f2       0x76 H:\Project\AC_Charging_pile\CH573EVT\EVT\EXAM\BLE\LIB\libCH57xBLE.a(l2cap_output.o)
                0x000000000000a2f2                l2capNotifySignal
 .text.l2capNotifyCreditEvt
                0x000000000000a368       0x9c H:\Project\AC_Charging_pile\CH573EVT\EVT\EXAM\BLE\LIB\libCH57xBLE.a(l2cap_output.o)
                0x000000000000a368                l2capNotifyCreditEvt
 .text.l2capNotifyChannelEstEvt
                0x000000000000a404       0x58 H:\Project\AC_Charging_pile\CH573EVT\EVT\EXAM\BLE\LIB\libCH57xBLE.a(l2cap_output.o)
                0x000000000000a404                l2capNotifyChannelEstEvt
 .text.l2capNotifyChannelTermEvt
                0x000000000000a45c       0x3e H:\Project\AC_Charging_pile\CH573EVT\EVT\EXAM\BLE\LIB\libCH57xBLE.a(l2cap_output.o)
                0x000000000000a45c                l2capNotifyChannelTermEvt
 .text.l2capNotifyEvent
                0x000000000000a49a       0x66 H:\Project\AC_Charging_pile\CH573EVT\EVT\EXAM\BLE\LIB\libCH57xBLE.a(l2cap_output.o)
                0x000000000000a49a                l2capNotifyEvent
 .text.l2capStoreFCPkt
                0x000000000000a500       0x32 H:\Project\AC_Charging_pile\CH573EVT\EVT\EXAM\BLE\LIB\libCH57xBLE.a(l2cap_output.o)
                0x000000000000a500                l2capStoreFCPkt
 .text.l2capFreeTxSDU
                0x000000000000a532       0x9a H:\Project\AC_Charging_pile\CH573EVT\EVT\EXAM\BLE\LIB\libCH57xBLE.a(l2cap_output.o)
                0x000000000000a532                l2capFreeTxSDU
 .text.l2capReassembleSegment
                0x000000000000a5cc      0x174 H:\Project\AC_Charging_pile\CH573EVT\EVT\EXAM\BLE\LIB\libCH57xBLE.a(l2cap_output.o)
                0x000000000000a5cc                l2capReassembleSegment
 .text.l2capEncapSendData
                0x000000000000a740       0xec H:\Project\AC_Charging_pile\CH573EVT\EVT\EXAM\BLE\LIB\libCH57xBLE.a(l2cap_output.o)
                0x000000000000a740                l2capEncapSendData
 .text.l2capSendFCPkt.part.3
                0x000000000000a82c       0x70 H:\Project\AC_Charging_pile\CH573EVT\EVT\EXAM\BLE\LIB\libCH57xBLE.a(l2cap_output.o)
 .text.l2capSendSegment
                0x000000000000a89c      0x108 H:\Project\AC_Charging_pile\CH573EVT\EVT\EXAM\BLE\LIB\libCH57xBLE.a(l2cap_output.o)
                0x000000000000a89c                l2capSendSegment
 .text.l2capSendNextSegment
                0x000000000000a9a4       0xb4 H:\Project\AC_Charging_pile\CH573EVT\EVT\EXAM\BLE\LIB\libCH57xBLE.a(l2cap_output.o)
                0x000000000000a9a4                l2capSendNextSegment
 .text.l2capSendPkt
                0x000000000000aa58       0x3a H:\Project\AC_Charging_pile\CH573EVT\EVT\EXAM\BLE\LIB\libCH57xBLE.a(l2cap_output.o)
                0x000000000000aa58                l2capSendPkt
 .text.L2CAP_SendData
                0x000000000000aa92       0x78 H:\Project\AC_Charging_pile\CH573EVT\EVT\EXAM\BLE\LIB\libCH57xBLE.a(l2cap_output.o)
                0x000000000000aa92                L2CAP_SendData
 .text.l2capSendCmd
                0x000000000000ab0a       0x8a H:\Project\AC_Charging_pile\CH573EVT\EVT\EXAM\BLE\LIB\libCH57xBLE.a(l2cap_output.o)
                0x000000000000ab0a                l2capSendCmd
 .text.l2capSendReq
                0x000000000000ab94       0xc4 H:\Project\AC_Charging_pile\CH573EVT\EVT\EXAM\BLE\LIB\libCH57xBLE.a(l2cap_output.o)
                0x000000000000ab94                l2capSendReq
 .text.l2capBuildDisconnectReq
                0x000000000000ac58       0x28 H:\Project\AC_Charging_pile\CH573EVT\EVT\EXAM\BLE\LIB\libCH57xBLE.a(l2cap_sdu.o)
 .text.l2capBuildParamUpdateReq
                0x000000000000ac80       0x4c H:\Project\AC_Charging_pile\CH573EVT\EVT\EXAM\BLE\LIB\libCH57xBLE.a(l2cap_sdu.o)
 .text.l2capBuildParamUpdateRsp
                0x000000000000accc       0x16 H:\Project\AC_Charging_pile\CH573EVT\EVT\EXAM\BLE\LIB\libCH57xBLE.a(l2cap_sdu.o)
 .text.l2capBuildConnectRsp
                0x000000000000ace2       0x5e H:\Project\AC_Charging_pile\CH573EVT\EVT\EXAM\BLE\LIB\libCH57xBLE.a(l2cap_sdu.o)
 .text.l2capBuildCmdReject
                0x000000000000ad40       0x62 H:\Project\AC_Charging_pile\CH573EVT\EVT\EXAM\BLE\LIB\libCH57xBLE.a(l2cap_sdu.o)
                0x000000000000ad40                l2capBuildCmdReject
 .text.l2capBuildDisconnectRsp
                0x000000000000ada2       0x28 H:\Project\AC_Charging_pile\CH573EVT\EVT\EXAM\BLE\LIB\libCH57xBLE.a(l2cap_sdu.o)
                0x000000000000ada2                l2capBuildDisconnectRsp
 .text.l2capSendConnectRsp
                0x000000000000adca       0xa2 H:\Project\AC_Charging_pile\CH573EVT\EVT\EXAM\BLE\LIB\libCH57xBLE.a(l2cap_sdu.o)
                0x000000000000adca                l2capSendConnectRsp
 .text.L2CAP_CmdReject
                0x000000000000ae6c       0x12 H:\Project\AC_Charging_pile\CH573EVT\EVT\EXAM\BLE\LIB\libCH57xBLE.a(l2cap_sdu.o)
                0x000000000000ae6c                L2CAP_CmdReject
 .text.L2CAP_DisconnectReq
                0x000000000000ae7e       0x2a H:\Project\AC_Charging_pile\CH573EVT\EVT\EXAM\BLE\LIB\libCH57xBLE.a(l2cap_sdu.o)
                0x000000000000ae7e                L2CAP_DisconnectReq
 .text.L2CAP_ConnParamUpdateReq
                0x000000000000aea8       0x16 H:\Project\AC_Charging_pile\CH573EVT\EVT\EXAM\BLE\LIB\libCH57xBLE.a(l2cap_sdu.o)
                0x000000000000aea8                L2CAP_ConnParamUpdateReq
 .text.L2CAP_ConnParamUpdateRsp
                0x000000000000aebe       0x12 H:\Project\AC_Charging_pile\CH573EVT\EVT\EXAM\BLE\LIB\libCH57xBLE.a(l2cap_sdu.o)
                0x000000000000aebe                L2CAP_ConnParamUpdateRsp
 .text.reportStatusChange
                0x000000000000aed0       0x3e H:\Project\AC_Charging_pile\CH573EVT\EVT\EXAM\BLE\LIB\libCH57xBLE.a(linkdb.o)
 .text.linkDB_Init
                0x000000000000af0e       0x76 H:\Project\AC_Charging_pile\CH573EVT\EVT\EXAM\BLE\LIB\libCH57xBLE.a(linkdb.o)
                0x000000000000af0e                linkDB_Init
 .text.linkDB_Find
                0x000000000000af84       0x2c H:\Project\AC_Charging_pile\CH573EVT\EVT\EXAM\BLE\LIB\libCH57xBLE.a(linkdb.o)
                0x000000000000af84                linkDB_Find
 .text.linkDB_Authen
                0x000000000000afb0       0x5c H:\Project\AC_Charging_pile\CH573EVT\EVT\EXAM\BLE\LIB\libCH57xBLE.a(linkdb.o)
                0x000000000000afb0                linkDB_Authen
 .text.linkDB_FindFirst
                0x000000000000b00c       0x38 H:\Project\AC_Charging_pile\CH573EVT\EVT\EXAM\BLE\LIB\libCH57xBLE.a(linkdb.o)
                0x000000000000b00c                linkDB_FindFirst
 .text.linkDB_MTU
                0x000000000000b044       0x18 H:\Project\AC_Charging_pile\CH573EVT\EVT\EXAM\BLE\LIB\libCH57xBLE.a(linkdb.o)
                0x000000000000b044                linkDB_MTU
 .text.linkDB_NumActive
                0x000000000000b05c       0x2e H:\Project\AC_Charging_pile\CH573EVT\EVT\EXAM\BLE\LIB\libCH57xBLE.a(linkdb.o)
                0x000000000000b05c                linkDB_NumActive
 .text.linkDB_NumConns
                0x000000000000b08a        0x6 H:\Project\AC_Charging_pile\CH573EVT\EVT\EXAM\BLE\LIB\libCH57xBLE.a(linkdb.o)
                0x000000000000b08a                linkDB_NumConns
 .text.linkDB_Register
                0x000000000000b090       0x28 H:\Project\AC_Charging_pile\CH573EVT\EVT\EXAM\BLE\LIB\libCH57xBLE.a(linkdb.o)
                0x000000000000b090                linkDB_Register
 .text.linkDB_Remove
                0x000000000000b0b8       0x48 H:\Project\AC_Charging_pile\CH573EVT\EVT\EXAM\BLE\LIB\libCH57xBLE.a(linkdb.o)
                0x000000000000b0b8                linkDB_Remove
 .text.linkDB_Role
                0x000000000000b100       0x18 H:\Project\AC_Charging_pile\CH573EVT\EVT\EXAM\BLE\LIB\libCH57xBLE.a(linkdb.o)
                0x000000000000b100                linkDB_Role
 .text.linkDB_State
                0x000000000000b118       0x30 H:\Project\AC_Charging_pile\CH573EVT\EVT\EXAM\BLE\LIB\libCH57xBLE.a(linkdb.o)
                0x000000000000b118                linkDB_State
 .text.linkDB_UpdateMTU
                0x000000000000b148       0x28 H:\Project\AC_Charging_pile\CH573EVT\EVT\EXAM\BLE\LIB\libCH57xBLE.a(linkdb.o)
                0x000000000000b148                linkDB_UpdateMTU
 .text.linkDB_PerformFunc
                0x000000000000b170       0x52 H:\Project\AC_Charging_pile\CH573EVT\EVT\EXAM\BLE\LIB\libCH57xBLE.a(linkdb.o)
                0x000000000000b170                linkDB_PerformFunc
 .text.linkDB_PeripheralLinkNum
                0x000000000000b1c2       0x3e H:\Project\AC_Charging_pile\CH573EVT\EVT\EXAM\BLE\LIB\libCH57xBLE.a(linkdb.o)
                0x000000000000b1c2                linkDB_PeripheralLinkNum
 .text.linkDB_GetSMEvtID
                0x000000000000b200       0x58 H:\Project\AC_Charging_pile\CH573EVT\EVT\EXAM\BLE\LIB\libCH57xBLE.a(linkdb.o)
                0x000000000000b200                linkDB_GetSMEvtID
 .text.linkDB_Add
                0x000000000000b258       0xb2 H:\Project\AC_Charging_pile\CH573EVT\EVT\EXAM\BLE\LIB\libCH57xBLE.a(linkdb.o)
                0x000000000000b258                linkDB_Add
 .text.linkDB_GetHandleFromSMEvtID
                0x000000000000b30a       0x32 H:\Project\AC_Charging_pile\CH573EVT\EVT\EXAM\BLE\LIB\libCH57xBLE.a(linkdb.o)
                0x000000000000b30a                linkDB_GetHandleFromSMEvtID
 .text.linkDB_GetPairingParam
                0x000000000000b33c       0x54 H:\Project\AC_Charging_pile\CH573EVT\EVT\EXAM\BLE\LIB\libCH57xBLE.a(linkdb.o)
                0x000000000000b33c                linkDB_GetPairingParam
 .text.linkDB_NeedSendKey
                0x000000000000b390       0x42 H:\Project\AC_Charging_pile\CH573EVT\EVT\EXAM\BLE\LIB\libCH57xBLE.a(linkdb.o)
                0x000000000000b390                linkDB_NeedSendKey
 .text.smpBuildPairingFailed
                0x000000000000b3d2       0x1a H:\Project\AC_Charging_pile\CH573EVT\EVT\EXAM\BLE\LIB\libCH57xBLE.a(sm.o)
                0x000000000000b3d2                smpBuildPairingFailed
 .text.SM_StartEncryption
                0x000000000000b3ec       0x98 H:\Project\AC_Charging_pile\CH573EVT\EVT\EXAM\BLE\LIB\libCH57xBLE.a(sm.o)
                0x000000000000b3ec                SM_StartEncryption
 .text.smpBuildEncInfo
                0x000000000000b484       0x30 H:\Project\AC_Charging_pile\CH573EVT\EVT\EXAM\BLE\LIB\libCH57xBLE.a(sm.o)
                0x000000000000b484                smpBuildEncInfo
 .text.smpBuildIdentityAddrInfo
                0x000000000000b4b4       0x3a H:\Project\AC_Charging_pile\CH573EVT\EVT\EXAM\BLE\LIB\libCH57xBLE.a(sm.o)
                0x000000000000b4b4                smpBuildIdentityAddrInfo
 .text.smpBuildIdentityInfo
                0x000000000000b4ee       0x30 H:\Project\AC_Charging_pile\CH573EVT\EVT\EXAM\BLE\LIB\libCH57xBLE.a(sm.o)
                0x000000000000b4ee                smpBuildIdentityInfo
 .text.smpBuildMasterID
                0x000000000000b51e       0x44 H:\Project\AC_Charging_pile\CH573EVT\EVT\EXAM\BLE\LIB\libCH57xBLE.a(sm.o)
                0x000000000000b51e                smpBuildMasterID
 .text.smpBuildPairingConfirm
                0x000000000000b562       0x30 H:\Project\AC_Charging_pile\CH573EVT\EVT\EXAM\BLE\LIB\libCH57xBLE.a(sm.o)
                0x000000000000b562                smpBuildPairingConfirm
 .text.smpBuildPairingRandom
                0x000000000000b592       0x30 H:\Project\AC_Charging_pile\CH573EVT\EVT\EXAM\BLE\LIB\libCH57xBLE.a(sm.o)
                0x000000000000b592                smpBuildPairingRandom
 .text.smpBuildSigningInfo
                0x000000000000b5c2       0x30 H:\Project\AC_Charging_pile\CH573EVT\EVT\EXAM\BLE\LIB\libCH57xBLE.a(sm.o)
                0x000000000000b5c2                smpBuildSigningInfo
 .text.SM_ParamInit
                0x000000000000b5f2       0x5a H:\Project\AC_Charging_pile\CH573EVT\EVT\EXAM\BLE\LIB\libCH57xBLE.a(sm.o)
                0x000000000000b5f2                SM_ParamInit
 .text.smDetermineKeySize
                0x000000000000b64c       0x20 H:\Project\AC_Charging_pile\CH573EVT\EVT\EXAM\BLE\LIB\libCH57xBLE.a(sm.o)
                0x000000000000b64c                smDetermineKeySize
 .text.smProcessRandComplete
                0x000000000000b66c       0x9e H:\Project\AC_Charging_pile\CH573EVT\EVT\EXAM\BLE\LIB\libCH57xBLE.a(sm.o)
                0x000000000000b66c                smProcessRandComplete
 .text.smSavePairInfo
                0x000000000000b70a      0x186 H:\Project\AC_Charging_pile\CH573EVT\EVT\EXAM\BLE\LIB\libCH57xBLE.a(sm.o)
                0x000000000000b70a                smSavePairInfo
 .text.smSetPairingReqRsp
                0x000000000000b890       0x38 H:\Project\AC_Charging_pile\CH573EVT\EVT\EXAM\BLE\LIB\libCH57xBLE.a(sm.o)
                0x000000000000b890                smSetPairingReqRsp
 .text.smStartEncryption
                0x000000000000b8c8       0x16 H:\Project\AC_Charging_pile\CH573EVT\EVT\EXAM\BLE\LIB\libCH57xBLE.a(sm.o)
                0x000000000000b8c8                smStartEncryption
 .text.smStartRspTimer
                0x000000000000b8de       0x36 H:\Project\AC_Charging_pile\CH573EVT\EVT\EXAM\BLE\LIB\libCH57xBLE.a(sm.o)
                0x000000000000b8de                smStartRspTimer
 .text.smSendSMMsg
                0x000000000000b914       0x5c H:\Project\AC_Charging_pile\CH573EVT\EVT\EXAM\BLE\LIB\libCH57xBLE.a(sm.o)
                0x000000000000b914                smSendSMMsg
 .text.smGenerateConfirm
                0x000000000000b970       0x34 H:\Project\AC_Charging_pile\CH573EVT\EVT\EXAM\BLE\LIB\libCH57xBLE.a(sm.o)
                0x000000000000b970                smGenerateConfirm
 .text.smGenerateRandMsg
                0x000000000000b9a4       0x34 H:\Project\AC_Charging_pile\CH573EVT\EVT\EXAM\BLE\LIB\libCH57xBLE.a(sm.o)
                0x000000000000b9a4                smGenerateRandMsg
 .text.smPairingSendEncInfo
                0x000000000000b9d8       0x10 H:\Project\AC_Charging_pile\CH573EVT\EVT\EXAM\BLE\LIB\libCH57xBLE.a(sm.o)
                0x000000000000b9d8                smPairingSendEncInfo
 .text.smPairingSendIdentityAddrInfo
                0x000000000000b9e8       0x38 H:\Project\AC_Charging_pile\CH573EVT\EVT\EXAM\BLE\LIB\libCH57xBLE.a(sm.o)
                0x000000000000b9e8                smPairingSendIdentityAddrInfo
 .text.smPairingSendIdentityInfo
                0x000000000000ba20       0x10 H:\Project\AC_Charging_pile\CH573EVT\EVT\EXAM\BLE\LIB\libCH57xBLE.a(sm.o)
                0x000000000000ba20                smPairingSendIdentityInfo
 .text.smPairingSendMasterID
                0x000000000000ba30       0x38 H:\Project\AC_Charging_pile\CH573EVT\EVT\EXAM\BLE\LIB\libCH57xBLE.a(sm.o)
                0x000000000000ba30                smPairingSendMasterID
 .text.smPairingSendSingingInfo
                0x000000000000ba68       0x10 H:\Project\AC_Charging_pile\CH573EVT\EVT\EXAM\BLE\LIB\libCH57xBLE.a(sm.o)
                0x000000000000ba68                smPairingSendSingingInfo
 .text.smInitiatorSendNextKeyInfo
                0x000000000000ba78      0x1c2 H:\Project\AC_Charging_pile\CH573EVT\EVT\EXAM\BLE\LIB\libCH57xBLE.a(sm.o)
                0x000000000000ba78                smInitiatorSendNextKeyInfo
 .text.smResponderSendNextKeyInfo
                0x000000000000bc3a      0x216 H:\Project\AC_Charging_pile\CH573EVT\EVT\EXAM\BLE\LIB\libCH57xBLE.a(sm.o)
                0x000000000000bc3a                smResponderSendNextKeyInfo
 .text.smGeneratePairingReqRsp
                0x000000000000be50       0x3e H:\Project\AC_Charging_pile\CH573EVT\EVT\EXAM\BLE\LIB\libCH57xBLE.a(sm.o)
                0x000000000000be50                smGeneratePairingReqRsp
 .text.smStopRspTimer
                0x000000000000be8e        0xa H:\Project\AC_Charging_pile\CH573EVT\EVT\EXAM\BLE\LIB\libCH57xBLE.a(sm.o)
                0x000000000000be8e                smStopRspTimer
 .text.smFreePairingParams
                0x000000000000be98       0x68 H:\Project\AC_Charging_pile\CH573EVT\EVT\EXAM\BLE\LIB\libCH57xBLE.a(sm.o)
                0x000000000000be98                smFreePairingParams
 .text.smEndPairing
                0x000000000000bf00       0x5c H:\Project\AC_Charging_pile\CH573EVT\EVT\EXAM\BLE\LIB\libCH57xBLE.a(sm.o)
                0x000000000000bf00                smEndPairing
 .text.setupInitiatorKeys
                0x000000000000bf5c       0x82 H:\Project\AC_Charging_pile\CH573EVT\EVT\EXAM\BLE\LIB\libCH57xBLE.a(sm.o)
                0x000000000000bf5c                setupInitiatorKeys
 .text.smNextPairingState
                0x000000000000bfde       0x56 H:\Project\AC_Charging_pile\CH573EVT\EVT\EXAM\BLE\LIB\libCH57xBLE.a(sm.o)
                0x000000000000bfde                smNextPairingState
 .text.smProcessEncryptChange
                0x000000000000c034       0xde H:\Project\AC_Charging_pile\CH573EVT\EVT\EXAM\BLE\LIB\libCH57xBLE.a(sm.o)
                0x000000000000c034                smProcessEncryptChange
 .text.smSendFailAndEnd
                0x000000000000c112       0x38 H:\Project\AC_Charging_pile\CH573EVT\EVT\EXAM\BLE\LIB\libCH57xBLE.a(sm.o)
                0x000000000000c112                smSendFailAndEnd
 .text.smProcessPairingReq
                0x000000000000c14a       0x3c H:\Project\AC_Charging_pile\CH573EVT\EVT\EXAM\BLE\LIB\libCH57xBLE.a(sm.o)
                0x000000000000c14a                smProcessPairingReq
 .text.smLinkCheck
                0x000000000000c186       0x34 H:\Project\AC_Charging_pile\CH573EVT\EVT\EXAM\BLE\LIB\libCH57xBLE.a(sm.o)
                0x000000000000c186                smLinkCheck
 .text.smTimedOut
                0x000000000000c1ba       0x20 H:\Project\AC_Charging_pile\CH573EVT\EVT\EXAM\BLE\LIB\libCH57xBLE.a(sm.o)
                0x000000000000c1ba                smTimedOut
 .text.smUint8ToAuthReq
                0x000000000000c1da        0x6 H:\Project\AC_Charging_pile\CH573EVT\EVT\EXAM\BLE\LIB\libCH57xBLE.a(sm.o)
                0x000000000000c1da                smUint8ToAuthReq
 .text.sm_ah    0x000000000000c1e0       0x7e H:\Project\AC_Charging_pile\CH573EVT\EVT\EXAM\BLE\LIB\libCH57xBLE.a(sm.o)
                0x000000000000c1e0                sm_ah
 .text.sm_xor   0x000000000000c25e       0x24 H:\Project\AC_Charging_pile\CH573EVT\EVT\EXAM\BLE\LIB\libCH57xBLE.a(sm.o)
                0x000000000000c25e                sm_xor
 .text.sm_c1new
                0x000000000000c282      0x11c H:\Project\AC_Charging_pile\CH573EVT\EVT\EXAM\BLE\LIB\libCH57xBLE.a(sm.o)
                0x000000000000c282                sm_c1new
 .text.sm_s1    0x000000000000c39e       0x86 H:\Project\AC_Charging_pile\CH573EVT\EVT\EXAM\BLE\LIB\libCH57xBLE.a(sm.o)
                0x000000000000c39e                sm_s1
 .text.smResponderProcessLTKReq
                0x000000000000c424      0x1b8 H:\Project\AC_Charging_pile\CH573EVT\EVT\EXAM\BLE\LIB\libCH57xBLE.a(sm.o)
                0x000000000000c424                smResponderProcessLTKReq
 .text.xor_128  0x000000000000c5dc       0x28 H:\Project\AC_Charging_pile\CH573EVT\EVT\EXAM\BLE\LIB\libCH57xBLE.a(sm.o)
                0x000000000000c5dc                xor_128
 .text.leftshift_onebit
                0x000000000000c604       0x2e H:\Project\AC_Charging_pile\CH573EVT\EVT\EXAM\BLE\LIB\libCH57xBLE.a(sm.o)
                0x000000000000c604                leftshift_onebit
 .text.padding  0x000000000000c632       0x38 H:\Project\AC_Charging_pile\CH573EVT\EVT\EXAM\BLE\LIB\libCH57xBLE.a(sm.o)
                0x000000000000c632                padding
 .text.generate_subkey
                0x000000000000c66a       0xd0 H:\Project\AC_Charging_pile\CH573EVT\EVT\EXAM\BLE\LIB\libCH57xBLE.a(sm.o)
                0x000000000000c66a                generate_subkey
 .text.sm_CMAC  0x000000000000c73a      0x16e H:\Project\AC_Charging_pile\CH573EVT\EVT\EXAM\BLE\LIB\libCH57xBLE.a(sm.o)
                0x000000000000c73a                sm_CMAC
 .text.smpBuildPairingReqRsp
                0x000000000000c8a8       0xc6 H:\Project\AC_Charging_pile\CH573EVT\EVT\EXAM\BLE\LIB\libCH57xBLE.a(sm.o)
                0x000000000000c8a8                smpBuildPairingReqRsp
 .text.smpBuildPairingReq
                0x000000000000c96e        0xa H:\Project\AC_Charging_pile\CH573EVT\EVT\EXAM\BLE\LIB\libCH57xBLE.a(sm.o)
                0x000000000000c96e                smpBuildPairingReq
 .text.smpBuildPairingRsp
                0x000000000000c978        0xa H:\Project\AC_Charging_pile\CH573EVT\EVT\EXAM\BLE\LIB\libCH57xBLE.a(sm.o)
                0x000000000000c978                smpBuildPairingRsp
 .text.sm_c1    0x000000000000c982       0xb4 H:\Project\AC_Charging_pile\CH573EVT\EVT\EXAM\BLE\LIB\libCH57xBLE.a(sm.o)
                0x000000000000c982                sm_c1
 .text.smpBuildSecurityReq
                0x000000000000ca36       0x1a H:\Project\AC_Charging_pile\CH573EVT\EVT\EXAM\BLE\LIB\libCH57xBLE.a(sm.o)
                0x000000000000ca36                smpBuildSecurityReq
 .text.smpInitiatorProcessPairingRsp
                0x000000000000ca50      0x116 H:\Project\AC_Charging_pile\CH573EVT\EVT\EXAM\BLE\LIB\libCH57xBLE.a(sm.o)
                0x000000000000ca50                smpInitiatorProcessPairingRsp
 .text.smpInitiatorProcessIncoming
                0x000000000000cb66      0x23e H:\Project\AC_Charging_pile\CH573EVT\EVT\EXAM\BLE\LIB\libCH57xBLE.a(sm.o)
                0x000000000000cb66                smpInitiatorProcessIncoming
 .text.smpParseEncInfo
                0x000000000000cda4       0x2a H:\Project\AC_Charging_pile\CH573EVT\EVT\EXAM\BLE\LIB\libCH57xBLE.a(sm.o)
                0x000000000000cda4                smpParseEncInfo
 .text.smpParseIdentityAddrInfo
                0x000000000000cdce       0x34 H:\Project\AC_Charging_pile\CH573EVT\EVT\EXAM\BLE\LIB\libCH57xBLE.a(sm.o)
                0x000000000000cdce                smpParseIdentityAddrInfo
 .text.smpParseIdentityInfo
                0x000000000000ce02       0x2a H:\Project\AC_Charging_pile\CH573EVT\EVT\EXAM\BLE\LIB\libCH57xBLE.a(sm.o)
                0x000000000000ce02                smpParseIdentityInfo
 .text.smpParseMasterID
                0x000000000000ce2c       0x3c H:\Project\AC_Charging_pile\CH573EVT\EVT\EXAM\BLE\LIB\libCH57xBLE.a(sm.o)
                0x000000000000ce2c                smpParseMasterID
 .text.smpParsePairingConfirm
                0x000000000000ce68       0x2a H:\Project\AC_Charging_pile\CH573EVT\EVT\EXAM\BLE\LIB\libCH57xBLE.a(sm.o)
                0x000000000000ce68                smpParsePairingConfirm
 .text.smpParsePairingFailed
                0x000000000000ce92       0x22 H:\Project\AC_Charging_pile\CH573EVT\EVT\EXAM\BLE\LIB\libCH57xBLE.a(sm.o)
                0x000000000000ce92                smpParsePairingFailed
 .text.smpParsePairingRandom
                0x000000000000ceb4       0x2a H:\Project\AC_Charging_pile\CH573EVT\EVT\EXAM\BLE\LIB\libCH57xBLE.a(sm.o)
                0x000000000000ceb4                smpParsePairingRandom
 .text.smpParsePairingReq
                0x000000000000cede      0x118 H:\Project\AC_Charging_pile\CH573EVT\EVT\EXAM\BLE\LIB\libCH57xBLE.a(sm.o)
                0x000000000000cede                smpParsePairingReq
 .text.smpParseSigningInfo
                0x000000000000cff6       0x2a H:\Project\AC_Charging_pile\CH573EVT\EVT\EXAM\BLE\LIB\libCH57xBLE.a(sm.o)
                0x000000000000cff6                smpParseSigningInfo
 .text.smProcessDataMsg
                0x000000000000d020       0xec H:\Project\AC_Charging_pile\CH573EVT\EVT\EXAM\BLE\LIB\libCH57xBLE.a(sm.o)
                0x000000000000d020                smProcessDataMsg
 .text.smProcessTMOSMsg